[0.017s] Invoking command in '/ros2_ws/build/mapviz_interfaces': CMAKE_PREFIX_PATH=/opt/ros/humble /usr/bin/cmake /ros2_ws/src/mapviz/mapviz_interfaces -DAMENT_CMAKE_SYMLINK_INSTALL=1 -DCMAKE_INSTALL_PREFIX=/ros2_ws/install/mapviz_interfaces
[0.489s] -- The C compiler identification is GNU 11.4.0
[0.759s] -- The CXX compiler identification is GNU 11.4.0
[0.775s] -- Detecting C compiler ABI info
[0.866s] -- Detecting C compiler ABI info - done
[0.876s] -- Check for working C compiler: /usr/bin/cc - skipped
[0.877s] -- Detecting C compile features
[0.878s] -- Detecting C compile features - done
[0.884s] -- Detecting CXX compiler ABI info
[0.966s] -- Detecting CXX compiler ABI info - done
[0.978s] -- Check for working CXX compiler: /usr/bin/c++ - skipped
[0.979s] -- Detecting CXX compile features
[0.979s] -- Detecting CXX compile features - done
[0.990s] -- Found ament_cmake: 1.3.12 (/opt/ros/humble/share/ament_cmake/cmake)
[1.170s] -- Found Python3: /usr/bin/python3 (found version "3.10.12") found components: Interpreter 
[1.269s] -- Override CMake install command with custom implementation using symlinks instead of copying resources
[1.332s] -- Found marti_common_msgs: 1.6.1 (/opt/ros/humble/share/marti_common_msgs/cmake)
[1.410s] -- Found rosidl_generator_c: 3.1.8 (/opt/ros/humble/share/rosidl_generator_c/cmake)
[1.420s] -- Found rosidl_adapter: 3.1.8 (/opt/ros/humble/share/rosidl_adapter/cmake)
[1.440s] -- Found rosidl_generator_cpp: 3.1.8 (/opt/ros/humble/share/rosidl_generator_cpp/cmake)
[1.467s] -- Using all available rosidl_typesupport_c: rosidl_typesupport_fastrtps_c;rosidl_typesupport_introspection_c
[1.501s] -- Using all available rosidl_typesupport_cpp: rosidl_typesupport_fastrtps_cpp;rosidl_typesupport_introspection_cpp
[1.580s] -- Found rosidl_default_generators: 1.2.0 (/opt/ros/humble/share/rosidl_default_generators/cmake)
[1.975s] -- Found ament_cmake_ros: 0.10.0 (/opt/ros/humble/share/ament_cmake_ros/cmake)
[2.459s] -- Using all available rosidl_typesupport_c: rosidl_typesupport_fastrtps_c;rosidl_typesupport_introspection_c
[2.643s] -- Using all available rosidl_typesupport_cpp: rosidl_typesupport_fastrtps_cpp;rosidl_typesupport_introspection_cpp
[2.669s] -- Found PythonInterp: /usr/bin/python3 (found suitable version "3.10.12", minimum required is "3.6") 
[2.673s] -- Found python_cmake_module: 0.10.0 (/opt/ros/humble/share/python_cmake_module/cmake)
[2.710s] -- Found PythonLibs: /usr/lib/aarch64-linux-gnu/libpython3.10.so (found suitable version "3.10.12", minimum required is "3.5") 
[2.710s] -- Using PYTHON_EXECUTABLE: /usr/bin/python3
[2.710s] -- Using PYTHON_INCLUDE_DIRS: /usr/include/python3.10
[2.710s] -- Using PYTHON_LIBRARIES: /usr/lib/aarch64-linux-gnu/libpython3.10.so
[2.734s] -- Found PythonExtra: .so  
[2.951s] -- Using numpy include directory: /usr/local/lib/python3.10/dist-packages/numpy/core/include
[2.982s] -- Configuring done
[3.021s] -- Generating done
[3.034s] -- Build files have been written to: /ros2_ws/build/mapviz_interfaces
[3.047s] Invoked command in '/ros2_ws/build/mapviz_interfaces' returned '0': CMAKE_PREFIX_PATH=/opt/ros/humble /usr/bin/cmake /ros2_ws/src/mapviz/mapviz_interfaces -DAMENT_CMAKE_SYMLINK_INSTALL=1 -DCMAKE_INSTALL_PREFIX=/ros2_ws/install/mapviz_interfaces
[3.049s] Invoking command in '/ros2_ws/build/mapviz_interfaces': CMAKE_PREFIX_PATH=/opt/ros/humble /usr/bin/cmake --build /ros2_ws/build/mapviz_interfaces -- -j4 -l4
[3.088s] [  3%] Generating C code for ROS interfaces
[3.099s] [  6%] Generating C++ code for ROS interfaces
[3.109s] [  6%] Built target ament_cmake_python_symlink_mapviz_interfaces
[3.387s] running egg_info
[3.388s] creating mapviz_interfaces.egg-info
[3.389s] writing mapviz_interfaces.egg-info/PKG-INFO
[3.389s] writing dependency_links to mapviz_interfaces.egg-info/dependency_links.txt
[3.390s] writing top-level names to mapviz_interfaces.egg-info/top_level.txt
[3.390s] writing manifest file 'mapviz_interfaces.egg-info/SOURCES.txt'
[3.395s] reading manifest file 'mapviz_interfaces.egg-info/SOURCES.txt'
[3.395s] writing manifest file 'mapviz_interfaces.egg-info/SOURCES.txt'
[3.447s] [  6%] Built target ament_cmake_python_build_mapviz_interfaces_egg
[3.626s] [  6%] Built target mapviz_interfaces__cpp
[3.632s] [  9%] Building C object CMakeFiles/mapviz_interfaces__rosidl_generator_c.dir/rosidl_generator_c/mapviz_interfaces/srv/detail/add_mapviz_display__functions.c.o
[3.640s] [ 19%] Generating C++ type support dispatch for ROS interfaces
[3.640s] [ 19%] Generating C++ introspection for ROS interfaces
[3.640s] [ 19%] Generating C++ type support for eProsima Fast-RTPS
[3.809s] [ 22%] Linking C shared library libmapviz_interfaces__rosidl_generator_c.so
[3.871s] [ 22%] Built target mapviz_interfaces__rosidl_generator_c
[3.883s] [ 25%] Generating C type support for eProsima Fast-RTPS
[4.132s] [ 29%] Building CXX object CMakeFiles/mapviz_interfaces__rosidl_typesupport_cpp.dir/rosidl_typesupport_cpp/mapviz_interfaces/srv/add_mapviz_display__type_support.cpp.o
[4.198s] [ 32%] Building CXX object CMakeFiles/mapviz_interfaces__rosidl_typesupport_introspection_cpp.dir/rosidl_typesupport_introspection_cpp/mapviz_interfaces/srv/detail/add_mapviz_display__type_support.cpp.o
[4.207s] [ 35%] Building CXX object CMakeFiles/mapviz_interfaces__rosidl_typesupport_fastrtps_cpp.dir/rosidl_typesupport_fastrtps_cpp/mapviz_interfaces/srv/detail/dds_fastrtps/add_mapviz_display__type_support.cpp.o
[4.521s] [ 38%] Building CXX object CMakeFiles/mapviz_interfaces__rosidl_typesupport_fastrtps_c.dir/rosidl_typesupport_fastrtps_c/mapviz_interfaces/srv/detail/add_mapviz_display__type_support_c.cpp.o
[4.700s] [ 41%] Linking CXX shared library libmapviz_interfaces__rosidl_typesupport_cpp.so
[4.763s] [ 41%] Built target mapviz_interfaces__rosidl_typesupport_cpp
[4.782s] [ 45%] Generating C introspection for ROS interfaces
[4.926s] [ 48%] Linking CXX shared library libmapviz_interfaces__rosidl_typesupport_introspection_cpp.so
[5.068s] [ 51%] Linking CXX shared library libmapviz_interfaces__rosidl_typesupport_fastrtps_cpp.so
[5.076s] [ 51%] Built target mapviz_interfaces__rosidl_typesupport_introspection_cpp
[5.089s] [ 54%] Generating C type support dispatch for ROS interfaces
[5.179s] [ 58%] Linking CXX shared library libmapviz_interfaces__rosidl_typesupport_fastrtps_c.so
[5.196s] [ 58%] Built target mapviz_interfaces__rosidl_typesupport_fastrtps_cpp
[5.415s] [ 58%] Built target mapviz_interfaces__rosidl_typesupport_fastrtps_c
[5.497s] [ 61%] Building C object CMakeFiles/mapviz_interfaces__rosidl_typesupport_introspection_c.dir/rosidl_typesupport_introspection_c/mapviz_interfaces/srv/detail/add_mapviz_display__type_support.c.o
[5.551s] [ 64%] Linking C shared library libmapviz_interfaces__rosidl_typesupport_introspection_c.so
[5.568s] [ 67%] Building CXX object CMakeFiles/mapviz_interfaces__rosidl_typesupport_c.dir/rosidl_typesupport_c/mapviz_interfaces/srv/add_mapviz_display__type_support.cpp.o
[5.586s] [ 67%] Built target mapviz_interfaces__rosidl_typesupport_introspection_c
[5.607s] [ 70%] Linking CXX shared library libmapviz_interfaces__rosidl_typesupport_c.so
[5.648s] [ 70%] Built target mapviz_interfaces__rosidl_typesupport_c
[5.665s] [ 70%] Built target mapviz_interfaces
[5.684s] [ 74%] Generating Python code for ROS interfaces
[6.358s] [ 74%] Built target mapviz_interfaces__py
[6.377s] [ 77%] Building C object CMakeFiles/mapviz_interfaces__rosidl_generator_py.dir/rosidl_generator_py/mapviz_interfaces/srv/_add_mapviz_display_s.c.o
[6.562s] [ 80%] Linking C shared library rosidl_generator_py/mapviz_interfaces/libmapviz_interfaces__rosidl_generator_py.so
[6.611s] [ 80%] Built target mapviz_interfaces__rosidl_generator_py
[6.633s] [ 90%] Building C object CMakeFiles/mapviz_interfaces__rosidl_typesupport_fastrtps_c__pyext.dir/rosidl_generator_py/mapviz_interfaces/_mapviz_interfaces_s.ep.rosidl_typesupport_fastrtps_c.c.o
[6.633s] [ 90%] Building C object CMakeFiles/mapviz_interfaces__rosidl_typesupport_introspection_c__pyext.dir/rosidl_generator_py/mapviz_interfaces/_mapviz_interfaces_s.ep.rosidl_typesupport_introspection_c.c.o
[6.634s] [ 90%] Building C object CMakeFiles/mapviz_interfaces__rosidl_typesupport_c__pyext.dir/rosidl_generator_py/mapviz_interfaces/_mapviz_interfaces_s.ep.rosidl_typesupport_c.c.o
[6.764s] [ 93%] Linking C shared library rosidl_generator_py/mapviz_interfaces/mapviz_interfaces_s__rosidl_typesupport_fastrtps_c.cpython-310-aarch64-linux-gnu.so
[6.764s] [ 96%] Linking C shared library rosidl_generator_py/mapviz_interfaces/mapviz_interfaces_s__rosidl_typesupport_introspection_c.cpython-310-aarch64-linux-gnu.so
[6.772s] [100%] Linking C shared library rosidl_generator_py/mapviz_interfaces/mapviz_interfaces_s__rosidl_typesupport_c.cpython-310-aarch64-linux-gnu.so
[6.831s] [100%] Built target mapviz_interfaces__rosidl_typesupport_introspection_c__pyext
[6.836s] [100%] Built target mapviz_interfaces__rosidl_typesupport_fastrtps_c__pyext
[6.838s] [100%] Built target mapviz_interfaces__rosidl_typesupport_c__pyext
[6.848s] Invoked command in '/ros2_ws/build/mapviz_interfaces' returned '0': CMAKE_PREFIX_PATH=/opt/ros/humble /usr/bin/cmake --build /ros2_ws/build/mapviz_interfaces -- -j4 -l4
[6.858s] Invoking command in '/ros2_ws/build/mapviz_interfaces': CMAKE_PREFIX_PATH=/opt/ros/humble /usr/bin/cmake --install /ros2_ws/build/mapviz_interfaces
[6.865s] -- Install configuration: ""
[6.866s] -- Execute custom install script
[6.866s] -- Symlinking: /ros2_ws/install/mapviz_interfaces/share/ament_index/resource_index/rosidl_interfaces/mapviz_interfaces
[6.875s] -- Symlinking: /ros2_ws/install/mapviz_interfaces/include/mapviz_interfaces/mapviz_interfaces/msg/rosidl_generator_c__visibility_control.h
[6.883s] -- Symlinking: /ros2_ws/install/mapviz_interfaces/include/mapviz_interfaces/mapviz_interfaces/srv/add_mapviz_display.h
[6.890s] -- Symlinking: /ros2_ws/install/mapviz_interfaces/include/mapviz_interfaces/mapviz_interfaces/srv/detail/add_mapviz_display__functions.h
[6.898s] -- Symlinking: /ros2_ws/install/mapviz_interfaces/include/mapviz_interfaces/mapviz_interfaces/srv/detail/add_mapviz_display__struct.h
[6.906s] -- Symlinking: /ros2_ws/install/mapviz_interfaces/include/mapviz_interfaces/mapviz_interfaces/srv/detail/add_mapviz_display__type_support.h
[6.915s] -- Symlinking: /ros2_ws/install/mapviz_interfaces/share/mapviz_interfaces/environment/library_path.sh
[6.923s] -- Symlinking: /ros2_ws/install/mapviz_interfaces/share/mapviz_interfaces/environment/library_path.dsv
[6.931s] -- Symlinking: /ros2_ws/install/mapviz_interfaces/include/mapviz_interfaces/mapviz_interfaces/msg/rosidl_typesupport_fastrtps_c__visibility_control.h
[6.939s] -- Symlinking: /ros2_ws/install/mapviz_interfaces/include/mapviz_interfaces/mapviz_interfaces/srv/detail/add_mapviz_display__rosidl_typesupport_fastrtps_c.h
[6.947s] -- Symlinking: /ros2_ws/install/mapviz_interfaces/include/mapviz_interfaces/mapviz_interfaces/msg/rosidl_generator_cpp__visibility_control.hpp
[6.955s] -- Symlinking: /ros2_ws/install/mapviz_interfaces/include/mapviz_interfaces/mapviz_interfaces/srv/add_mapviz_display.hpp
[6.962s] -- Symlinking: /ros2_ws/install/mapviz_interfaces/include/mapviz_interfaces/mapviz_interfaces/srv/detail/add_mapviz_display__builder.hpp
[6.970s] -- Symlinking: /ros2_ws/install/mapviz_interfaces/include/mapviz_interfaces/mapviz_interfaces/srv/detail/add_mapviz_display__struct.hpp
[6.978s] -- Symlinking: /ros2_ws/install/mapviz_interfaces/include/mapviz_interfaces/mapviz_interfaces/srv/detail/add_mapviz_display__traits.hpp
[6.986s] -- Symlinking: /ros2_ws/install/mapviz_interfaces/include/mapviz_interfaces/mapviz_interfaces/srv/detail/add_mapviz_display__type_support.hpp
[6.994s] -- Symlinking: /ros2_ws/install/mapviz_interfaces/include/mapviz_interfaces/mapviz_interfaces/msg/rosidl_typesupport_fastrtps_cpp__visibility_control.h
[7.002s] -- Symlinking: /ros2_ws/install/mapviz_interfaces/include/mapviz_interfaces/mapviz_interfaces/srv/detail/add_mapviz_display__rosidl_typesupport_fastrtps_cpp.hpp
[7.010s] -- Symlinking: /ros2_ws/install/mapviz_interfaces/include/mapviz_interfaces/mapviz_interfaces/msg/rosidl_typesupport_introspection_c__visibility_control.h
[7.017s] -- Symlinking: /ros2_ws/install/mapviz_interfaces/include/mapviz_interfaces/mapviz_interfaces/srv/detail/add_mapviz_display__rosidl_typesupport_introspection_c.h
[7.025s] -- Symlinking: /ros2_ws/install/mapviz_interfaces/include/mapviz_interfaces/mapviz_interfaces/srv/detail/add_mapviz_display__rosidl_typesupport_introspection_cpp.hpp
[7.033s] -- Symlinking: /ros2_ws/install/mapviz_interfaces/share/mapviz_interfaces/environment/pythonpath.sh
[7.041s] -- Symlinking: /ros2_ws/install/mapviz_interfaces/share/mapviz_interfaces/environment/pythonpath.dsv
[7.049s] -- Symlinking: /ros2_ws/install/mapviz_interfaces/local/lib/python3.10/dist-packages/mapviz_interfaces-2.6.1-py3.10.egg-info/PKG-INFO
[7.057s] -- Symlinking: /ros2_ws/install/mapviz_interfaces/local/lib/python3.10/dist-packages/mapviz_interfaces-2.6.1-py3.10.egg-info/SOURCES.txt
[7.065s] -- Symlinking: /ros2_ws/install/mapviz_interfaces/local/lib/python3.10/dist-packages/mapviz_interfaces-2.6.1-py3.10.egg-info/dependency_links.txt
[7.073s] -- Symlinking: /ros2_ws/install/mapviz_interfaces/local/lib/python3.10/dist-packages/mapviz_interfaces-2.6.1-py3.10.egg-info/top_level.txt
[7.081s] -- Symlinking: /ros2_ws/install/mapviz_interfaces/local/lib/python3.10/dist-packages/mapviz_interfaces/__init__.py
[7.089s] -- Symlinking: /ros2_ws/install/mapviz_interfaces/local/lib/python3.10/dist-packages/mapviz_interfaces/_mapviz_interfaces_s.ep.rosidl_typesupport_c.c
[7.096s] -- Symlinking: /ros2_ws/install/mapviz_interfaces/local/lib/python3.10/dist-packages/mapviz_interfaces/_mapviz_interfaces_s.ep.rosidl_typesupport_fastrtps_c.c
[7.104s] -- Symlinking: /ros2_ws/install/mapviz_interfaces/local/lib/python3.10/dist-packages/mapviz_interfaces/_mapviz_interfaces_s.ep.rosidl_typesupport_introspection_c.c
[7.112s] -- Symlinking: /ros2_ws/install/mapviz_interfaces/local/lib/python3.10/dist-packages/mapviz_interfaces/libmapviz_interfaces__rosidl_generator_py.so
[7.120s] -- Symlinking: /ros2_ws/install/mapviz_interfaces/local/lib/python3.10/dist-packages/mapviz_interfaces/mapviz_interfaces_s__rosidl_typesupport_c.cpython-310-aarch64-linux-gnu.so
[7.128s] -- Symlinking: /ros2_ws/install/mapviz_interfaces/local/lib/python3.10/dist-packages/mapviz_interfaces/mapviz_interfaces_s__rosidl_typesupport_fastrtps_c.cpython-310-aarch64-linux-gnu.so
[7.135s] -- Symlinking: /ros2_ws/install/mapviz_interfaces/local/lib/python3.10/dist-packages/mapviz_interfaces/mapviz_interfaces_s__rosidl_typesupport_introspection_c.cpython-310-aarch64-linux-gnu.so
[7.143s] -- Symlinking: /ros2_ws/install/mapviz_interfaces/local/lib/python3.10/dist-packages/mapviz_interfaces/srv/__init__.py
[7.151s] -- Symlinking: /ros2_ws/install/mapviz_interfaces/local/lib/python3.10/dist-packages/mapviz_interfaces/srv/_add_mapviz_display.py
[7.159s] -- Symlinking: /ros2_ws/install/mapviz_interfaces/local/lib/python3.10/dist-packages/mapviz_interfaces/srv/_add_mapviz_display_s.c
[7.167s] -- Up-to-date symlink: /ros2_ws/install/mapviz_interfaces/local/lib/python3.10/dist-packages/mapviz_interfaces/mapviz_interfaces_s__rosidl_typesupport_fastrtps_c.cpython-310-aarch64-linux-gnu.so
[7.167s] -- Up-to-date symlink: /ros2_ws/install/mapviz_interfaces/local/lib/python3.10/dist-packages/mapviz_interfaces/mapviz_interfaces_s__rosidl_typesupport_introspection_c.cpython-310-aarch64-linux-gnu.so
[7.167s] -- Up-to-date symlink: /ros2_ws/install/mapviz_interfaces/local/lib/python3.10/dist-packages/mapviz_interfaces/mapviz_interfaces_s__rosidl_typesupport_c.cpython-310-aarch64-linux-gnu.so
[7.167s] -- Symlinking: /ros2_ws/install/mapviz_interfaces/share/mapviz_interfaces/srv/AddMapvizDisplay.idl
[7.175s] -- Symlinking: /ros2_ws/install/mapviz_interfaces/share/mapviz_interfaces/srv/AddMapvizDisplay.srv
[7.183s] -- Symlinking: /ros2_ws/install/mapviz_interfaces/share/mapviz_interfaces/srv/AddMapvizDisplay_Request.msg
[7.191s] -- Symlinking: /ros2_ws/install/mapviz_interfaces/share/mapviz_interfaces/srv/AddMapvizDisplay_Response.msg
[7.199s] -- Symlinking: /ros2_ws/install/mapviz_interfaces/share/ament_index/resource_index/package_run_dependencies/mapviz_interfaces
[7.208s] -- Symlinking: /ros2_ws/install/mapviz_interfaces/share/ament_index/resource_index/parent_prefix_path/mapviz_interfaces
[7.216s] -- Symlinking: /ros2_ws/install/mapviz_interfaces/share/mapviz_interfaces/environment/ament_prefix_path.sh
[7.224s] -- Symlinking: /ros2_ws/install/mapviz_interfaces/share/mapviz_interfaces/environment/ament_prefix_path.dsv
[7.232s] -- Symlinking: /ros2_ws/install/mapviz_interfaces/share/mapviz_interfaces/environment/path.sh
[7.240s] -- Symlinking: /ros2_ws/install/mapviz_interfaces/share/mapviz_interfaces/environment/path.dsv
[7.248s] -- Symlinking: /ros2_ws/install/mapviz_interfaces/share/mapviz_interfaces/local_setup.bash
[7.256s] -- Symlinking: /ros2_ws/install/mapviz_interfaces/share/mapviz_interfaces/local_setup.sh
[7.264s] -- Symlinking: /ros2_ws/install/mapviz_interfaces/share/mapviz_interfaces/local_setup.zsh
[7.272s] -- Symlinking: /ros2_ws/install/mapviz_interfaces/share/mapviz_interfaces/local_setup.dsv
[7.280s] -- Symlinking: /ros2_ws/install/mapviz_interfaces/share/mapviz_interfaces/package.dsv
[7.288s] -- Symlinking: /ros2_ws/install/mapviz_interfaces/share/ament_index/resource_index/packages/mapviz_interfaces
[7.297s] -- Symlinking: /ros2_ws/install/mapviz_interfaces/share/mapviz_interfaces/cmake/rosidl_cmake-extras.cmake
[7.304s] -- Symlinking: /ros2_ws/install/mapviz_interfaces/share/mapviz_interfaces/cmake/ament_cmake_export_dependencies-extras.cmake
[7.312s] -- Symlinking: /ros2_ws/install/mapviz_interfaces/share/mapviz_interfaces/cmake/ament_cmake_export_include_directories-extras.cmake
[7.320s] -- Symlinking: /ros2_ws/install/mapviz_interfaces/share/mapviz_interfaces/cmake/ament_cmake_export_libraries-extras.cmake
[7.328s] -- Symlinking: /ros2_ws/install/mapviz_interfaces/share/mapviz_interfaces/cmake/ament_cmake_export_targets-extras.cmake
[7.336s] -- Symlinking: /ros2_ws/install/mapviz_interfaces/share/mapviz_interfaces/cmake/rosidl_cmake_export_typesupport_targets-extras.cmake
[7.344s] -- Symlinking: /ros2_ws/install/mapviz_interfaces/share/mapviz_interfaces/cmake/rosidl_cmake_export_typesupport_libraries-extras.cmake
[7.352s] -- Symlinking: /ros2_ws/install/mapviz_interfaces/share/mapviz_interfaces/cmake/mapviz_interfacesConfig.cmake
[7.360s] -- Symlinking: /ros2_ws/install/mapviz_interfaces/share/mapviz_interfaces/cmake/mapviz_interfacesConfig-version.cmake
[7.367s] -- Symlinking: /ros2_ws/install/mapviz_interfaces/share/mapviz_interfaces/package.xml
[7.375s] -- Installing: /ros2_ws/install/mapviz_interfaces/lib/libmapviz_interfaces__rosidl_generator_c.so
[7.376s] -- Set runtime path of "/ros2_ws/install/mapviz_interfaces/lib/libmapviz_interfaces__rosidl_generator_c.so" to ""
[7.376s] -- Installing: /ros2_ws/install/mapviz_interfaces/lib/libmapviz_interfaces__rosidl_typesupport_fastrtps_c.so
[7.376s] -- Set runtime path of "/ros2_ws/install/mapviz_interfaces/lib/libmapviz_interfaces__rosidl_typesupport_fastrtps_c.so" to ""
[7.376s] -- Installing: /ros2_ws/install/mapviz_interfaces/lib/libmapviz_interfaces__rosidl_typesupport_fastrtps_cpp.so
[7.376s] -- Set runtime path of "/ros2_ws/install/mapviz_interfaces/lib/libmapviz_interfaces__rosidl_typesupport_fastrtps_cpp.so" to ""
[7.376s] -- Installing: /ros2_ws/install/mapviz_interfaces/lib/libmapviz_interfaces__rosidl_typesupport_introspection_c.so
[7.377s] -- Set runtime path of "/ros2_ws/install/mapviz_interfaces/lib/libmapviz_interfaces__rosidl_typesupport_introspection_c.so" to ""
[7.377s] -- Installing: /ros2_ws/install/mapviz_interfaces/lib/libmapviz_interfaces__rosidl_typesupport_c.so
[7.377s] -- Set runtime path of "/ros2_ws/install/mapviz_interfaces/lib/libmapviz_interfaces__rosidl_typesupport_c.so" to ""
[7.377s] -- Installing: /ros2_ws/install/mapviz_interfaces/lib/libmapviz_interfaces__rosidl_typesupport_introspection_cpp.so
[7.377s] -- Set runtime path of "/ros2_ws/install/mapviz_interfaces/lib/libmapviz_interfaces__rosidl_typesupport_introspection_cpp.so" to ""
[7.377s] -- Installing: /ros2_ws/install/mapviz_interfaces/lib/libmapviz_interfaces__rosidl_typesupport_cpp.so
[7.378s] -- Set runtime path of "/ros2_ws/install/mapviz_interfaces/lib/libmapviz_interfaces__rosidl_typesupport_cpp.so" to ""
[7.416s] Listing '/ros2_ws/install/mapviz_interfaces/local/lib/python3.10/dist-packages/mapviz_interfaces'...
[7.417s] Compiling '/ros2_ws/install/mapviz_interfaces/local/lib/python3.10/dist-packages/mapviz_interfaces/__init__.py'...
[7.417s] Listing '/ros2_ws/install/mapviz_interfaces/local/lib/python3.10/dist-packages/mapviz_interfaces/srv'...
[7.417s] Compiling '/ros2_ws/install/mapviz_interfaces/local/lib/python3.10/dist-packages/mapviz_interfaces/srv/__init__.py'...
[7.417s] Compiling '/ros2_ws/install/mapviz_interfaces/local/lib/python3.10/dist-packages/mapviz_interfaces/srv/_add_mapviz_display.py'...
[7.425s] -- Installing: /ros2_ws/install/mapviz_interfaces/lib/libmapviz_interfaces__rosidl_generator_py.so
[7.425s] -- Set runtime path of "/ros2_ws/install/mapviz_interfaces/lib/libmapviz_interfaces__rosidl_generator_py.so" to ""
[7.425s] -- Installing: /ros2_ws/install/mapviz_interfaces/share/mapviz_interfaces/cmake/export_mapviz_interfaces__rosidl_generator_cExport.cmake
[7.426s] -- Installing: /ros2_ws/install/mapviz_interfaces/share/mapviz_interfaces/cmake/export_mapviz_interfaces__rosidl_generator_cExport-noconfig.cmake
[7.426s] -- Installing: /ros2_ws/install/mapviz_interfaces/share/mapviz_interfaces/cmake/export_mapviz_interfaces__rosidl_typesupport_fastrtps_cExport.cmake
[7.426s] -- Installing: /ros2_ws/install/mapviz_interfaces/share/mapviz_interfaces/cmake/export_mapviz_interfaces__rosidl_typesupport_fastrtps_cExport-noconfig.cmake
[7.426s] -- Installing: /ros2_ws/install/mapviz_interfaces/share/mapviz_interfaces/cmake/export_mapviz_interfaces__rosidl_generator_cppExport.cmake
[7.426s] -- Installing: /ros2_ws/install/mapviz_interfaces/share/mapviz_interfaces/cmake/export_mapviz_interfaces__rosidl_typesupport_fastrtps_cppExport.cmake
[7.426s] -- Installing: /ros2_ws/install/mapviz_interfaces/share/mapviz_interfaces/cmake/export_mapviz_interfaces__rosidl_typesupport_fastrtps_cppExport-noconfig.cmake
[7.426s] -- Installing: /ros2_ws/install/mapviz_interfaces/share/mapviz_interfaces/cmake/mapviz_interfaces__rosidl_typesupport_introspection_cExport.cmake
[7.426s] -- Installing: /ros2_ws/install/mapviz_interfaces/share/mapviz_interfaces/cmake/mapviz_interfaces__rosidl_typesupport_introspection_cExport-noconfig.cmake
[7.427s] -- Installing: /ros2_ws/install/mapviz_interfaces/share/mapviz_interfaces/cmake/mapviz_interfaces__rosidl_typesupport_cExport.cmake
[7.427s] -- Installing: /ros2_ws/install/mapviz_interfaces/share/mapviz_interfaces/cmake/mapviz_interfaces__rosidl_typesupport_cExport-noconfig.cmake
[7.427s] -- Installing: /ros2_ws/install/mapviz_interfaces/share/mapviz_interfaces/cmake/mapviz_interfaces__rosidl_typesupport_introspection_cppExport.cmake
[7.427s] -- Installing: /ros2_ws/install/mapviz_interfaces/share/mapviz_interfaces/cmake/mapviz_interfaces__rosidl_typesupport_introspection_cppExport-noconfig.cmake
[7.427s] -- Installing: /ros2_ws/install/mapviz_interfaces/share/mapviz_interfaces/cmake/mapviz_interfaces__rosidl_typesupport_cppExport.cmake
[7.427s] -- Installing: /ros2_ws/install/mapviz_interfaces/share/mapviz_interfaces/cmake/mapviz_interfaces__rosidl_typesupport_cppExport-noconfig.cmake
[7.427s] -- Installing: /ros2_ws/install/mapviz_interfaces/share/mapviz_interfaces/cmake/export_mapviz_interfaces__rosidl_generator_pyExport.cmake
[7.427s] -- Installing: /ros2_ws/install/mapviz_interfaces/share/mapviz_interfaces/cmake/export_mapviz_interfaces__rosidl_generator_pyExport-noconfig.cmake
[7.429s] Invoked command in '/ros2_ws/build/mapviz_interfaces' returned '0': CMAKE_PREFIX_PATH=/opt/ros/humble /usr/bin/cmake --install /ros2_ws/build/mapviz_interfaces
