Consolidate compiler generated dependencies of target tile_map
[ 78%] Built target tile_map
Consolidate compiler generated dependencies of target tile_map_plugin
[ 82%] Building CXX object CMakeFiles/tile_map_plugin.dir/include/tile_map/moc_tile_map_plugin.cpp.o
Linking CXX shared library libtile_map_plugin.so
Built target tile_map_plugin
-- Install configuration: ""
-- Execute custom install script
-- Up-to-date symlink: /ros2_ws/install/tile_map/share/tile_map//mapviz_plugins.xml
-- Up-to-date symlink: /ros2_ws/install/tile_map/share/ament_index/resource_index/package_run_dependencies/tile_map
-- Up-to-date symlink: /ros2_ws/install/tile_map/share/ament_index/resource_index/parent_prefix_path/tile_map
-- Up-to-date symlink: /ros2_ws/install/tile_map/share/tile_map/environment/ament_prefix_path.sh
-- Up-to-date symlink: /ros2_ws/install/tile_map/share/tile_map/environment/ament_prefix_path.dsv
-- Up-to-date symlink: /ros2_ws/install/tile_map/share/tile_map/environment/path.sh
-- Up-to-date symlink: /ros2_ws/install/tile_map/share/tile_map/environment/path.dsv
-- Up-to-date symlink: /ros2_ws/install/tile_map/share/tile_map/local_setup.bash
-- Up-to-date symlink: /ros2_ws/install/tile_map/share/tile_map/local_setup.sh
-- Up-to-date symlink: /ros2_ws/install/tile_map/share/tile_map/local_setup.zsh
-- Up-to-date symlink: /ros2_ws/install/tile_map/share/tile_map/local_setup.dsv
-- Symlinking: /ros2_ws/install/tile_map/share/tile_map/package.dsv
-- Up-to-date symlink: /ros2_ws/install/tile_map/share/ament_index/resource_index/packages/tile_map
-- Up-to-date symlink: /ros2_ws/install/tile_map/share/ament_index/resource_index/mapviz__pluginlib__plugin/tile_map
-- Up-to-date symlink: /ros2_ws/install/tile_map/share/tile_map/cmake/ament_cmake_export_targets-extras.cmake
-- Up-to-date symlink: /ros2_ws/install/tile_map/share/tile_map/cmake/ament_cmake_export_dependencies-extras.cmake
-- Up-to-date symlink: /ros2_ws/install/tile_map/share/tile_map/cmake/tile_mapConfig.cmake
-- Up-to-date symlink: /ros2_ws/install/tile_map/share/tile_map/cmake/tile_mapConfig-version.cmake
-- Up-to-date symlink: /ros2_ws/install/tile_map/share/tile_map/package.xml
-- Up-to-date: /ros2_ws/install/tile_map/include/tile_map
-- Up-to-date: /ros2_ws/install/tile_map/include/tile_map/tile_map
-- Up-to-date: /ros2_ws/install/tile_map/include/tile_map/tile_map/tile_map_view.h
-- Up-to-date: /ros2_ws/install/tile_map/include/tile_map/tile_map/tile_source.h
-- Up-to-date: /ros2_ws/install/tile_map/include/tile_map/tile_map/tile_map_plugin.h
-- Up-to-date: /ros2_ws/install/tile_map/include/tile_map/tile_map/image_cache.h
-- Up-to-date: /ros2_ws/install/tile_map/include/tile_map/tile_map/wmts_source.h
-- Up-to-date: /ros2_ws/install/tile_map/include/tile_map/tile_map/stadia_source.h
-- Up-to-date: /ros2_ws/install/tile_map/include/tile_map/tile_map/texture_cache.h
-- Up-to-date: /ros2_ws/install/tile_map/include/tile_map/tile_map/bing_source.h
-- Up-to-date: /ros2_ws/install/tile_map/lib/libtile_map.a
-- Installing: /ros2_ws/install/tile_map/lib/libtile_map_plugin.so
-- Set runtime path of "/ros2_ws/install/tile_map/lib/libtile_map_plugin.so" to ""
-- Up-to-date: /ros2_ws/install/tile_map/share/tile_map/cmake/export_tile_mapExport.cmake
-- Up-to-date: /ros2_ws/install/tile_map/share/tile_map/cmake/export_tile_mapExport-noconfig.cmake
