[0.069s] Invoking command in '/ros2_ws/build/tile_map': AMENT_PREFIX_PATH=/ros2_ws/install/mapviz:/ros2_ws/install/mapviz_interfaces:${AMENT_PREFIX_PATH} CMAKE_PREFIX_PATH=/ros2_ws/install/mapviz:/ros2_ws/install/mapviz_interfaces:/opt/ros/humble LD_LIBRARY_PATH=/ros2_ws/install/mapviz/lib:/ros2_ws/install/mapviz_interfaces/lib:${LD_LIBRARY_PATH} PYTHONPATH=/ros2_ws/install/mapviz_interfaces/local/lib/python3.10/dist-packages:${PYTHONPATH} /usr/bin/cmake --build /ros2_ws/build/tile_map -- -j4 -l4
[0.328s] Consolidate compiler generated dependencies of target tile_map
[0.404s] [ 78%] Built target tile_map
[0.463s] Consolidate compiler generated dependencies of target tile_map_plugin
[0.510s] [ 82%] Building CXX object CMakeFiles/tile_map_plugin.dir/include/tile_map/moc_tile_map_plugin.cpp.o
[15.837s] Linking CXX shared library libtile_map_plugin.so
[21.189s] Built target tile_map_plugin
[21.223s] Invoked command in '/ros2_ws/build/tile_map' returned '0': AMENT_PREFIX_PATH=/ros2_ws/install/mapviz:/ros2_ws/install/mapviz_interfaces:${AMENT_PREFIX_PATH} CMAKE_PREFIX_PATH=/ros2_ws/install/mapviz:/ros2_ws/install/mapviz_interfaces:/opt/ros/humble LD_LIBRARY_PATH=/ros2_ws/install/mapviz/lib:/ros2_ws/install/mapviz_interfaces/lib:${LD_LIBRARY_PATH} PYTHONPATH=/ros2_ws/install/mapviz_interfaces/local/lib/python3.10/dist-packages:${PYTHONPATH} /usr/bin/cmake --build /ros2_ws/build/tile_map -- -j4 -l4
[21.226s] Invoking command in '/ros2_ws/build/tile_map': AMENT_PREFIX_PATH=/ros2_ws/install/mapviz:/ros2_ws/install/mapviz_interfaces:${AMENT_PREFIX_PATH} CMAKE_PREFIX_PATH=/ros2_ws/install/mapviz:/ros2_ws/install/mapviz_interfaces:/opt/ros/humble LD_LIBRARY_PATH=/ros2_ws/install/mapviz/lib:/ros2_ws/install/mapviz_interfaces/lib:${LD_LIBRARY_PATH} PYTHONPATH=/ros2_ws/install/mapviz_interfaces/local/lib/python3.10/dist-packages:${PYTHONPATH} /usr/bin/cmake --install /ros2_ws/build/tile_map
[21.248s] -- Install configuration: ""
[21.254s] -- Execute custom install script
[21.255s] -- Up-to-date symlink: /ros2_ws/install/tile_map/share/tile_map//mapviz_plugins.xml
[21.255s] -- Up-to-date symlink: /ros2_ws/install/tile_map/share/ament_index/resource_index/package_run_dependencies/tile_map
[21.256s] -- Up-to-date symlink: /ros2_ws/install/tile_map/share/ament_index/resource_index/parent_prefix_path/tile_map
[21.257s] -- Up-to-date symlink: /ros2_ws/install/tile_map/share/tile_map/environment/ament_prefix_path.sh
[21.257s] -- Up-to-date symlink: /ros2_ws/install/tile_map/share/tile_map/environment/ament_prefix_path.dsv
[21.257s] -- Up-to-date symlink: /ros2_ws/install/tile_map/share/tile_map/environment/path.sh
[21.259s] -- Up-to-date symlink: /ros2_ws/install/tile_map/share/tile_map/environment/path.dsv
[21.259s] -- Up-to-date symlink: /ros2_ws/install/tile_map/share/tile_map/local_setup.bash
[21.259s] -- Up-to-date symlink: /ros2_ws/install/tile_map/share/tile_map/local_setup.sh
[21.260s] -- Up-to-date symlink: /ros2_ws/install/tile_map/share/tile_map/local_setup.zsh
[21.262s] -- Up-to-date symlink: /ros2_ws/install/tile_map/share/tile_map/local_setup.dsv
[21.262s] -- Symlinking: /ros2_ws/install/tile_map/share/tile_map/package.dsv
[21.290s] -- Up-to-date symlink: /ros2_ws/install/tile_map/share/ament_index/resource_index/packages/tile_map
[21.291s] -- Up-to-date symlink: /ros2_ws/install/tile_map/share/ament_index/resource_index/mapviz__pluginlib__plugin/tile_map
[21.292s] -- Up-to-date symlink: /ros2_ws/install/tile_map/share/tile_map/cmake/ament_cmake_export_targets-extras.cmake
[21.292s] -- Up-to-date symlink: /ros2_ws/install/tile_map/share/tile_map/cmake/ament_cmake_export_dependencies-extras.cmake
[21.292s] -- Up-to-date symlink: /ros2_ws/install/tile_map/share/tile_map/cmake/tile_mapConfig.cmake
[21.294s] -- Up-to-date symlink: /ros2_ws/install/tile_map/share/tile_map/cmake/tile_mapConfig-version.cmake
[21.295s] -- Up-to-date symlink: /ros2_ws/install/tile_map/share/tile_map/package.xml
[21.295s] -- Up-to-date: /ros2_ws/install/tile_map/include/tile_map
[21.295s] -- Up-to-date: /ros2_ws/install/tile_map/include/tile_map/tile_map
[21.296s] -- Up-to-date: /ros2_ws/install/tile_map/include/tile_map/tile_map/tile_map_view.h
[21.296s] -- Up-to-date: /ros2_ws/install/tile_map/include/tile_map/tile_map/tile_source.h
[21.296s] -- Up-to-date: /ros2_ws/install/tile_map/include/tile_map/tile_map/tile_map_plugin.h
[21.296s] -- Up-to-date: /ros2_ws/install/tile_map/include/tile_map/tile_map/image_cache.h
[21.296s] -- Up-to-date: /ros2_ws/install/tile_map/include/tile_map/tile_map/wmts_source.h
[21.296s] -- Up-to-date: /ros2_ws/install/tile_map/include/tile_map/tile_map/stadia_source.h
[21.296s] -- Up-to-date: /ros2_ws/install/tile_map/include/tile_map/tile_map/texture_cache.h
[21.296s] -- Up-to-date: /ros2_ws/install/tile_map/include/tile_map/tile_map/bing_source.h
[21.297s] -- Up-to-date: /ros2_ws/install/tile_map/lib/libtile_map.a
[21.298s] -- Installing: /ros2_ws/install/tile_map/lib/libtile_map_plugin.so
[21.312s] -- Set runtime path of "/ros2_ws/install/tile_map/lib/libtile_map_plugin.so" to ""
[21.312s] -- Up-to-date: /ros2_ws/install/tile_map/share/tile_map/cmake/export_tile_mapExport.cmake
[21.312s] -- Up-to-date: /ros2_ws/install/tile_map/share/tile_map/cmake/export_tile_mapExport-noconfig.cmake
[21.318s] Invoked command in '/ros2_ws/build/tile_map' returned '0': AMENT_PREFIX_PATH=/ros2_ws/install/mapviz:/ros2_ws/install/mapviz_interfaces:${AMENT_PREFIX_PATH} CMAKE_PREFIX_PATH=/ros2_ws/install/mapviz:/ros2_ws/install/mapviz_interfaces:/opt/ros/humble LD_LIBRARY_PATH=/ros2_ws/install/mapviz/lib:/ros2_ws/install/mapviz_interfaces/lib:${LD_LIBRARY_PATH} PYTHONPATH=/ros2_ws/install/mapviz_interfaces/local/lib/python3.10/dist-packages:${PYTHONPATH} /usr/bin/cmake --install /ros2_ws/build/tile_map
