-- The CXX compiler identification is GNU 11.4.0
-- Detecting CXX compiler ABI info
-- Detecting CXX compiler ABI info - done
-- Check for working CXX compiler: /usr/bin/c++ - skipped
-- Detecting CXX compile features
-- Detecting CXX compile features - done
-- Found ament_cmake: 1.3.12 (/opt/ros/humble/share/ament_cmake/cmake)
-- Found Python3: /usr/bin/python3 (found version "3.10.12") found components: Interpreter 
-- Override CMake install command with custom implementation using symlinks instead of copying resources
-- Found geometry_msgs: 4.9.0 (/opt/ros/humble/share/geometry_msgs/cmake)
-- Found rosidl_generator_c: 3.1.8 (/opt/ros/humble/share/rosidl_generator_c/cmake)
-- Found rosidl_adapter: 3.1.8 (/opt/ros/humble/share/rosidl_adapter/cmake)
-- Found rosidl_generator_cpp: 3.1.8 (/opt/ros/humble/share/rosidl_generator_cpp/cmake)
-- Using all available rosidl_typesupport_c: rosidl_typesupport_fastrtps_c;rosidl_typesupport_introspection_c
-- Using all available rosidl_typesupport_cpp: rosidl_typesupport_fastrtps_cpp;rosidl_typesupport_introspection_cpp
-- Found GLEW: /usr/include (found version "2.2.0") 
-- Found PkgConfig: /usr/bin/pkg-config (found version "0.29.2") 
-- Checking for module 'glut'
--   No package 'glut' found
-- Found GLUT: /usr/lib/aarch64-linux-gnu/libglut.so  
-- Found image_transport: 3.1.12 (/opt/ros/humble/share/image_transport/cmake)
-- Found rmw_implementation_cmake: 6.1.2 (/opt/ros/humble/share/rmw_implementation_cmake/cmake)
-- Found rmw_fastrtps_cpp: 6.2.9 (/opt/ros/humble/share/rmw_fastrtps_cpp/cmake)
-- Found OpenSSL: /usr/lib/aarch64-linux-gnu/libcrypto.so (found version "3.0.2")  
-- Found FastRTPS: /opt/ros/humble/include  
-- Using RMW implementation 'rmw_fastrtps_cpp' as default
-- Looking for C++ include pthread.h
-- Looking for C++ include pthread.h - found
-- Performing Test CMAKE_HAVE_LIBC_PTHREAD
-- Performing Test CMAKE_HAVE_LIBC_PTHREAD - Success
-- Found Threads: TRUE  
-- Found mapviz_interfaces: 2.6.1 (/ros2_ws/install/mapviz_interfaces/share/mapviz_interfaces/cmake)
-- Found OpenCV: /usr (found version "4.5.4") found components: core imgproc imgcodecs videoio 
-- Found OpenGL: /usr/lib/aarch64-linux-gnu/libOpenGL.so   
-- Found rqt_gui_cpp: 1.1.9 (/opt/ros/humble/share/rqt_gui_cpp/cmake)
-- Found std_srvs: 4.9.0 (/opt/ros/humble/share/std_srvs/cmake)
-- Found swri_math_util: 3.8.7 (/opt/ros/humble/share/swri_math_util/cmake)
-- Found swri_transform_util: 3.8.7 (/opt/ros/humble/share/swri_transform_util/cmake)
-- Found GeographicLib: /usr/lib/aarch64-linux-gnu  
-- Found eigen3_cmake_module: 0.1.1 (/opt/ros/humble/share/eigen3_cmake_module/cmake)
-- Found Eigen3: TRUE (found version "3.4.0") 
-- Ensuring Eigen3 include directory is part of orocos-kdl CMake target
-- Checking for module 'yaml-cpp'
--   Found yaml-cpp, version 0.7.0
-- Configuring done
-- Generating done
-- Build files have been written to: /ros2_ws/build/mapviz
[ 10%] Generating include/mapviz/moc_config_item.cpp
[ 10%] Generating ui_pluginselect.h
[ 10%] Generating include/mapviz/moc_map_canvas.cpp
[ 10%] Generating include/mapviz/moc_color_button.cpp
[ 18%] Generating include/mapviz/moc_rqt_mapviz.cpp
[ 18%] Generating include/mapviz/moc_mapviz_plugin.cpp
[ 18%] Generating include/mapviz/moc_mapviz.cpp
[ 24%] Generating include/mapviz/moc_video_writer.cpp
[ 24%] Generating include/mapviz/moc_select_service_dialog.cpp
[ 27%] Generating include/mapviz/moc_select_frame_dialog.cpp
[ 32%] Generating qrc_icons.cpp
[ 32%] Generating include/mapviz/moc_widgets.cpp
[ 35%] Generating ui_configitem.h
[ 37%] Generating ui_mapviz.h
[ 48%] Building CXX object CMakeFiles/rqt_mapviz.dir/include/mapviz/moc_map_canvas.cpp.o
[ 48%] Building CXX object CMakeFiles/rqt_mapviz.dir/include/mapviz/moc_color_button.cpp.o
[ 48%] Building CXX object CMakeFiles/rqt_mapviz.dir/include/mapviz/moc_mapviz.cpp.o
[ 48%] Building CXX object CMakeFiles/rqt_mapviz.dir/include/mapviz/moc_config_item.cpp.o
[ 51%] Building CXX object CMakeFiles/rqt_mapviz.dir/include/mapviz/moc_mapviz_plugin.cpp.o
[ 54%] Building CXX object CMakeFiles/rqt_mapviz.dir/include/mapviz/moc_rqt_mapviz.cpp.o
[ 56%] Building CXX object CMakeFiles/rqt_mapviz.dir/include/mapviz/moc_select_frame_dialog.cpp.o
[ 59%] Building CXX object CMakeFiles/rqt_mapviz.dir/include/mapviz/moc_select_service_dialog.cpp.o
[ 62%] Building CXX object CMakeFiles/rqt_mapviz.dir/include/mapviz/moc_video_writer.cpp.o
[ 64%] Building CXX object CMakeFiles/rqt_mapviz.dir/include/mapviz/moc_widgets.cpp.o
[ 67%] Building CXX object CMakeFiles/rqt_mapviz.dir/src/mapviz.cpp.o
[ 70%] Building CXX object CMakeFiles/rqt_mapviz.dir/src/color_button.cpp.o
[ 72%] Building CXX object CMakeFiles/rqt_mapviz.dir/src/config_item.cpp.o
[ 75%] Building CXX object CMakeFiles/rqt_mapviz.dir/src/mapviz_application.cpp.o
[ 78%] Building CXX object CMakeFiles/rqt_mapviz.dir/src/map_canvas.cpp.o
[ 81%] Building CXX object CMakeFiles/rqt_mapviz.dir/src/rqt_mapviz.cpp.o
[ 83%] Building CXX object CMakeFiles/rqt_mapviz.dir/src/select_frame_dialog.cpp.o
[ 86%] Building CXX object CMakeFiles/rqt_mapviz.dir/src/select_service_dialog.cpp.o
[ 89%] Building CXX object CMakeFiles/rqt_mapviz.dir/src/video_writer.cpp.o
[ 91%] Building CXX object CMakeFiles/rqt_mapviz.dir/qrc_icons.cpp.o
[ 94%] Linking CXX static library librqt_mapviz.a
[ 94%] Built target rqt_mapviz
[ 97%] Building CXX object CMakeFiles/mapviz.dir/src/mapviz_main.cpp.o
[100%] Linking CXX executable mapviz
[100%] Built target mapviz
-- Install configuration: ""
-- Execute custom install script
-- Symlinking: /ros2_ws/install/mapviz/lib/mapviz/mapviz
-- Symlinking: /ros2_ws/install/mapviz/share/mapviz/launch/mapviz.launch.py
-- Symlinking: /ros2_ws/install/mapviz/share/mapviz/launch/mapviz.launch.xml
-- Symlinking: /ros2_ws/install/mapviz/share/mapviz/plugin.xml
-- Symlinking: /ros2_ws/install/mapviz/share/mapviz/environment/library_path.sh
-- Symlinking: /ros2_ws/install/mapviz/share/mapviz/environment/library_path.dsv
-- Symlinking: /ros2_ws/install/mapviz/share/ament_index/resource_index/package_run_dependencies/mapviz
-- Symlinking: /ros2_ws/install/mapviz/share/ament_index/resource_index/parent_prefix_path/mapviz
-- Symlinking: /ros2_ws/install/mapviz/share/mapviz/environment/ament_prefix_path.sh
-- Symlinking: /ros2_ws/install/mapviz/share/mapviz/environment/ament_prefix_path.dsv
-- Symlinking: /ros2_ws/install/mapviz/share/mapviz/environment/path.sh
-- Symlinking: /ros2_ws/install/mapviz/share/mapviz/environment/path.dsv
-- Symlinking: /ros2_ws/install/mapviz/share/mapviz/local_setup.bash
-- Symlinking: /ros2_ws/install/mapviz/share/mapviz/local_setup.sh
-- Symlinking: /ros2_ws/install/mapviz/share/mapviz/local_setup.zsh
-- Symlinking: /ros2_ws/install/mapviz/share/mapviz/local_setup.dsv
-- Symlinking: /ros2_ws/install/mapviz/share/mapviz/package.dsv
-- Symlinking: /ros2_ws/install/mapviz/share/ament_index/resource_index/packages/mapviz
-- Symlinking: /ros2_ws/install/mapviz/share/mapviz/cmake/ament_cmake_export_targets-extras.cmake
-- Symlinking: /ros2_ws/install/mapviz/share/mapviz/cmake/ament_cmake_export_dependencies-extras.cmake
-- Symlinking: /ros2_ws/install/mapviz/share/mapviz/cmake/mapvizConfig.cmake
-- Symlinking: /ros2_ws/install/mapviz/share/mapviz/cmake/mapvizConfig-version.cmake
-- Symlinking: /ros2_ws/install/mapviz/share/mapviz/package.xml
-- Installing: /ros2_ws/install/mapviz/include/mapviz
-- Installing: /ros2_ws/install/mapviz/include/mapviz/mapviz
-- Installing: /ros2_ws/install/mapviz/include/mapviz/mapviz/rqt_mapviz.h
-- Installing: /ros2_ws/install/mapviz/include/mapviz/mapviz/mapviz_application.h
-- Installing: /ros2_ws/install/mapviz/include/mapviz/mapviz/config_item.h
-- Installing: /ros2_ws/install/mapviz/include/mapviz/mapviz/video_writer.h
-- Installing: /ros2_ws/install/mapviz/include/mapviz/mapviz/color_button.h
-- Installing: /ros2_ws/install/mapviz/include/mapviz/mapviz/mapviz_plugin.h
-- Installing: /ros2_ws/install/mapviz/include/mapviz/mapviz/select_frame_dialog.h
-- Installing: /ros2_ws/install/mapviz/include/mapviz/mapviz/widgets.h
-- Installing: /ros2_ws/install/mapviz/include/mapviz/mapviz/stopwatch.h
-- Installing: /ros2_ws/install/mapviz/include/mapviz/mapviz/map_canvas.h
-- Installing: /ros2_ws/install/mapviz/include/mapviz/mapviz/select_service_dialog.h
-- Installing: /ros2_ws/install/mapviz/lib/librqt_mapviz.a
-- Installing: /ros2_ws/install/mapviz/share/mapviz/cmake/export_mapvizExport.cmake
-- Installing: /ros2_ws/install/mapviz/share/mapviz/cmake/export_mapvizExport-noconfig.cmake
