[0.009s] Invoking command in '/ros2_ws/build/mapviz': AMENT_PREFIX_PATH=/ros2_ws/install/mapviz_interfaces:${AMENT_PREFIX_PATH} CMAKE_PREFIX_PATH=/ros2_ws/install/mapviz_interfaces:/opt/ros/humble LD_LIBRARY_PATH=/ros2_ws/install/mapviz_interfaces/lib:${LD_LIBRARY_PATH} PYTHONPATH=/ros2_ws/install/mapviz_interfaces/local/lib/python3.10/dist-packages:${PYTHONPATH} /usr/bin/cmake /ros2_ws/src/mapviz/mapviz -DAMENT_CMAKE_SYMLINK_INSTALL=1 -DCMAKE_INSTALL_PREFIX=/ros2_ws/install/mapviz
[0.076s] -- The CXX compiler identification is GNU 11.4.0
[0.084s] -- Detecting CXX compiler ABI info
[0.159s] -- Detecting CXX compiler ABI info - done
[0.169s] -- Check for working CXX compiler: /usr/bin/c++ - skipped
[0.170s] -- Detecting CXX compile features
[0.170s] -- Detecting CXX compile features - done
[0.174s] -- Found ament_cmake: 1.3.12 (/opt/ros/humble/share/ament_cmake/cmake)
[0.347s] -- Found Python3: /usr/bin/python3 (found version "3.10.12") found components: Interpreter 
[0.426s] -- Override CMake install command with custom implementation using symlinks instead of copying resources
[0.464s] -- Found geometry_msgs: 4.9.0 (/opt/ros/humble/share/geometry_msgs/cmake)
[0.513s] -- Found rosidl_generator_c: 3.1.8 (/opt/ros/humble/share/rosidl_generator_c/cmake)
[0.520s] -- Found rosidl_adapter: 3.1.8 (/opt/ros/humble/share/rosidl_adapter/cmake)
[0.531s] -- Found rosidl_generator_cpp: 3.1.8 (/opt/ros/humble/share/rosidl_generator_cpp/cmake)
[0.547s] -- Using all available rosidl_typesupport_c: rosidl_typesupport_fastrtps_c;rosidl_typesupport_introspection_c
[0.568s] -- Using all available rosidl_typesupport_cpp: rosidl_typesupport_fastrtps_cpp;rosidl_typesupport_introspection_cpp
[0.695s] -- Found GLEW: /usr/include (found version "2.2.0") 
[0.712s] -- Found PkgConfig: /usr/bin/pkg-config (found version "0.29.2") 
[0.712s] -- Checking for module 'glut'
[0.717s] --   No package 'glut' found
[0.720s] -- Found GLUT: /usr/lib/aarch64-linux-gnu/libglut.so  
[0.724s] -- Found image_transport: 3.1.12 (/opt/ros/humble/share/image_transport/cmake)
[0.825s] -- Found rmw_implementation_cmake: 6.1.2 (/opt/ros/humble/share/rmw_implementation_cmake/cmake)
[0.832s] -- Found rmw_fastrtps_cpp: 6.2.9 (/opt/ros/humble/share/rmw_fastrtps_cpp/cmake)
[0.943s] -- Found OpenSSL: /usr/lib/aarch64-linux-gnu/libcrypto.so (found version "3.0.2")  
[0.977s] -- Found FastRTPS: /opt/ros/humble/include  
[1.038s] -- Using RMW implementation 'rmw_fastrtps_cpp' as default
[1.059s] -- Looking for C++ include pthread.h
[1.143s] -- Looking for C++ include pthread.h - found
[1.143s] -- Performing Test CMAKE_HAVE_LIBC_PTHREAD
[1.227s] -- Performing Test CMAKE_HAVE_LIBC_PTHREAD - Success
[1.228s] -- Found Threads: TRUE  
[1.391s] -- Found mapviz_interfaces: 2.6.1 (/ros2_ws/install/mapviz_interfaces/share/mapviz_interfaces/cmake)
[1.450s] -- Found OpenCV: /usr (found version "4.5.4") found components: core imgproc imgcodecs videoio 
[1.457s] -- Found OpenGL: /usr/lib/aarch64-linux-gnu/libOpenGL.so   
[1.511s] -- Found rqt_gui_cpp: 1.1.9 (/opt/ros/humble/share/rqt_gui_cpp/cmake)
[1.529s] -- Found std_srvs: 4.9.0 (/opt/ros/humble/share/std_srvs/cmake)
[1.551s] -- Found swri_math_util: 3.8.7 (/opt/ros/humble/share/swri_math_util/cmake)
[1.555s] -- Found swri_transform_util: 3.8.7 (/opt/ros/humble/share/swri_transform_util/cmake)
[1.571s] -- Found GeographicLib: /usr/lib/aarch64-linux-gnu  
[1.617s] -- Found eigen3_cmake_module: 0.1.1 (/opt/ros/humble/share/eigen3_cmake_module/cmake)
[1.620s] -- Found Eigen3: TRUE (found version "3.4.0") 
[1.620s] -- Ensuring Eigen3 include directory is part of orocos-kdl CMake target
[1.805s] -- Checking for module 'yaml-cpp'
[1.814s] --   Found yaml-cpp, version 0.7.0
[1.964s] -- Configuring done
[2.018s] -- Generating done
[2.027s] -- Build files have been written to: /ros2_ws/build/mapviz
[2.042s] Invoked command in '/ros2_ws/build/mapviz' returned '0': AMENT_PREFIX_PATH=/ros2_ws/install/mapviz_interfaces:${AMENT_PREFIX_PATH} CMAKE_PREFIX_PATH=/ros2_ws/install/mapviz_interfaces:/opt/ros/humble LD_LIBRARY_PATH=/ros2_ws/install/mapviz_interfaces/lib:${LD_LIBRARY_PATH} PYTHONPATH=/ros2_ws/install/mapviz_interfaces/local/lib/python3.10/dist-packages:${PYTHONPATH} /usr/bin/cmake /ros2_ws/src/mapviz/mapviz -DAMENT_CMAKE_SYMLINK_INSTALL=1 -DCMAKE_INSTALL_PREFIX=/ros2_ws/install/mapviz
[2.043s] Invoking command in '/ros2_ws/build/mapviz': AMENT_PREFIX_PATH=/ros2_ws/install/mapviz_interfaces:${AMENT_PREFIX_PATH} CMAKE_PREFIX_PATH=/ros2_ws/install/mapviz_interfaces:/opt/ros/humble LD_LIBRARY_PATH=/ros2_ws/install/mapviz_interfaces/lib:${LD_LIBRARY_PATH} PYTHONPATH=/ros2_ws/install/mapviz_interfaces/local/lib/python3.10/dist-packages:${PYTHONPATH} /usr/bin/cmake --build /ros2_ws/build/mapviz -- -j4 -l4
[2.085s] [ 10%] Generating include/mapviz/moc_config_item.cpp
[2.086s] [ 10%] Generating ui_pluginselect.h
[2.086s] [ 10%] Generating include/mapviz/moc_map_canvas.cpp
[2.086s] [ 10%] Generating include/mapviz/moc_color_button.cpp
[2.120s] [ 18%] Generating include/mapviz/moc_rqt_mapviz.cpp
[2.120s] [ 18%] Generating include/mapviz/moc_mapviz_plugin.cpp
[2.120s] [ 18%] Generating include/mapviz/moc_mapviz.cpp
[2.132s] [ 24%] Generating include/mapviz/moc_video_writer.cpp
[2.132s] [ 24%] Generating include/mapviz/moc_select_service_dialog.cpp
[2.132s] [ 27%] Generating include/mapviz/moc_select_frame_dialog.cpp
[2.144s] [ 32%] Generating qrc_icons.cpp
[2.144s] [ 32%] Generating include/mapviz/moc_widgets.cpp
[2.145s] [ 35%] Generating ui_configitem.h
[2.156s] [ 37%] Generating ui_mapviz.h
[2.267s] [ 48%] Building CXX object CMakeFiles/rqt_mapviz.dir/include/mapviz/moc_map_canvas.cpp.o
[2.267s] [ 48%] Building CXX object CMakeFiles/rqt_mapviz.dir/include/mapviz/moc_color_button.cpp.o
[2.267s] [ 48%] Building CXX object CMakeFiles/rqt_mapviz.dir/include/mapviz/moc_mapviz.cpp.o
[2.268s] [ 48%] Building CXX object CMakeFiles/rqt_mapviz.dir/include/mapviz/moc_config_item.cpp.o
[4.055s] [ 51%] Building CXX object CMakeFiles/rqt_mapviz.dir/include/mapviz/moc_mapviz_plugin.cpp.o
[4.511s] [ 54%] Building CXX object CMakeFiles/rqt_mapviz.dir/include/mapviz/moc_rqt_mapviz.cpp.o
[11.015s] [ 56%] Building CXX object CMakeFiles/rqt_mapviz.dir/include/mapviz/moc_select_frame_dialog.cpp.o
[12.844s] [ 59%] Building CXX object CMakeFiles/rqt_mapviz.dir/include/mapviz/moc_select_service_dialog.cpp.o
[16.983s] [ 62%] Building CXX object CMakeFiles/rqt_mapviz.dir/include/mapviz/moc_video_writer.cpp.o
[18.433s] [ 64%] Building CXX object CMakeFiles/rqt_mapviz.dir/include/mapviz/moc_widgets.cpp.o
[18.469s] [ 67%] Building CXX object CMakeFiles/rqt_mapviz.dir/src/mapviz.cpp.o
[18.791s] [ 70%] Building CXX object CMakeFiles/rqt_mapviz.dir/src/color_button.cpp.o
[19.860s] [ 72%] Building CXX object CMakeFiles/rqt_mapviz.dir/src/config_item.cpp.o
[20.467s] [ 75%] Building CXX object CMakeFiles/rqt_mapviz.dir/src/mapviz_application.cpp.o
[20.795s] [ 78%] Building CXX object CMakeFiles/rqt_mapviz.dir/src/map_canvas.cpp.o
[22.283s] [ 81%] Building CXX object CMakeFiles/rqt_mapviz.dir/src/rqt_mapviz.cpp.o
[26.567s] [ 83%] Building CXX object CMakeFiles/rqt_mapviz.dir/src/select_frame_dialog.cpp.o
[30.891s] [ 86%] Building CXX object CMakeFiles/rqt_mapviz.dir/src/select_service_dialog.cpp.o
[34.472s] [ 89%] Building CXX object CMakeFiles/rqt_mapviz.dir/src/video_writer.cpp.o
[36.429s] [ 91%] Building CXX object CMakeFiles/rqt_mapviz.dir/qrc_icons.cpp.o
[47.449s] [ 94%] Linking CXX static library librqt_mapviz.a
[48.171s] [ 94%] Built target rqt_mapviz
[48.192s] [ 97%] Building CXX object CMakeFiles/mapviz.dir/src/mapviz_main.cpp.o
[57.292s] [100%] Linking CXX executable mapviz
[62.895s] [100%] Built target mapviz
[62.910s] Invoked command in '/ros2_ws/build/mapviz' returned '0': AMENT_PREFIX_PATH=/ros2_ws/install/mapviz_interfaces:${AMENT_PREFIX_PATH} CMAKE_PREFIX_PATH=/ros2_ws/install/mapviz_interfaces:/opt/ros/humble LD_LIBRARY_PATH=/ros2_ws/install/mapviz_interfaces/lib:${LD_LIBRARY_PATH} PYTHONPATH=/ros2_ws/install/mapviz_interfaces/local/lib/python3.10/dist-packages:${PYTHONPATH} /usr/bin/cmake --build /ros2_ws/build/mapviz -- -j4 -l4
[62.913s] Invoking command in '/ros2_ws/build/mapviz': AMENT_PREFIX_PATH=/ros2_ws/install/mapviz_interfaces:${AMENT_PREFIX_PATH} CMAKE_PREFIX_PATH=/ros2_ws/install/mapviz_interfaces:/opt/ros/humble LD_LIBRARY_PATH=/ros2_ws/install/mapviz_interfaces/lib:${LD_LIBRARY_PATH} PYTHONPATH=/ros2_ws/install/mapviz_interfaces/local/lib/python3.10/dist-packages:${PYTHONPATH} /usr/bin/cmake --install /ros2_ws/build/mapviz
[62.920s] -- Install configuration: ""
[62.921s] -- Execute custom install script
[62.923s] -- Symlinking: /ros2_ws/install/mapviz/lib/mapviz/mapviz
[62.932s] -- Symlinking: /ros2_ws/install/mapviz/share/mapviz/launch/mapviz.launch.py
[62.940s] -- Symlinking: /ros2_ws/install/mapviz/share/mapviz/launch/mapviz.launch.xml
[62.948s] -- Symlinking: /ros2_ws/install/mapviz/share/mapviz/plugin.xml
[62.956s] -- Symlinking: /ros2_ws/install/mapviz/share/mapviz/environment/library_path.sh
[62.965s] -- Symlinking: /ros2_ws/install/mapviz/share/mapviz/environment/library_path.dsv
[62.975s] -- Symlinking: /ros2_ws/install/mapviz/share/ament_index/resource_index/package_run_dependencies/mapviz
[62.983s] -- Symlinking: /ros2_ws/install/mapviz/share/ament_index/resource_index/parent_prefix_path/mapviz
[62.992s] -- Symlinking: /ros2_ws/install/mapviz/share/mapviz/environment/ament_prefix_path.sh
[63.000s] -- Symlinking: /ros2_ws/install/mapviz/share/mapviz/environment/ament_prefix_path.dsv
[63.008s] -- Symlinking: /ros2_ws/install/mapviz/share/mapviz/environment/path.sh
[63.016s] -- Symlinking: /ros2_ws/install/mapviz/share/mapviz/environment/path.dsv
[63.024s] -- Symlinking: /ros2_ws/install/mapviz/share/mapviz/local_setup.bash
[63.032s] -- Symlinking: /ros2_ws/install/mapviz/share/mapviz/local_setup.sh
[63.040s] -- Symlinking: /ros2_ws/install/mapviz/share/mapviz/local_setup.zsh
[63.048s] -- Symlinking: /ros2_ws/install/mapviz/share/mapviz/local_setup.dsv
[63.056s] -- Symlinking: /ros2_ws/install/mapviz/share/mapviz/package.dsv
[63.064s] -- Symlinking: /ros2_ws/install/mapviz/share/ament_index/resource_index/packages/mapviz
[63.072s] -- Symlinking: /ros2_ws/install/mapviz/share/mapviz/cmake/ament_cmake_export_targets-extras.cmake
[63.081s] -- Symlinking: /ros2_ws/install/mapviz/share/mapviz/cmake/ament_cmake_export_dependencies-extras.cmake
[63.089s] -- Symlinking: /ros2_ws/install/mapviz/share/mapviz/cmake/mapvizConfig.cmake
[63.096s] -- Symlinking: /ros2_ws/install/mapviz/share/mapviz/cmake/mapvizConfig-version.cmake
[63.104s] -- Symlinking: /ros2_ws/install/mapviz/share/mapviz/package.xml
[63.112s] -- Installing: /ros2_ws/install/mapviz/include/mapviz
[63.112s] -- Installing: /ros2_ws/install/mapviz/include/mapviz/mapviz
[63.112s] -- Installing: /ros2_ws/install/mapviz/include/mapviz/mapviz/rqt_mapviz.h
[63.113s] -- Installing: /ros2_ws/install/mapviz/include/mapviz/mapviz/mapviz_application.h
[63.113s] -- Installing: /ros2_ws/install/mapviz/include/mapviz/mapviz/config_item.h
[63.113s] -- Installing: /ros2_ws/install/mapviz/include/mapviz/mapviz/video_writer.h
[63.113s] -- Installing: /ros2_ws/install/mapviz/include/mapviz/mapviz/color_button.h
[63.113s] -- Installing: /ros2_ws/install/mapviz/include/mapviz/mapviz/mapviz_plugin.h
[63.114s] -- Installing: /ros2_ws/install/mapviz/include/mapviz/mapviz/select_frame_dialog.h
[63.114s] -- Installing: /ros2_ws/install/mapviz/include/mapviz/mapviz/widgets.h
[63.114s] -- Installing: /ros2_ws/install/mapviz/include/mapviz/mapviz/stopwatch.h
[63.114s] -- Installing: /ros2_ws/install/mapviz/include/mapviz/mapviz/map_canvas.h
[63.114s] -- Installing: /ros2_ws/install/mapviz/include/mapviz/mapviz/select_service_dialog.h
[63.114s] -- Installing: /ros2_ws/install/mapviz/lib/librqt_mapviz.a
[63.126s] -- Installing: /ros2_ws/install/mapviz/share/mapviz/cmake/export_mapvizExport.cmake
[63.127s] -- Installing: /ros2_ws/install/mapviz/share/mapviz/cmake/export_mapvizExport-noconfig.cmake
[63.128s] Invoked command in '/ros2_ws/build/mapviz' returned '0': AMENT_PREFIX_PATH=/ros2_ws/install/mapviz_interfaces:${AMENT_PREFIX_PATH} CMAKE_PREFIX_PATH=/ros2_ws/install/mapviz_interfaces:/opt/ros/humble LD_LIBRARY_PATH=/ros2_ws/install/mapviz_interfaces/lib:${LD_LIBRARY_PATH} PYTHONPATH=/ros2_ws/install/mapviz_interfaces/local/lib/python3.10/dist-packages:${PYTHONPATH} /usr/bin/cmake --install /ros2_ws/build/mapviz
