[0.054s] Invoking command in '/ros2_ws/build/mapviz_interfaces': CMAKE_PREFIX_PATH=/opt/ros/humble /usr/bin/cmake --build /ros2_ws/build/mapviz_interfaces -- -j4 -l4
[0.217s] [  3%] Built target mapviz_interfaces__cpp
[0.263s] [  3%] Built target ament_cmake_python_symlink_mapviz_interfaces
[0.293s] Consolidate compiler generated dependencies of target mapviz_interfaces__rosidl_typesupport_fastrtps_cpp
[0.312s] [ 12%] Built target mapviz_interfaces__rosidl_typesupport_fastrtps_cpp
[0.338s] Consolidate compiler generated dependencies of target mapviz_interfaces__rosidl_typesupport_introspection_cpp
[0.355s] [ 22%] Built target mapviz_interfaces__rosidl_typesupport_introspection_cpp
[0.841s] running egg_info
[0.841s] writing mapviz_interfaces.egg-info/PKG-INFO
[0.844s] writing dependency_links to mapviz_interfaces.egg-info/dependency_links.txt
[0.846s] writing top-level names to mapviz_interfaces.egg-info/top_level.txt
[0.855s] reading manifest file 'mapviz_interfaces.egg-info/SOURCES.txt'
[0.859s] writing manifest file 'mapviz_interfaces.egg-info/SOURCES.txt'
[0.930s] [ 22%] Built target ament_cmake_python_build_mapviz_interfaces_egg
[0.957s] Consolidate compiler generated dependencies of target mapviz_interfaces__rosidl_typesupport_cpp
[0.976s] [ 32%] Built target mapviz_interfaces__rosidl_typesupport_cpp
[1.004s] Consolidate compiler generated dependencies of target mapviz_interfaces__rosidl_generator_c
[1.031s] [ 41%] Built target mapviz_interfaces__rosidl_generator_c
[1.058s] Consolidate compiler generated dependencies of target mapviz_interfaces__rosidl_typesupport_fastrtps_c
[1.075s] [ 51%] Built target mapviz_interfaces__rosidl_typesupport_fastrtps_c
[1.095s] Consolidate compiler generated dependencies of target mapviz_interfaces__rosidl_typesupport_c
[1.110s] [ 61%] Built target mapviz_interfaces__rosidl_typesupport_c
[1.133s] Consolidate compiler generated dependencies of target mapviz_interfaces__rosidl_typesupport_introspection_c
[1.149s] [ 70%] Built target mapviz_interfaces__rosidl_typesupport_introspection_c
[1.177s] [ 70%] Built target mapviz_interfaces
[1.211s] [ 74%] Built target mapviz_interfaces__py
[1.231s] Consolidate compiler generated dependencies of target mapviz_interfaces__rosidl_generator_py
[1.255s] [ 80%] Built target mapviz_interfaces__rosidl_generator_py
[1.277s] Consolidate compiler generated dependencies of target mapviz_interfaces__rosidl_typesupport_fastrtps_c__pyext
[1.295s] [ 87%] Built target mapviz_interfaces__rosidl_typesupport_fastrtps_c__pyext
[1.319s] Consolidate compiler generated dependencies of target mapviz_interfaces__rosidl_typesupport_c__pyext
[1.336s] [ 93%] Built target mapviz_interfaces__rosidl_typesupport_c__pyext
[1.360s] Consolidate compiler generated dependencies of target mapviz_interfaces__rosidl_typesupport_introspection_c__pyext
[1.376s] [100%] Built target mapviz_interfaces__rosidl_typesupport_introspection_c__pyext
[1.390s] Invoked command in '/ros2_ws/build/mapviz_interfaces' returned '0': CMAKE_PREFIX_PATH=/opt/ros/humble /usr/bin/cmake --build /ros2_ws/build/mapviz_interfaces -- -j4 -l4
[1.409s] Invoking command in '/ros2_ws/build/mapviz_interfaces': CMAKE_PREFIX_PATH=/opt/ros/humble /usr/bin/cmake --install /ros2_ws/build/mapviz_interfaces
[1.423s] -- Install configuration: ""
[1.426s] -- Execute custom install script
[1.431s] -- Up-to-date symlink: /ros2_ws/install/mapviz_interfaces/share/ament_index/resource_index/rosidl_interfaces/mapviz_interfaces
[1.436s] -- Up-to-date symlink: /ros2_ws/install/mapviz_interfaces/include/mapviz_interfaces/mapviz_interfaces/msg/rosidl_generator_c__visibility_control.h
[1.438s] -- Up-to-date symlink: /ros2_ws/install/mapviz_interfaces/include/mapviz_interfaces/mapviz_interfaces/srv/add_mapviz_display.h
[1.440s] -- Up-to-date symlink: /ros2_ws/install/mapviz_interfaces/include/mapviz_interfaces/mapviz_interfaces/srv/detail/add_mapviz_display__functions.h
[1.441s] -- Up-to-date symlink: /ros2_ws/install/mapviz_interfaces/include/mapviz_interfaces/mapviz_interfaces/srv/detail/add_mapviz_display__struct.h
[1.442s] -- Up-to-date symlink: /ros2_ws/install/mapviz_interfaces/include/mapviz_interfaces/mapviz_interfaces/srv/detail/add_mapviz_display__type_support.h
[1.446s] -- Up-to-date symlink: /ros2_ws/install/mapviz_interfaces/share/mapviz_interfaces/environment/library_path.sh
[1.447s] -- Up-to-date symlink: /ros2_ws/install/mapviz_interfaces/share/mapviz_interfaces/environment/library_path.dsv
[1.449s] -- Up-to-date symlink: /ros2_ws/install/mapviz_interfaces/include/mapviz_interfaces/mapviz_interfaces/msg/rosidl_typesupport_fastrtps_c__visibility_control.h
[1.450s] -- Up-to-date symlink: /ros2_ws/install/mapviz_interfaces/include/mapviz_interfaces/mapviz_interfaces/srv/detail/add_mapviz_display__rosidl_typesupport_fastrtps_c.h
[1.452s] -- Up-to-date symlink: /ros2_ws/install/mapviz_interfaces/include/mapviz_interfaces/mapviz_interfaces/msg/rosidl_generator_cpp__visibility_control.hpp
[1.454s] -- Up-to-date symlink: /ros2_ws/install/mapviz_interfaces/include/mapviz_interfaces/mapviz_interfaces/srv/add_mapviz_display.hpp
[1.455s] -- Up-to-date symlink: /ros2_ws/install/mapviz_interfaces/include/mapviz_interfaces/mapviz_interfaces/srv/detail/add_mapviz_display__builder.hpp
[1.456s] -- Up-to-date symlink: /ros2_ws/install/mapviz_interfaces/include/mapviz_interfaces/mapviz_interfaces/srv/detail/add_mapviz_display__struct.hpp
[1.457s] -- Up-to-date symlink: /ros2_ws/install/mapviz_interfaces/include/mapviz_interfaces/mapviz_interfaces/srv/detail/add_mapviz_display__traits.hpp
[1.458s] -- Up-to-date symlink: /ros2_ws/install/mapviz_interfaces/include/mapviz_interfaces/mapviz_interfaces/srv/detail/add_mapviz_display__type_support.hpp
[1.459s] -- Up-to-date symlink: /ros2_ws/install/mapviz_interfaces/include/mapviz_interfaces/mapviz_interfaces/msg/rosidl_typesupport_fastrtps_cpp__visibility_control.h
[1.461s] -- Up-to-date symlink: /ros2_ws/install/mapviz_interfaces/include/mapviz_interfaces/mapviz_interfaces/srv/detail/add_mapviz_display__rosidl_typesupport_fastrtps_cpp.hpp
[1.463s] -- Up-to-date symlink: /ros2_ws/install/mapviz_interfaces/include/mapviz_interfaces/mapviz_interfaces/msg/rosidl_typesupport_introspection_c__visibility_control.h
[1.464s] -- Up-to-date symlink: /ros2_ws/install/mapviz_interfaces/include/mapviz_interfaces/mapviz_interfaces/srv/detail/add_mapviz_display__rosidl_typesupport_introspection_c.h
[1.468s] -- Up-to-date symlink: /ros2_ws/install/mapviz_interfaces/include/mapviz_interfaces/mapviz_interfaces/srv/detail/add_mapviz_display__rosidl_typesupport_introspection_cpp.hpp
[1.469s] -- Up-to-date symlink: /ros2_ws/install/mapviz_interfaces/share/mapviz_interfaces/environment/pythonpath.sh
[1.470s] -- Up-to-date symlink: /ros2_ws/install/mapviz_interfaces/share/mapviz_interfaces/environment/pythonpath.dsv
[1.475s] -- Up-to-date symlink: /ros2_ws/install/mapviz_interfaces/local/lib/python3.10/dist-packages/mapviz_interfaces-2.6.1-py3.10.egg-info/PKG-INFO
[1.476s] -- Up-to-date symlink: /ros2_ws/install/mapviz_interfaces/local/lib/python3.10/dist-packages/mapviz_interfaces-2.6.1-py3.10.egg-info/SOURCES.txt
[1.477s] -- Up-to-date symlink: /ros2_ws/install/mapviz_interfaces/local/lib/python3.10/dist-packages/mapviz_interfaces-2.6.1-py3.10.egg-info/dependency_links.txt
[1.479s] -- Up-to-date symlink: /ros2_ws/install/mapviz_interfaces/local/lib/python3.10/dist-packages/mapviz_interfaces-2.6.1-py3.10.egg-info/top_level.txt
[1.481s] -- Up-to-date symlink: /ros2_ws/install/mapviz_interfaces/local/lib/python3.10/dist-packages/mapviz_interfaces/__init__.py
[1.482s] -- Up-to-date symlink: /ros2_ws/install/mapviz_interfaces/local/lib/python3.10/dist-packages/mapviz_interfaces/_mapviz_interfaces_s.ep.rosidl_typesupport_c.c
[1.484s] -- Up-to-date symlink: /ros2_ws/install/mapviz_interfaces/local/lib/python3.10/dist-packages/mapviz_interfaces/_mapviz_interfaces_s.ep.rosidl_typesupport_fastrtps_c.c
[1.485s] -- Up-to-date symlink: /ros2_ws/install/mapviz_interfaces/local/lib/python3.10/dist-packages/mapviz_interfaces/_mapviz_interfaces_s.ep.rosidl_typesupport_introspection_c.c
[1.486s] -- Up-to-date symlink: /ros2_ws/install/mapviz_interfaces/local/lib/python3.10/dist-packages/mapviz_interfaces/libmapviz_interfaces__rosidl_generator_py.so
[1.487s] -- Up-to-date symlink: /ros2_ws/install/mapviz_interfaces/local/lib/python3.10/dist-packages/mapviz_interfaces/mapviz_interfaces_s__rosidl_typesupport_c.cpython-310-aarch64-linux-gnu.so
[1.488s] -- Up-to-date symlink: /ros2_ws/install/mapviz_interfaces/local/lib/python3.10/dist-packages/mapviz_interfaces/mapviz_interfaces_s__rosidl_typesupport_fastrtps_c.cpython-310-aarch64-linux-gnu.so
[1.489s] -- Up-to-date symlink: /ros2_ws/install/mapviz_interfaces/local/lib/python3.10/dist-packages/mapviz_interfaces/mapviz_interfaces_s__rosidl_typesupport_introspection_c.cpython-310-aarch64-linux-gnu.so
[1.491s] -- Up-to-date symlink: /ros2_ws/install/mapviz_interfaces/local/lib/python3.10/dist-packages/mapviz_interfaces/srv/__init__.py
[1.492s] -- Up-to-date symlink: /ros2_ws/install/mapviz_interfaces/local/lib/python3.10/dist-packages/mapviz_interfaces/srv/_add_mapviz_display.py
[1.493s] -- Up-to-date symlink: /ros2_ws/install/mapviz_interfaces/local/lib/python3.10/dist-packages/mapviz_interfaces/srv/_add_mapviz_display_s.c
[1.494s] -- Up-to-date symlink: /ros2_ws/install/mapviz_interfaces/local/lib/python3.10/dist-packages/mapviz_interfaces/mapviz_interfaces_s__rosidl_typesupport_fastrtps_c.cpython-310-aarch64-linux-gnu.so
[1.496s] -- Up-to-date symlink: /ros2_ws/install/mapviz_interfaces/local/lib/python3.10/dist-packages/mapviz_interfaces/mapviz_interfaces_s__rosidl_typesupport_introspection_c.cpython-310-aarch64-linux-gnu.so
[1.497s] -- Up-to-date symlink: /ros2_ws/install/mapviz_interfaces/local/lib/python3.10/dist-packages/mapviz_interfaces/mapviz_interfaces_s__rosidl_typesupport_c.cpython-310-aarch64-linux-gnu.so
[1.499s] -- Up-to-date symlink: /ros2_ws/install/mapviz_interfaces/share/mapviz_interfaces/srv/AddMapvizDisplay.idl
[1.500s] -- Up-to-date symlink: /ros2_ws/install/mapviz_interfaces/share/mapviz_interfaces/srv/AddMapvizDisplay.srv
[1.501s] -- Up-to-date symlink: /ros2_ws/install/mapviz_interfaces/share/mapviz_interfaces/srv/AddMapvizDisplay_Request.msg
[1.503s] -- Up-to-date symlink: /ros2_ws/install/mapviz_interfaces/share/mapviz_interfaces/srv/AddMapvizDisplay_Response.msg
[1.505s] -- Up-to-date symlink: /ros2_ws/install/mapviz_interfaces/share/ament_index/resource_index/package_run_dependencies/mapviz_interfaces
[1.507s] -- Up-to-date symlink: /ros2_ws/install/mapviz_interfaces/share/ament_index/resource_index/parent_prefix_path/mapviz_interfaces
[1.509s] -- Up-to-date symlink: /ros2_ws/install/mapviz_interfaces/share/mapviz_interfaces/environment/ament_prefix_path.sh
[1.510s] -- Up-to-date symlink: /ros2_ws/install/mapviz_interfaces/share/mapviz_interfaces/environment/ament_prefix_path.dsv
[1.511s] -- Up-to-date symlink: /ros2_ws/install/mapviz_interfaces/share/mapviz_interfaces/environment/path.sh
[1.512s] -- Up-to-date symlink: /ros2_ws/install/mapviz_interfaces/share/mapviz_interfaces/environment/path.dsv
[1.514s] -- Up-to-date symlink: /ros2_ws/install/mapviz_interfaces/share/mapviz_interfaces/local_setup.bash
[1.515s] -- Up-to-date symlink: /ros2_ws/install/mapviz_interfaces/share/mapviz_interfaces/local_setup.sh
[1.516s] -- Up-to-date symlink: /ros2_ws/install/mapviz_interfaces/share/mapviz_interfaces/local_setup.zsh
[1.518s] -- Up-to-date symlink: /ros2_ws/install/mapviz_interfaces/share/mapviz_interfaces/local_setup.dsv
[1.518s] -- Symlinking: /ros2_ws/install/mapviz_interfaces/share/mapviz_interfaces/package.dsv
[1.533s] -- Up-to-date symlink: /ros2_ws/install/mapviz_interfaces/share/ament_index/resource_index/packages/mapviz_interfaces
[1.536s] -- Up-to-date symlink: /ros2_ws/install/mapviz_interfaces/share/mapviz_interfaces/cmake/rosidl_cmake-extras.cmake
[1.537s] -- Up-to-date symlink: /ros2_ws/install/mapviz_interfaces/share/mapviz_interfaces/cmake/ament_cmake_export_dependencies-extras.cmake
[1.538s] -- Up-to-date symlink: /ros2_ws/install/mapviz_interfaces/share/mapviz_interfaces/cmake/ament_cmake_export_include_directories-extras.cmake
[1.539s] -- Up-to-date symlink: /ros2_ws/install/mapviz_interfaces/share/mapviz_interfaces/cmake/ament_cmake_export_libraries-extras.cmake
[1.541s] -- Up-to-date symlink: /ros2_ws/install/mapviz_interfaces/share/mapviz_interfaces/cmake/ament_cmake_export_targets-extras.cmake
[1.542s] -- Up-to-date symlink: /ros2_ws/install/mapviz_interfaces/share/mapviz_interfaces/cmake/rosidl_cmake_export_typesupport_targets-extras.cmake
[1.543s] -- Up-to-date symlink: /ros2_ws/install/mapviz_interfaces/share/mapviz_interfaces/cmake/rosidl_cmake_export_typesupport_libraries-extras.cmake
[1.544s] -- Up-to-date symlink: /ros2_ws/install/mapviz_interfaces/share/mapviz_interfaces/cmake/mapviz_interfacesConfig.cmake
[1.545s] -- Up-to-date symlink: /ros2_ws/install/mapviz_interfaces/share/mapviz_interfaces/cmake/mapviz_interfacesConfig-version.cmake
[1.545s] -- Up-to-date symlink: /ros2_ws/install/mapviz_interfaces/share/mapviz_interfaces/package.xml
[1.548s] -- Up-to-date: /ros2_ws/install/mapviz_interfaces/lib/libmapviz_interfaces__rosidl_generator_c.so
[1.550s] -- Up-to-date: /ros2_ws/install/mapviz_interfaces/lib/libmapviz_interfaces__rosidl_typesupport_fastrtps_c.so
[1.554s] -- Up-to-date: /ros2_ws/install/mapviz_interfaces/lib/libmapviz_interfaces__rosidl_typesupport_fastrtps_cpp.so
[1.555s] -- Up-to-date: /ros2_ws/install/mapviz_interfaces/lib/libmapviz_interfaces__rosidl_typesupport_introspection_c.so
[1.557s] -- Up-to-date: /ros2_ws/install/mapviz_interfaces/lib/libmapviz_interfaces__rosidl_typesupport_c.so
[1.560s] -- Up-to-date: /ros2_ws/install/mapviz_interfaces/lib/libmapviz_interfaces__rosidl_typesupport_introspection_cpp.so
[1.562s] -- Up-to-date: /ros2_ws/install/mapviz_interfaces/lib/libmapviz_interfaces__rosidl_typesupport_cpp.so
[1.638s] Listing '/ros2_ws/install/mapviz_interfaces/local/lib/python3.10/dist-packages/mapviz_interfaces'...
[1.638s] Listing '/ros2_ws/install/mapviz_interfaces/local/lib/python3.10/dist-packages/mapviz_interfaces/srv'...
[1.656s] -- Up-to-date: /ros2_ws/install/mapviz_interfaces/lib/libmapviz_interfaces__rosidl_generator_py.so
[1.661s] -- Up-to-date: /ros2_ws/install/mapviz_interfaces/share/mapviz_interfaces/cmake/export_mapviz_interfaces__rosidl_generator_cExport.cmake
[1.662s] -- Up-to-date: /ros2_ws/install/mapviz_interfaces/share/mapviz_interfaces/cmake/export_mapviz_interfaces__rosidl_generator_cExport-noconfig.cmake
[1.664s] -- Up-to-date: /ros2_ws/install/mapviz_interfaces/share/mapviz_interfaces/cmake/export_mapviz_interfaces__rosidl_typesupport_fastrtps_cExport.cmake
[1.664s] -- Up-to-date: /ros2_ws/install/mapviz_interfaces/share/mapviz_interfaces/cmake/export_mapviz_interfaces__rosidl_typesupport_fastrtps_cExport-noconfig.cmake
[1.665s] -- Up-to-date: /ros2_ws/install/mapviz_interfaces/share/mapviz_interfaces/cmake/export_mapviz_interfaces__rosidl_generator_cppExport.cmake
[1.667s] -- Up-to-date: /ros2_ws/install/mapviz_interfaces/share/mapviz_interfaces/cmake/export_mapviz_interfaces__rosidl_typesupport_fastrtps_cppExport.cmake
[1.667s] -- Up-to-date: /ros2_ws/install/mapviz_interfaces/share/mapviz_interfaces/cmake/export_mapviz_interfaces__rosidl_typesupport_fastrtps_cppExport-noconfig.cmake
[1.669s] -- Up-to-date: /ros2_ws/install/mapviz_interfaces/share/mapviz_interfaces/cmake/mapviz_interfaces__rosidl_typesupport_introspection_cExport.cmake
[1.670s] -- Up-to-date: /ros2_ws/install/mapviz_interfaces/share/mapviz_interfaces/cmake/mapviz_interfaces__rosidl_typesupport_introspection_cExport-noconfig.cmake
[1.672s] -- Up-to-date: /ros2_ws/install/mapviz_interfaces/share/mapviz_interfaces/cmake/mapviz_interfaces__rosidl_typesupport_cExport.cmake
[1.672s] -- Up-to-date: /ros2_ws/install/mapviz_interfaces/share/mapviz_interfaces/cmake/mapviz_interfaces__rosidl_typesupport_cExport-noconfig.cmake
[1.674s] -- Up-to-date: /ros2_ws/install/mapviz_interfaces/share/mapviz_interfaces/cmake/mapviz_interfaces__rosidl_typesupport_introspection_cppExport.cmake
[1.674s] -- Up-to-date: /ros2_ws/install/mapviz_interfaces/share/mapviz_interfaces/cmake/mapviz_interfaces__rosidl_typesupport_introspection_cppExport-noconfig.cmake
[1.676s] -- Up-to-date: /ros2_ws/install/mapviz_interfaces/share/mapviz_interfaces/cmake/mapviz_interfaces__rosidl_typesupport_cppExport.cmake
[1.676s] -- Up-to-date: /ros2_ws/install/mapviz_interfaces/share/mapviz_interfaces/cmake/mapviz_interfaces__rosidl_typesupport_cppExport-noconfig.cmake
[1.680s] -- Up-to-date: /ros2_ws/install/mapviz_interfaces/share/mapviz_interfaces/cmake/export_mapviz_interfaces__rosidl_generator_pyExport.cmake
[1.680s] -- Up-to-date: /ros2_ws/install/mapviz_interfaces/share/mapviz_interfaces/cmake/export_mapviz_interfaces__rosidl_generator_pyExport-noconfig.cmake
[1.682s] Invoked command in '/ros2_ws/build/mapviz_interfaces' returned '0': CMAKE_PREFIX_PATH=/opt/ros/humble /usr/bin/cmake --install /ros2_ws/build/mapviz_interfaces
