[0.239s] DEBUG:colcon:Command line arguments: ['/usr/bin/colcon', 'build', '--packages-select', 'mapviz', 'mapviz_plugins', 'tile_map', 'multires_image', 'mapviz_interfaces', '--symlink-install']
[0.240s] DEBUG:colcon:Parsed command line arguments: Namespace(log_base=None, log_level=None, verb_name='build', build_base='build', install_base='install', merge_install=False, symlink_install=True, test_result_base=None, continue_on_error=False, executor='parallel', parallel_workers=4, event_handlers=None, ignore_user_meta=False, metas=['./colcon.meta'], base_paths=['.'], packages_ignore=None, packages_ignore_regex=None, paths=None, packages_up_to=None, packages_up_to_regex=None, packages_above=None, packages_above_and_dependencies=None, packages_above_depth=None, packages_select_by_dep=None, packages_skip_by_dep=None, packages_skip_up_to=None, packages_select_build_failed=False, packages_skip_build_finished=False, packages_select_test_failures=False, packages_skip_test_passed=False, packages_select=['mapviz', 'mapviz_plugins', 'tile_map', 'multires_image', 'mapviz_interfaces'], packages_skip=None, packages_select_regex=None, packages_skip_regex=None, packages_start=None, packages_end=None, cmake_args=None, cmake_target=None, cmake_target_skip_unavailable=False, cmake_clean_cache=False, cmake_clean_first=False, cmake_force_configure=False, ament_cmake_args=None, catkin_cmake_args=None, catkin_skip_building_tests=False, mixin_files=None, mixin=None, verb_parser=<colcon_mixin.mixin.mixin_argument.MixinArgumentDecorator object at 0x7fff858ebe80>, verb_extension=<colcon_core.verb.build.BuildVerb object at 0x7fff85ae54b0>, main=<bound method BuildVerb.main of <colcon_core.verb.build.BuildVerb object at 0x7fff85ae54b0>>, mixin_verb=('build',))
[0.439s] Level 1:colcon.colcon_core.package_discovery:discover_packages(colcon_meta) check parameters
[0.439s] Level 1:colcon.colcon_core.package_discovery:discover_packages(recursive) check parameters
[0.439s] Level 1:colcon.colcon_core.package_discovery:discover_packages(ignore) check parameters
[0.439s] Level 1:colcon.colcon_core.package_discovery:discover_packages(path) check parameters
[0.439s] Level 1:colcon.colcon_core.package_discovery:discover_packages(colcon_meta) discover
[0.439s] Level 1:colcon.colcon_core.package_discovery:discover_packages(recursive) discover
[0.439s] INFO:colcon.colcon_core.package_discovery:Crawling recursively for packages in '/ros2_ws'
[0.439s] Level 1:colcon.colcon_core.package_identification:_identify(.) by extensions ['ignore', 'ignore_ament_install']
[0.439s] Level 1:colcon.colcon_core.package_identification:_identify(.) by extension 'ignore'
[0.440s] Level 1:colcon.colcon_core.package_identification:_identify(.) by extension 'ignore_ament_install'
[0.440s] Level 1:colcon.colcon_core.package_identification:_identify(.) by extensions ['colcon_pkg']
[0.440s] Level 1:colcon.colcon_core.package_identification:_identify(.) by extension 'colcon_pkg'
[0.440s] Level 1:colcon.colcon_core.package_identification:_identify(.) by extensions ['colcon_meta']
[0.440s] Level 1:colcon.colcon_core.package_identification:_identify(.) by extension 'colcon_meta'
[0.440s] Level 1:colcon.colcon_core.package_identification:_identify(.) by extensions ['ros']
[0.440s] Level 1:colcon.colcon_core.package_identification:_identify(.) by extension 'ros'
[0.475s] Level 1:colcon.colcon_core.package_identification:_identify(.) by extensions ['cmake', 'python']
[0.475s] Level 1:colcon.colcon_core.package_identification:_identify(.) by extension 'cmake'
[0.476s] Level 1:colcon.colcon_core.package_identification:_identify(.) by extension 'python'
[0.477s] Level 1:colcon.colcon_core.package_identification:_identify(.) by extensions ['python_setup_py']
[0.477s] Level 1:colcon.colcon_core.package_identification:_identify(.) by extension 'python_setup_py'
[0.477s] Level 1:colcon.colcon_core.package_identification:_identify(build) by extensions ['ignore', 'ignore_ament_install']
[0.477s] Level 1:colcon.colcon_core.package_identification:_identify(build) by extension 'ignore'
[0.477s] Level 1:colcon.colcon_core.package_identification:_identify(build) ignored
[0.477s] Level 1:colcon.colcon_core.package_identification:_identify(install) by extensions ['ignore', 'ignore_ament_install']
[0.477s] Level 1:colcon.colcon_core.package_identification:_identify(install) by extension 'ignore'
[0.477s] Level 1:colcon.colcon_core.package_identification:_identify(install) ignored
[0.477s] Level 1:colcon.colcon_core.package_identification:_identify(log) by extensions ['ignore', 'ignore_ament_install']
[0.477s] Level 1:colcon.colcon_core.package_identification:_identify(log) by extension 'ignore'
[0.477s] Level 1:colcon.colcon_core.package_identification:_identify(log) ignored
[0.478s] Level 1:colcon.colcon_core.package_identification:_identify(src) by extensions ['ignore', 'ignore_ament_install']
[0.478s] Level 1:colcon.colcon_core.package_identification:_identify(src) by extension 'ignore'
[0.478s] Level 1:colcon.colcon_core.package_identification:_identify(src) by extension 'ignore_ament_install'
[0.478s] Level 1:colcon.colcon_core.package_identification:_identify(src) by extensions ['colcon_pkg']
[0.478s] Level 1:colcon.colcon_core.package_identification:_identify(src) by extension 'colcon_pkg'
[0.478s] Level 1:colcon.colcon_core.package_identification:_identify(src) by extensions ['colcon_meta']
[0.478s] Level 1:colcon.colcon_core.package_identification:_identify(src) by extension 'colcon_meta'
[0.478s] Level 1:colcon.colcon_core.package_identification:_identify(src) by extensions ['ros']
[0.478s] Level 1:colcon.colcon_core.package_identification:_identify(src) by extension 'ros'
[0.478s] Level 1:colcon.colcon_core.package_identification:_identify(src) by extensions ['cmake', 'python']
[0.478s] Level 1:colcon.colcon_core.package_identification:_identify(src) by extension 'cmake'
[0.478s] Level 1:colcon.colcon_core.package_identification:_identify(src) by extension 'python'
[0.478s] Level 1:colcon.colcon_core.package_identification:_identify(src) by extensions ['python_setup_py']
[0.478s] Level 1:colcon.colcon_core.package_identification:_identify(src) by extension 'python_setup_py'
[0.478s] Level 1:colcon.colcon_core.package_identification:_identify(src/mapviz) by extensions ['ignore', 'ignore_ament_install']
[0.478s] Level 1:colcon.colcon_core.package_identification:_identify(src/mapviz) by extension 'ignore'
[0.478s] Level 1:colcon.colcon_core.package_identification:_identify(src/mapviz) by extension 'ignore_ament_install'
[0.478s] Level 1:colcon.colcon_core.package_identification:_identify(src/mapviz) by extensions ['colcon_pkg']
[0.478s] Level 1:colcon.colcon_core.package_identification:_identify(src/mapviz) by extension 'colcon_pkg'
[0.479s] Level 1:colcon.colcon_core.package_identification:_identify(src/mapviz) by extensions ['colcon_meta']
[0.479s] Level 1:colcon.colcon_core.package_identification:_identify(src/mapviz) by extension 'colcon_meta'
[0.479s] Level 1:colcon.colcon_core.package_identification:_identify(src/mapviz) by extensions ['ros']
[0.479s] Level 1:colcon.colcon_core.package_identification:_identify(src/mapviz) by extension 'ros'
[0.479s] Level 1:colcon.colcon_core.package_identification:_identify(src/mapviz) by extensions ['cmake', 'python']
[0.479s] Level 1:colcon.colcon_core.package_identification:_identify(src/mapviz) by extension 'cmake'
[0.479s] Level 1:colcon.colcon_core.package_identification:_identify(src/mapviz) by extension 'python'
[0.479s] Level 1:colcon.colcon_core.package_identification:_identify(src/mapviz) by extensions ['python_setup_py']
[0.479s] Level 1:colcon.colcon_core.package_identification:_identify(src/mapviz) by extension 'python_setup_py'
[0.479s] Level 1:colcon.colcon_core.package_identification:_identify(src/mapviz/docs) by extensions ['ignore', 'ignore_ament_install']
[0.479s] Level 1:colcon.colcon_core.package_identification:_identify(src/mapviz/docs) by extension 'ignore'
[0.479s] Level 1:colcon.colcon_core.package_identification:_identify(src/mapviz/docs) by extension 'ignore_ament_install'
[0.479s] Level 1:colcon.colcon_core.package_identification:_identify(src/mapviz/docs) by extensions ['colcon_pkg']
[0.479s] Level 1:colcon.colcon_core.package_identification:_identify(src/mapviz/docs) by extension 'colcon_pkg'
[0.479s] Level 1:colcon.colcon_core.package_identification:_identify(src/mapviz/docs) by extensions ['colcon_meta']
[0.479s] Level 1:colcon.colcon_core.package_identification:_identify(src/mapviz/docs) by extension 'colcon_meta'
[0.479s] Level 1:colcon.colcon_core.package_identification:_identify(src/mapviz/docs) by extensions ['ros']
[0.479s] Level 1:colcon.colcon_core.package_identification:_identify(src/mapviz/docs) by extension 'ros'
[0.479s] Level 1:colcon.colcon_core.package_identification:_identify(src/mapviz/docs) by extensions ['cmake', 'python']
[0.479s] Level 1:colcon.colcon_core.package_identification:_identify(src/mapviz/docs) by extension 'cmake'
[0.479s] Level 1:colcon.colcon_core.package_identification:_identify(src/mapviz/docs) by extension 'python'
[0.479s] Level 1:colcon.colcon_core.package_identification:_identify(src/mapviz/docs) by extensions ['python_setup_py']
[0.479s] Level 1:colcon.colcon_core.package_identification:_identify(src/mapviz/docs) by extension 'python_setup_py'
[0.480s] Level 1:colcon.colcon_core.package_identification:_identify(src/mapviz/docs/_layouts) by extensions ['ignore', 'ignore_ament_install']
[0.480s] Level 1:colcon.colcon_core.package_identification:_identify(src/mapviz/docs/_layouts) by extension 'ignore'
[0.480s] Level 1:colcon.colcon_core.package_identification:_identify(src/mapviz/docs/_layouts) by extension 'ignore_ament_install'
[0.480s] Level 1:colcon.colcon_core.package_identification:_identify(src/mapviz/docs/_layouts) by extensions ['colcon_pkg']
[0.480s] Level 1:colcon.colcon_core.package_identification:_identify(src/mapviz/docs/_layouts) by extension 'colcon_pkg'
[0.480s] Level 1:colcon.colcon_core.package_identification:_identify(src/mapviz/docs/_layouts) by extensions ['colcon_meta']
[0.480s] Level 1:colcon.colcon_core.package_identification:_identify(src/mapviz/docs/_layouts) by extension 'colcon_meta'
[0.480s] Level 1:colcon.colcon_core.package_identification:_identify(src/mapviz/docs/_layouts) by extensions ['ros']
[0.480s] Level 1:colcon.colcon_core.package_identification:_identify(src/mapviz/docs/_layouts) by extension 'ros'
[0.480s] Level 1:colcon.colcon_core.package_identification:_identify(src/mapviz/docs/_layouts) by extensions ['cmake', 'python']
[0.480s] Level 1:colcon.colcon_core.package_identification:_identify(src/mapviz/docs/_layouts) by extension 'cmake'
[0.480s] Level 1:colcon.colcon_core.package_identification:_identify(src/mapviz/docs/_layouts) by extension 'python'
[0.480s] Level 1:colcon.colcon_core.package_identification:_identify(src/mapviz/docs/_layouts) by extensions ['python_setup_py']
[0.480s] Level 1:colcon.colcon_core.package_identification:_identify(src/mapviz/docs/_layouts) by extension 'python_setup_py'
[0.480s] Level 1:colcon.colcon_core.package_identification:_identify(src/mapviz/docs/_plugins) by extensions ['ignore', 'ignore_ament_install']
[0.480s] Level 1:colcon.colcon_core.package_identification:_identify(src/mapviz/docs/_plugins) by extension 'ignore'
[0.480s] Level 1:colcon.colcon_core.package_identification:_identify(src/mapviz/docs/_plugins) by extension 'ignore_ament_install'
[0.480s] Level 1:colcon.colcon_core.package_identification:_identify(src/mapviz/docs/_plugins) by extensions ['colcon_pkg']
[0.480s] Level 1:colcon.colcon_core.package_identification:_identify(src/mapviz/docs/_plugins) by extension 'colcon_pkg'
[0.480s] Level 1:colcon.colcon_core.package_identification:_identify(src/mapviz/docs/_plugins) by extensions ['colcon_meta']
[0.480s] Level 1:colcon.colcon_core.package_identification:_identify(src/mapviz/docs/_plugins) by extension 'colcon_meta'
[0.481s] Level 1:colcon.colcon_core.package_identification:_identify(src/mapviz/docs/_plugins) by extensions ['ros']
[0.481s] Level 1:colcon.colcon_core.package_identification:_identify(src/mapviz/docs/_plugins) by extension 'ros'
[0.481s] Level 1:colcon.colcon_core.package_identification:_identify(src/mapviz/docs/_plugins) by extensions ['cmake', 'python']
[0.481s] Level 1:colcon.colcon_core.package_identification:_identify(src/mapviz/docs/_plugins) by extension 'cmake'
[0.481s] Level 1:colcon.colcon_core.package_identification:_identify(src/mapviz/docs/_plugins) by extension 'python'
[0.481s] Level 1:colcon.colcon_core.package_identification:_identify(src/mapviz/docs/_plugins) by extensions ['python_setup_py']
[0.481s] Level 1:colcon.colcon_core.package_identification:_identify(src/mapviz/docs/_plugins) by extension 'python_setup_py'
[0.481s] Level 1:colcon.colcon_core.package_identification:_identify(src/mapviz/docs/assets) by extensions ['ignore', 'ignore_ament_install']
[0.481s] Level 1:colcon.colcon_core.package_identification:_identify(src/mapviz/docs/assets) by extension 'ignore'
[0.481s] Level 1:colcon.colcon_core.package_identification:_identify(src/mapviz/docs/assets) by extension 'ignore_ament_install'
[0.481s] Level 1:colcon.colcon_core.package_identification:_identify(src/mapviz/docs/assets) by extensions ['colcon_pkg']
[0.481s] Level 1:colcon.colcon_core.package_identification:_identify(src/mapviz/docs/assets) by extension 'colcon_pkg'
[0.481s] Level 1:colcon.colcon_core.package_identification:_identify(src/mapviz/docs/assets) by extensions ['colcon_meta']
[0.481s] Level 1:colcon.colcon_core.package_identification:_identify(src/mapviz/docs/assets) by extension 'colcon_meta'
[0.481s] Level 1:colcon.colcon_core.package_identification:_identify(src/mapviz/docs/assets) by extensions ['ros']
[0.481s] Level 1:colcon.colcon_core.package_identification:_identify(src/mapviz/docs/assets) by extension 'ros'
[0.481s] Level 1:colcon.colcon_core.package_identification:_identify(src/mapviz/docs/assets) by extensions ['cmake', 'python']
[0.481s] Level 1:colcon.colcon_core.package_identification:_identify(src/mapviz/docs/assets) by extension 'cmake'
[0.481s] Level 1:colcon.colcon_core.package_identification:_identify(src/mapviz/docs/assets) by extension 'python'
[0.481s] Level 1:colcon.colcon_core.package_identification:_identify(src/mapviz/docs/assets) by extensions ['python_setup_py']
[0.481s] Level 1:colcon.colcon_core.package_identification:_identify(src/mapviz/docs/assets) by extension 'python_setup_py'
[0.482s] Level 1:colcon.colcon_core.package_identification:_identify(src/mapviz/docs/assets/images) by extensions ['ignore', 'ignore_ament_install']
[0.482s] Level 1:colcon.colcon_core.package_identification:_identify(src/mapviz/docs/assets/images) by extension 'ignore'
[0.482s] Level 1:colcon.colcon_core.package_identification:_identify(src/mapviz/docs/assets/images) by extension 'ignore_ament_install'
[0.482s] Level 1:colcon.colcon_core.package_identification:_identify(src/mapviz/docs/assets/images) by extensions ['colcon_pkg']
[0.482s] Level 1:colcon.colcon_core.package_identification:_identify(src/mapviz/docs/assets/images) by extension 'colcon_pkg'
[0.482s] Level 1:colcon.colcon_core.package_identification:_identify(src/mapviz/docs/assets/images) by extensions ['colcon_meta']
[0.482s] Level 1:colcon.colcon_core.package_identification:_identify(src/mapviz/docs/assets/images) by extension 'colcon_meta'
[0.482s] Level 1:colcon.colcon_core.package_identification:_identify(src/mapviz/docs/assets/images) by extensions ['ros']
[0.482s] Level 1:colcon.colcon_core.package_identification:_identify(src/mapviz/docs/assets/images) by extension 'ros'
[0.482s] Level 1:colcon.colcon_core.package_identification:_identify(src/mapviz/docs/assets/images) by extensions ['cmake', 'python']
[0.482s] Level 1:colcon.colcon_core.package_identification:_identify(src/mapviz/docs/assets/images) by extension 'cmake'
[0.482s] Level 1:colcon.colcon_core.package_identification:_identify(src/mapviz/docs/assets/images) by extension 'python'
[0.482s] Level 1:colcon.colcon_core.package_identification:_identify(src/mapviz/docs/assets/images) by extensions ['python_setup_py']
[0.482s] Level 1:colcon.colcon_core.package_identification:_identify(src/mapviz/docs/assets/images) by extension 'python_setup_py'
[0.482s] Level 1:colcon.colcon_core.package_identification:_identify(src/mapviz/docs/assets/js) by extensions ['ignore', 'ignore_ament_install']
[0.482s] Level 1:colcon.colcon_core.package_identification:_identify(src/mapviz/docs/assets/js) by extension 'ignore'
[0.482s] Level 1:colcon.colcon_core.package_identification:_identify(src/mapviz/docs/assets/js) by extension 'ignore_ament_install'
[0.482s] Level 1:colcon.colcon_core.package_identification:_identify(src/mapviz/docs/assets/js) by extensions ['colcon_pkg']
[0.482s] Level 1:colcon.colcon_core.package_identification:_identify(src/mapviz/docs/assets/js) by extension 'colcon_pkg'
[0.482s] Level 1:colcon.colcon_core.package_identification:_identify(src/mapviz/docs/assets/js) by extensions ['colcon_meta']
[0.483s] Level 1:colcon.colcon_core.package_identification:_identify(src/mapviz/docs/assets/js) by extension 'colcon_meta'
[0.483s] Level 1:colcon.colcon_core.package_identification:_identify(src/mapviz/docs/assets/js) by extensions ['ros']
[0.483s] Level 1:colcon.colcon_core.package_identification:_identify(src/mapviz/docs/assets/js) by extension 'ros'
[0.483s] Level 1:colcon.colcon_core.package_identification:_identify(src/mapviz/docs/assets/js) by extensions ['cmake', 'python']
[0.483s] Level 1:colcon.colcon_core.package_identification:_identify(src/mapviz/docs/assets/js) by extension 'cmake'
[0.483s] Level 1:colcon.colcon_core.package_identification:_identify(src/mapviz/docs/assets/js) by extension 'python'
[0.483s] Level 1:colcon.colcon_core.package_identification:_identify(src/mapviz/docs/assets/js) by extensions ['python_setup_py']
[0.483s] Level 1:colcon.colcon_core.package_identification:_identify(src/mapviz/docs/assets/js) by extension 'python_setup_py'
[0.483s] Level 1:colcon.colcon_core.package_identification:_identify(src/mapviz/docs/guides) by extensions ['ignore', 'ignore_ament_install']
[0.483s] Level 1:colcon.colcon_core.package_identification:_identify(src/mapviz/docs/guides) by extension 'ignore'
[0.483s] Level 1:colcon.colcon_core.package_identification:_identify(src/mapviz/docs/guides) by extension 'ignore_ament_install'
[0.483s] Level 1:colcon.colcon_core.package_identification:_identify(src/mapviz/docs/guides) by extensions ['colcon_pkg']
[0.483s] Level 1:colcon.colcon_core.package_identification:_identify(src/mapviz/docs/guides) by extension 'colcon_pkg'
[0.483s] Level 1:colcon.colcon_core.package_identification:_identify(src/mapviz/docs/guides) by extensions ['colcon_meta']
[0.483s] Level 1:colcon.colcon_core.package_identification:_identify(src/mapviz/docs/guides) by extension 'colcon_meta'
[0.483s] Level 1:colcon.colcon_core.package_identification:_identify(src/mapviz/docs/guides) by extensions ['ros']
[0.483s] Level 1:colcon.colcon_core.package_identification:_identify(src/mapviz/docs/guides) by extension 'ros'
[0.483s] Level 1:colcon.colcon_core.package_identification:_identify(src/mapviz/docs/guides) by extensions ['cmake', 'python']
[0.483s] Level 1:colcon.colcon_core.package_identification:_identify(src/mapviz/docs/guides) by extension 'cmake'
[0.483s] Level 1:colcon.colcon_core.package_identification:_identify(src/mapviz/docs/guides) by extension 'python'
[0.483s] Level 1:colcon.colcon_core.package_identification:_identify(src/mapviz/docs/guides) by extensions ['python_setup_py']
[0.483s] Level 1:colcon.colcon_core.package_identification:_identify(src/mapviz/docs/guides) by extension 'python_setup_py'
[0.484s] Level 1:colcon.colcon_core.package_identification:_identify(src/mapviz/mapviz) by extensions ['ignore', 'ignore_ament_install']
[0.484s] Level 1:colcon.colcon_core.package_identification:_identify(src/mapviz/mapviz) by extension 'ignore'
[0.484s] Level 1:colcon.colcon_core.package_identification:_identify(src/mapviz/mapviz) by extension 'ignore_ament_install'
[0.484s] Level 1:colcon.colcon_core.package_identification:_identify(src/mapviz/mapviz) by extensions ['colcon_pkg']
[0.484s] Level 1:colcon.colcon_core.package_identification:_identify(src/mapviz/mapviz) by extension 'colcon_pkg'
[0.484s] Level 1:colcon.colcon_core.package_identification:_identify(src/mapviz/mapviz) by extensions ['colcon_meta']
[0.484s] Level 1:colcon.colcon_core.package_identification:_identify(src/mapviz/mapviz) by extension 'colcon_meta'
[0.484s] Level 1:colcon.colcon_core.package_identification:_identify(src/mapviz/mapviz) by extensions ['ros']
[0.484s] Level 1:colcon.colcon_core.package_identification:_identify(src/mapviz/mapviz) by extension 'ros'
[0.509s] DEBUG:colcon.colcon_core.package_identification:Package 'src/mapviz/mapviz' with type 'ros.ament_cmake' and name 'mapviz'
[0.510s] Level 1:colcon.colcon_core.package_identification:_identify(src/mapviz/mapviz_interfaces) by extensions ['ignore', 'ignore_ament_install']
[0.510s] Level 1:colcon.colcon_core.package_identification:_identify(src/mapviz/mapviz_interfaces) by extension 'ignore'
[0.510s] Level 1:colcon.colcon_core.package_identification:_identify(src/mapviz/mapviz_interfaces) by extension 'ignore_ament_install'
[0.510s] Level 1:colcon.colcon_core.package_identification:_identify(src/mapviz/mapviz_interfaces) by extensions ['colcon_pkg']
[0.510s] Level 1:colcon.colcon_core.package_identification:_identify(src/mapviz/mapviz_interfaces) by extension 'colcon_pkg'
[0.510s] Level 1:colcon.colcon_core.package_identification:_identify(src/mapviz/mapviz_interfaces) by extensions ['colcon_meta']
[0.510s] Level 1:colcon.colcon_core.package_identification:_identify(src/mapviz/mapviz_interfaces) by extension 'colcon_meta'
[0.510s] Level 1:colcon.colcon_core.package_identification:_identify(src/mapviz/mapviz_interfaces) by extensions ['ros']
[0.510s] Level 1:colcon.colcon_core.package_identification:_identify(src/mapviz/mapviz_interfaces) by extension 'ros'
[0.511s] DEBUG:colcon.colcon_core.package_identification:Package 'src/mapviz/mapviz_interfaces' with type 'ros.ament_cmake' and name 'mapviz_interfaces'
[0.511s] Level 1:colcon.colcon_core.package_identification:_identify(src/mapviz/mapviz_plugins) by extensions ['ignore', 'ignore_ament_install']
[0.511s] Level 1:colcon.colcon_core.package_identification:_identify(src/mapviz/mapviz_plugins) by extension 'ignore'
[0.511s] Level 1:colcon.colcon_core.package_identification:_identify(src/mapviz/mapviz_plugins) by extension 'ignore_ament_install'
[0.511s] Level 1:colcon.colcon_core.package_identification:_identify(src/mapviz/mapviz_plugins) by extensions ['colcon_pkg']
[0.511s] Level 1:colcon.colcon_core.package_identification:_identify(src/mapviz/mapviz_plugins) by extension 'colcon_pkg'
[0.511s] Level 1:colcon.colcon_core.package_identification:_identify(src/mapviz/mapviz_plugins) by extensions ['colcon_meta']
[0.511s] Level 1:colcon.colcon_core.package_identification:_identify(src/mapviz/mapviz_plugins) by extension 'colcon_meta'
[0.511s] Level 1:colcon.colcon_core.package_identification:_identify(src/mapviz/mapviz_plugins) by extensions ['ros']
[0.511s] Level 1:colcon.colcon_core.package_identification:_identify(src/mapviz/mapviz_plugins) by extension 'ros'
[0.515s] DEBUG:colcon.colcon_core.package_identification:Package 'src/mapviz/mapviz_plugins' with type 'ros.ament_cmake' and name 'mapviz_plugins'
[0.515s] Level 1:colcon.colcon_core.package_identification:_identify(src/mapviz/multires_image) by extensions ['ignore', 'ignore_ament_install']
[0.515s] Level 1:colcon.colcon_core.package_identification:_identify(src/mapviz/multires_image) by extension 'ignore'
[0.515s] Level 1:colcon.colcon_core.package_identification:_identify(src/mapviz/multires_image) by extension 'ignore_ament_install'
[0.515s] Level 1:colcon.colcon_core.package_identification:_identify(src/mapviz/multires_image) by extensions ['colcon_pkg']
[0.515s] Level 1:colcon.colcon_core.package_identification:_identify(src/mapviz/multires_image) by extension 'colcon_pkg'
[0.515s] Level 1:colcon.colcon_core.package_identification:_identify(src/mapviz/multires_image) by extensions ['colcon_meta']
[0.515s] Level 1:colcon.colcon_core.package_identification:_identify(src/mapviz/multires_image) by extension 'colcon_meta'
[0.515s] Level 1:colcon.colcon_core.package_identification:_identify(src/mapviz/multires_image) by extensions ['ros']
[0.515s] Level 1:colcon.colcon_core.package_identification:_identify(src/mapviz/multires_image) by extension 'ros'
[0.516s] DEBUG:colcon.colcon_core.package_identification:Package 'src/mapviz/multires_image' with type 'ros.ament_cmake' and name 'multires_image'
[0.516s] Level 1:colcon.colcon_core.package_identification:_identify(src/mapviz/tile_map) by extensions ['ignore', 'ignore_ament_install']
[0.517s] Level 1:colcon.colcon_core.package_identification:_identify(src/mapviz/tile_map) by extension 'ignore'
[0.517s] Level 1:colcon.colcon_core.package_identification:_identify(src/mapviz/tile_map) by extension 'ignore_ament_install'
[0.517s] Level 1:colcon.colcon_core.package_identification:_identify(src/mapviz/tile_map) by extensions ['colcon_pkg']
[0.517s] Level 1:colcon.colcon_core.package_identification:_identify(src/mapviz/tile_map) by extension 'colcon_pkg'
[0.517s] Level 1:colcon.colcon_core.package_identification:_identify(src/mapviz/tile_map) by extensions ['colcon_meta']
[0.517s] Level 1:colcon.colcon_core.package_identification:_identify(src/mapviz/tile_map) by extension 'colcon_meta'
[0.517s] Level 1:colcon.colcon_core.package_identification:_identify(src/mapviz/tile_map) by extensions ['ros']
[0.517s] Level 1:colcon.colcon_core.package_identification:_identify(src/mapviz/tile_map) by extension 'ros'
[0.518s] DEBUG:colcon.colcon_core.package_identification:Package 'src/mapviz/tile_map' with type 'ros.ament_cmake' and name 'tile_map'
[0.518s] Level 1:colcon.colcon_core.package_identification:_identify(src/navegacion_gps) by extensions ['ignore', 'ignore_ament_install']
[0.518s] Level 1:colcon.colcon_core.package_identification:_identify(src/navegacion_gps) by extension 'ignore'
[0.518s] Level 1:colcon.colcon_core.package_identification:_identify(src/navegacion_gps) by extension 'ignore_ament_install'
[0.518s] Level 1:colcon.colcon_core.package_identification:_identify(src/navegacion_gps) by extensions ['colcon_pkg']
[0.518s] Level 1:colcon.colcon_core.package_identification:_identify(src/navegacion_gps) by extension 'colcon_pkg'
[0.519s] Level 1:colcon.colcon_core.package_identification:_identify(src/navegacion_gps) by extensions ['colcon_meta']
[0.519s] Level 1:colcon.colcon_core.package_identification:_identify(src/navegacion_gps) by extension 'colcon_meta'
[0.519s] Level 1:colcon.colcon_core.package_identification:_identify(src/navegacion_gps) by extensions ['ros']
[0.519s] Level 1:colcon.colcon_core.package_identification:_identify(src/navegacion_gps) by extension 'ros'
[0.521s] DEBUG:colcon.colcon_core.package_identification:Package 'src/navegacion_gps' with type 'ros.ament_python' and name 'navegacion_gps'
[0.521s] Level 1:colcon.colcon_core.package_identification:_identify(src/rslidar_msg) by extensions ['ignore', 'ignore_ament_install']
[0.521s] Level 1:colcon.colcon_core.package_identification:_identify(src/rslidar_msg) by extension 'ignore'
[0.521s] Level 1:colcon.colcon_core.package_identification:_identify(src/rslidar_msg) by extension 'ignore_ament_install'
[0.521s] Level 1:colcon.colcon_core.package_identification:_identify(src/rslidar_msg) by extensions ['colcon_pkg']
[0.521s] Level 1:colcon.colcon_core.package_identification:_identify(src/rslidar_msg) by extension 'colcon_pkg'
[0.521s] Level 1:colcon.colcon_core.package_identification:_identify(src/rslidar_msg) by extensions ['colcon_meta']
[0.522s] Level 1:colcon.colcon_core.package_identification:_identify(src/rslidar_msg) by extension 'colcon_meta'
[0.522s] Level 1:colcon.colcon_core.package_identification:_identify(src/rslidar_msg) by extensions ['ros']
[0.522s] Level 1:colcon.colcon_core.package_identification:_identify(src/rslidar_msg) by extension 'ros'
[0.522s] DEBUG:colcon.colcon_core.package_identification:Package 'src/rslidar_msg' with type 'ros.ament_cmake' and name 'rslidar_msg'
[0.523s] Level 1:colcon.colcon_core.package_identification:_identify(src/rslidar_sdk) by extensions ['ignore', 'ignore_ament_install']
[0.523s] Level 1:colcon.colcon_core.package_identification:_identify(src/rslidar_sdk) by extension 'ignore'
[0.523s] Level 1:colcon.colcon_core.package_identification:_identify(src/rslidar_sdk) by extension 'ignore_ament_install'
[0.523s] Level 1:colcon.colcon_core.package_identification:_identify(src/rslidar_sdk) by extensions ['colcon_pkg']
[0.523s] Level 1:colcon.colcon_core.package_identification:_identify(src/rslidar_sdk) by extension 'colcon_pkg'
[0.523s] Level 1:colcon.colcon_core.package_identification:_identify(src/rslidar_sdk) by extensions ['colcon_meta']
[0.523s] Level 1:colcon.colcon_core.package_identification:_identify(src/rslidar_sdk) by extension 'colcon_meta'
[0.523s] Level 1:colcon.colcon_core.package_identification:_identify(src/rslidar_sdk) by extensions ['ros']
[0.523s] Level 1:colcon.colcon_core.package_identification:_identify(src/rslidar_sdk) by extension 'ros'
[0.532s] DEBUG:colcon.colcon_core.package_identification:Package 'src/rslidar_sdk' with type 'ros.ament_cmake' and name 'rslidar_sdk'
[0.532s] Level 1:colcon.colcon_core.package_identification:_identify(src/sensores) by extensions ['ignore', 'ignore_ament_install']
[0.532s] Level 1:colcon.colcon_core.package_identification:_identify(src/sensores) by extension 'ignore'
[0.532s] Level 1:colcon.colcon_core.package_identification:_identify(src/sensores) by extension 'ignore_ament_install'
[0.532s] Level 1:colcon.colcon_core.package_identification:_identify(src/sensores) by extensions ['colcon_pkg']
[0.532s] Level 1:colcon.colcon_core.package_identification:_identify(src/sensores) by extension 'colcon_pkg'
[0.532s] Level 1:colcon.colcon_core.package_identification:_identify(src/sensores) by extensions ['colcon_meta']
[0.532s] Level 1:colcon.colcon_core.package_identification:_identify(src/sensores) by extension 'colcon_meta'
[0.532s] Level 1:colcon.colcon_core.package_identification:_identify(src/sensores) by extensions ['ros']
[0.532s] Level 1:colcon.colcon_core.package_identification:_identify(src/sensores) by extension 'ros'
[0.534s] DEBUG:colcon.colcon_core.package_identification:Package 'src/sensores' with type 'ros.ament_python' and name 'sensores'
[0.534s] Level 1:colcon.colcon_core.package_discovery:discover_packages(recursive) using defaults
[0.534s] Level 1:colcon.colcon_core.package_discovery:discover_packages(ignore) discover
[0.534s] Level 1:colcon.colcon_core.package_discovery:discover_packages(ignore) using defaults
[0.534s] Level 1:colcon.colcon_core.package_discovery:discover_packages(path) discover
[0.534s] Level 1:colcon.colcon_core.package_discovery:discover_packages(path) using defaults
[0.574s] INFO:colcon.colcon_core.package_selection:Skipping not selected package 'rslidar_msg' in 'src/rslidar_msg'
[0.574s] INFO:colcon.colcon_core.package_selection:Skipping not selected package 'sensores' in 'src/sensores'
[0.574s] INFO:colcon.colcon_core.package_selection:Skipping not selected package 'rslidar_sdk' in 'src/rslidar_sdk'
[0.574s] INFO:colcon.colcon_core.package_selection:Skipping not selected package 'navegacion_gps' in 'src/navegacion_gps'
[0.575s] Level 5:colcon.colcon_core.verb:set package 'mapviz_interfaces' build argument 'cmake_args' from command line to 'None'
[0.575s] Level 5:colcon.colcon_core.verb:set package 'mapviz_interfaces' build argument 'cmake_target' from command line to 'None'
[0.575s] Level 5:colcon.colcon_core.verb:set package 'mapviz_interfaces' build argument 'cmake_target_skip_unavailable' from command line to 'False'
[0.575s] Level 5:colcon.colcon_core.verb:set package 'mapviz_interfaces' build argument 'cmake_clean_cache' from command line to 'False'
[0.575s] Level 5:colcon.colcon_core.verb:set package 'mapviz_interfaces' build argument 'cmake_clean_first' from command line to 'False'
[0.575s] Level 5:colcon.colcon_core.verb:set package 'mapviz_interfaces' build argument 'cmake_force_configure' from command line to 'False'
[0.575s] Level 5:colcon.colcon_core.verb:set package 'mapviz_interfaces' build argument 'ament_cmake_args' from command line to 'None'
[0.575s] Level 5:colcon.colcon_core.verb:set package 'mapviz_interfaces' build argument 'catkin_cmake_args' from command line to 'None'
[0.575s] Level 5:colcon.colcon_core.verb:set package 'mapviz_interfaces' build argument 'catkin_skip_building_tests' from command line to 'False'
[0.575s] DEBUG:colcon.colcon_core.verb:Building package 'mapviz_interfaces' with the following arguments: {'ament_cmake_args': None, 'build_base': '/ros2_ws/build/mapviz_interfaces', 'catkin_cmake_args': None, 'catkin_skip_building_tests': False, 'cmake_args': None, 'cmake_clean_cache': False, 'cmake_clean_first': False, 'cmake_force_configure': False, 'cmake_target': None, 'cmake_target_skip_unavailable': False, 'install_base': '/ros2_ws/install/mapviz_interfaces', 'merge_install': False, 'path': '/ros2_ws/src/mapviz/mapviz_interfaces', 'symlink_install': True, 'test_result_base': None}
[0.575s] Level 5:colcon.colcon_core.verb:set package 'mapviz' build argument 'cmake_args' from command line to 'None'
[0.575s] Level 5:colcon.colcon_core.verb:set package 'mapviz' build argument 'cmake_target' from command line to 'None'
[0.575s] Level 5:colcon.colcon_core.verb:set package 'mapviz' build argument 'cmake_target_skip_unavailable' from command line to 'False'
[0.575s] Level 5:colcon.colcon_core.verb:set package 'mapviz' build argument 'cmake_clean_cache' from command line to 'False'
[0.575s] Level 5:colcon.colcon_core.verb:set package 'mapviz' build argument 'cmake_clean_first' from command line to 'False'
[0.575s] Level 5:colcon.colcon_core.verb:set package 'mapviz' build argument 'cmake_force_configure' from command line to 'False'
[0.575s] Level 5:colcon.colcon_core.verb:set package 'mapviz' build argument 'ament_cmake_args' from command line to 'None'
[0.575s] Level 5:colcon.colcon_core.verb:set package 'mapviz' build argument 'catkin_cmake_args' from command line to 'None'
[0.575s] Level 5:colcon.colcon_core.verb:set package 'mapviz' build argument 'catkin_skip_building_tests' from command line to 'False'
[0.575s] DEBUG:colcon.colcon_core.verb:Building package 'mapviz' with the following arguments: {'ament_cmake_args': None, 'build_base': '/ros2_ws/build/mapviz', 'catkin_cmake_args': None, 'catkin_skip_building_tests': False, 'cmake_args': None, 'cmake_clean_cache': False, 'cmake_clean_first': False, 'cmake_force_configure': False, 'cmake_target': None, 'cmake_target_skip_unavailable': False, 'install_base': '/ros2_ws/install/mapviz', 'merge_install': False, 'path': '/ros2_ws/src/mapviz/mapviz', 'symlink_install': True, 'test_result_base': None}
[0.576s] Level 5:colcon.colcon_core.verb:set package 'mapviz_plugins' build argument 'cmake_args' from command line to 'None'
[0.576s] Level 5:colcon.colcon_core.verb:set package 'mapviz_plugins' build argument 'cmake_target' from command line to 'None'
[0.576s] Level 5:colcon.colcon_core.verb:set package 'mapviz_plugins' build argument 'cmake_target_skip_unavailable' from command line to 'False'
[0.576s] Level 5:colcon.colcon_core.verb:set package 'mapviz_plugins' build argument 'cmake_clean_cache' from command line to 'False'
[0.576s] Level 5:colcon.colcon_core.verb:set package 'mapviz_plugins' build argument 'cmake_clean_first' from command line to 'False'
[0.576s] Level 5:colcon.colcon_core.verb:set package 'mapviz_plugins' build argument 'cmake_force_configure' from command line to 'False'
[0.576s] Level 5:colcon.colcon_core.verb:set package 'mapviz_plugins' build argument 'ament_cmake_args' from command line to 'None'
[0.576s] Level 5:colcon.colcon_core.verb:set package 'mapviz_plugins' build argument 'catkin_cmake_args' from command line to 'None'
[0.576s] Level 5:colcon.colcon_core.verb:set package 'mapviz_plugins' build argument 'catkin_skip_building_tests' from command line to 'False'
[0.576s] DEBUG:colcon.colcon_core.verb:Building package 'mapviz_plugins' with the following arguments: {'ament_cmake_args': None, 'build_base': '/ros2_ws/build/mapviz_plugins', 'catkin_cmake_args': None, 'catkin_skip_building_tests': False, 'cmake_args': None, 'cmake_clean_cache': False, 'cmake_clean_first': False, 'cmake_force_configure': False, 'cmake_target': None, 'cmake_target_skip_unavailable': False, 'install_base': '/ros2_ws/install/mapviz_plugins', 'merge_install': False, 'path': '/ros2_ws/src/mapviz/mapviz_plugins', 'symlink_install': True, 'test_result_base': None}
[0.576s] Level 5:colcon.colcon_core.verb:set package 'multires_image' build argument 'cmake_args' from command line to 'None'
[0.576s] Level 5:colcon.colcon_core.verb:set package 'multires_image' build argument 'cmake_target' from command line to 'None'
[0.576s] Level 5:colcon.colcon_core.verb:set package 'multires_image' build argument 'cmake_target_skip_unavailable' from command line to 'False'
[0.576s] Level 5:colcon.colcon_core.verb:set package 'multires_image' build argument 'cmake_clean_cache' from command line to 'False'
[0.576s] Level 5:colcon.colcon_core.verb:set package 'multires_image' build argument 'cmake_clean_first' from command line to 'False'
[0.576s] Level 5:colcon.colcon_core.verb:set package 'multires_image' build argument 'cmake_force_configure' from command line to 'False'
[0.576s] Level 5:colcon.colcon_core.verb:set package 'multires_image' build argument 'ament_cmake_args' from command line to 'None'
[0.576s] Level 5:colcon.colcon_core.verb:set package 'multires_image' build argument 'catkin_cmake_args' from command line to 'None'
[0.576s] Level 5:colcon.colcon_core.verb:set package 'multires_image' build argument 'catkin_skip_building_tests' from command line to 'False'
[0.576s] DEBUG:colcon.colcon_core.verb:Building package 'multires_image' with the following arguments: {'ament_cmake_args': None, 'build_base': '/ros2_ws/build/multires_image', 'catkin_cmake_args': None, 'catkin_skip_building_tests': False, 'cmake_args': None, 'cmake_clean_cache': False, 'cmake_clean_first': False, 'cmake_force_configure': False, 'cmake_target': None, 'cmake_target_skip_unavailable': False, 'install_base': '/ros2_ws/install/multires_image', 'merge_install': False, 'path': '/ros2_ws/src/mapviz/multires_image', 'symlink_install': True, 'test_result_base': None}
[0.577s] Level 5:colcon.colcon_core.verb:set package 'tile_map' build argument 'cmake_args' from command line to 'None'
[0.577s] Level 5:colcon.colcon_core.verb:set package 'tile_map' build argument 'cmake_target' from command line to 'None'
[0.577s] Level 5:colcon.colcon_core.verb:set package 'tile_map' build argument 'cmake_target_skip_unavailable' from command line to 'False'
[0.577s] Level 5:colcon.colcon_core.verb:set package 'tile_map' build argument 'cmake_clean_cache' from command line to 'False'
[0.577s] Level 5:colcon.colcon_core.verb:set package 'tile_map' build argument 'cmake_clean_first' from command line to 'False'
[0.577s] Level 5:colcon.colcon_core.verb:set package 'tile_map' build argument 'cmake_force_configure' from command line to 'False'
[0.577s] Level 5:colcon.colcon_core.verb:set package 'tile_map' build argument 'ament_cmake_args' from command line to 'None'
[0.577s] Level 5:colcon.colcon_core.verb:set package 'tile_map' build argument 'catkin_cmake_args' from command line to 'None'
[0.577s] Level 5:colcon.colcon_core.verb:set package 'tile_map' build argument 'catkin_skip_building_tests' from command line to 'False'
[0.577s] DEBUG:colcon.colcon_core.verb:Building package 'tile_map' with the following arguments: {'ament_cmake_args': None, 'build_base': '/ros2_ws/build/tile_map', 'catkin_cmake_args': None, 'catkin_skip_building_tests': False, 'cmake_args': None, 'cmake_clean_cache': False, 'cmake_clean_first': False, 'cmake_force_configure': False, 'cmake_target': None, 'cmake_target_skip_unavailable': False, 'install_base': '/ros2_ws/install/tile_map', 'merge_install': False, 'path': '/ros2_ws/src/mapviz/tile_map', 'symlink_install': True, 'test_result_base': None}
[0.577s] INFO:colcon.colcon_core.executor:Executing jobs using 'parallel' executor
[0.578s] DEBUG:colcon.colcon_parallel_executor.executor.parallel:run_until_complete
[0.579s] INFO:colcon.colcon_ros.task.ament_cmake.build:Building ROS package in '/ros2_ws/src/mapviz/mapviz_interfaces' with build type 'ament_cmake'
[0.579s] INFO:colcon.colcon_cmake.task.cmake.build:Building CMake package in '/ros2_ws/src/mapviz/mapviz_interfaces'
[0.585s] INFO:colcon.colcon_core.plugin_system:Skipping extension 'colcon_core.shell.bat': Not used on non-Windows systems
[0.585s] INFO:colcon.colcon_core.shell:Skip shell extension 'powershell' for command environment: Not usable outside of PowerShell
[0.585s] DEBUG:colcon.colcon_core.shell:Skip shell extension 'dsv' for command environment
[0.596s] DEBUG:colcon.colcon_core.event_handler.log_command:Invoking command in '/ros2_ws/build/mapviz_interfaces': CMAKE_PREFIX_PATH=/opt/ros/humble /usr/bin/cmake /ros2_ws/src/mapviz/mapviz_interfaces -DAMENT_CMAKE_SYMLINK_INSTALL=1 -DCMAKE_INSTALL_PREFIX=/ros2_ws/install/mapviz_interfaces
[3.626s] DEBUG:colcon.colcon_core.event_handler.log_command:Invoked command in '/ros2_ws/build/mapviz_interfaces' returned '0': CMAKE_PREFIX_PATH=/opt/ros/humble /usr/bin/cmake /ros2_ws/src/mapviz/mapviz_interfaces -DAMENT_CMAKE_SYMLINK_INSTALL=1 -DCMAKE_INSTALL_PREFIX=/ros2_ws/install/mapviz_interfaces
[3.628s] DEBUG:colcon.colcon_core.event_handler.log_command:Invoking command in '/ros2_ws/build/mapviz_interfaces': CMAKE_PREFIX_PATH=/opt/ros/humble /usr/bin/cmake --build /ros2_ws/build/mapviz_interfaces -- -j4 -l4
[7.427s] DEBUG:colcon.colcon_core.event_handler.log_command:Invoked command in '/ros2_ws/build/mapviz_interfaces' returned '0': CMAKE_PREFIX_PATH=/opt/ros/humble /usr/bin/cmake --build /ros2_ws/build/mapviz_interfaces -- -j4 -l4
[7.437s] DEBUG:colcon.colcon_core.event_handler.log_command:Invoking command in '/ros2_ws/build/mapviz_interfaces': CMAKE_PREFIX_PATH=/opt/ros/humble /usr/bin/cmake --install /ros2_ws/build/mapviz_interfaces
[8.007s] Level 1:colcon.colcon_core.environment:create_environment_scripts_only(mapviz_interfaces)
[8.008s] DEBUG:colcon.colcon_core.event_handler.log_command:Invoked command in '/ros2_ws/build/mapviz_interfaces' returned '0': CMAKE_PREFIX_PATH=/opt/ros/humble /usr/bin/cmake --install /ros2_ws/build/mapviz_interfaces
[8.014s] Level 1:colcon.colcon_core.environment:checking '/ros2_ws/install/mapviz_interfaces' for CMake module files
[8.015s] Level 1:colcon.colcon_core.environment:checking '/ros2_ws/install/mapviz_interfaces' for CMake config files
[8.015s] Level 1:colcon.colcon_core.shell:create_environment_hook('mapviz_interfaces', 'cmake_prefix_path')
[8.016s] INFO:colcon.colcon_core.shell:Creating environment hook '/ros2_ws/install/mapviz_interfaces/share/mapviz_interfaces/hook/cmake_prefix_path.ps1'
[8.017s] INFO:colcon.colcon_core.shell:Creating environment descriptor '/ros2_ws/install/mapviz_interfaces/share/mapviz_interfaces/hook/cmake_prefix_path.dsv'
[8.018s] INFO:colcon.colcon_core.shell:Creating environment hook '/ros2_ws/install/mapviz_interfaces/share/mapviz_interfaces/hook/cmake_prefix_path.sh'
[8.019s] Level 1:colcon.colcon_core.environment:checking '/ros2_ws/install/mapviz_interfaces/lib'
[8.019s] Level 1:colcon.colcon_core.shell:create_environment_hook('mapviz_interfaces', 'ld_library_path_lib')
[8.019s] INFO:colcon.colcon_core.shell:Creating environment hook '/ros2_ws/install/mapviz_interfaces/share/mapviz_interfaces/hook/ld_library_path_lib.ps1'
[8.020s] INFO:colcon.colcon_core.shell:Creating environment descriptor '/ros2_ws/install/mapviz_interfaces/share/mapviz_interfaces/hook/ld_library_path_lib.dsv'
[8.020s] INFO:colcon.colcon_core.shell:Creating environment hook '/ros2_ws/install/mapviz_interfaces/share/mapviz_interfaces/hook/ld_library_path_lib.sh'
[8.021s] Level 1:colcon.colcon_core.environment:checking '/ros2_ws/install/mapviz_interfaces/bin'
[8.021s] Level 1:colcon.colcon_core.environment:checking '/ros2_ws/install/mapviz_interfaces/lib/pkgconfig/mapviz_interfaces.pc'
[8.022s] Level 1:colcon.colcon_core.environment:checking '/ros2_ws/install/mapviz_interfaces/lib/python3.10/site-packages'
[8.022s] Level 1:colcon.colcon_core.environment:checking '/ros2_ws/install/mapviz_interfaces/bin'
[8.023s] INFO:colcon.colcon_core.shell:Creating package script '/ros2_ws/install/mapviz_interfaces/share/mapviz_interfaces/package.ps1'
[8.024s] INFO:colcon.colcon_core.shell:Creating package descriptor '/ros2_ws/install/mapviz_interfaces/share/mapviz_interfaces/package.dsv'
[8.025s] INFO:colcon.colcon_core.shell:Creating package script '/ros2_ws/install/mapviz_interfaces/share/mapviz_interfaces/package.sh'
[8.026s] INFO:colcon.colcon_core.shell:Creating package script '/ros2_ws/install/mapviz_interfaces/share/mapviz_interfaces/package.bash'
[8.027s] INFO:colcon.colcon_core.shell:Creating package script '/ros2_ws/install/mapviz_interfaces/share/mapviz_interfaces/package.zsh'
[8.028s] Level 1:colcon.colcon_core.environment:create_file_with_runtime_dependencies(/ros2_ws/install/mapviz_interfaces/share/colcon-core/packages/mapviz_interfaces)
[8.029s] Level 1:colcon.colcon_core.environment:create_environment_scripts_only(mapviz_interfaces)
[8.029s] Level 1:colcon.colcon_core.environment:checking '/ros2_ws/install/mapviz_interfaces' for CMake module files
[8.030s] Level 1:colcon.colcon_core.environment:checking '/ros2_ws/install/mapviz_interfaces' for CMake config files
[8.030s] Level 1:colcon.colcon_core.shell:create_environment_hook('mapviz_interfaces', 'cmake_prefix_path')
[8.030s] INFO:colcon.colcon_core.shell:Creating environment hook '/ros2_ws/install/mapviz_interfaces/share/mapviz_interfaces/hook/cmake_prefix_path.ps1'
[8.031s] INFO:colcon.colcon_core.shell:Creating environment descriptor '/ros2_ws/install/mapviz_interfaces/share/mapviz_interfaces/hook/cmake_prefix_path.dsv'
[8.032s] INFO:colcon.colcon_core.shell:Creating environment hook '/ros2_ws/install/mapviz_interfaces/share/mapviz_interfaces/hook/cmake_prefix_path.sh'
[8.033s] Level 1:colcon.colcon_core.environment:checking '/ros2_ws/install/mapviz_interfaces/lib'
[8.033s] Level 1:colcon.colcon_core.shell:create_environment_hook('mapviz_interfaces', 'ld_library_path_lib')
[8.033s] INFO:colcon.colcon_core.shell:Creating environment hook '/ros2_ws/install/mapviz_interfaces/share/mapviz_interfaces/hook/ld_library_path_lib.ps1'
[8.034s] INFO:colcon.colcon_core.shell:Creating environment descriptor '/ros2_ws/install/mapviz_interfaces/share/mapviz_interfaces/hook/ld_library_path_lib.dsv'
[8.034s] INFO:colcon.colcon_core.shell:Creating environment hook '/ros2_ws/install/mapviz_interfaces/share/mapviz_interfaces/hook/ld_library_path_lib.sh'
[8.035s] Level 1:colcon.colcon_core.environment:checking '/ros2_ws/install/mapviz_interfaces/bin'
[8.035s] Level 1:colcon.colcon_core.environment:checking '/ros2_ws/install/mapviz_interfaces/lib/pkgconfig/mapviz_interfaces.pc'
[8.036s] Level 1:colcon.colcon_core.environment:checking '/ros2_ws/install/mapviz_interfaces/lib/python3.10/site-packages'
[8.036s] Level 1:colcon.colcon_core.environment:checking '/ros2_ws/install/mapviz_interfaces/bin'
[8.036s] INFO:colcon.colcon_core.shell:Creating package script '/ros2_ws/install/mapviz_interfaces/share/mapviz_interfaces/package.ps1'
[8.037s] INFO:colcon.colcon_core.shell:Creating package descriptor '/ros2_ws/install/mapviz_interfaces/share/mapviz_interfaces/package.dsv'
[8.038s] INFO:colcon.colcon_core.shell:Creating package script '/ros2_ws/install/mapviz_interfaces/share/mapviz_interfaces/package.sh'
[8.039s] INFO:colcon.colcon_core.shell:Creating package script '/ros2_ws/install/mapviz_interfaces/share/mapviz_interfaces/package.bash'
[8.040s] INFO:colcon.colcon_core.shell:Creating package script '/ros2_ws/install/mapviz_interfaces/share/mapviz_interfaces/package.zsh'
[8.041s] Level 1:colcon.colcon_core.environment:create_file_with_runtime_dependencies(/ros2_ws/install/mapviz_interfaces/share/colcon-core/packages/mapviz_interfaces)
[8.043s] INFO:colcon.colcon_ros.task.ament_cmake.build:Building ROS package in '/ros2_ws/src/mapviz/mapviz' with build type 'ament_cmake'
[8.043s] INFO:colcon.colcon_cmake.task.cmake.build:Building CMake package in '/ros2_ws/src/mapviz/mapviz'
[8.043s] INFO:colcon.colcon_core.shell:Skip shell extension 'powershell' for command environment: Not usable outside of PowerShell
[8.043s] DEBUG:colcon.colcon_core.shell:Skip shell extension 'dsv' for command environment
[8.053s] DEBUG:colcon.colcon_core.event_handler.log_command:Invoking command in '/ros2_ws/build/mapviz': AMENT_PREFIX_PATH=/ros2_ws/install/mapviz_interfaces:${AMENT_PREFIX_PATH} CMAKE_PREFIX_PATH=/ros2_ws/install/mapviz_interfaces:/opt/ros/humble LD_LIBRARY_PATH=/ros2_ws/install/mapviz_interfaces/lib:${LD_LIBRARY_PATH} PYTHONPATH=/ros2_ws/install/mapviz_interfaces/local/lib/python3.10/dist-packages:${PYTHONPATH} /usr/bin/cmake /ros2_ws/src/mapviz/mapviz -DAMENT_CMAKE_SYMLINK_INSTALL=1 -DCMAKE_INSTALL_PREFIX=/ros2_ws/install/mapviz
[10.087s] DEBUG:colcon.colcon_core.event_handler.log_command:Invoked command in '/ros2_ws/build/mapviz' returned '0': AMENT_PREFIX_PATH=/ros2_ws/install/mapviz_interfaces:${AMENT_PREFIX_PATH} CMAKE_PREFIX_PATH=/ros2_ws/install/mapviz_interfaces:/opt/ros/humble LD_LIBRARY_PATH=/ros2_ws/install/mapviz_interfaces/lib:${LD_LIBRARY_PATH} PYTHONPATH=/ros2_ws/install/mapviz_interfaces/local/lib/python3.10/dist-packages:${PYTHONPATH} /usr/bin/cmake /ros2_ws/src/mapviz/mapviz -DAMENT_CMAKE_SYMLINK_INSTALL=1 -DCMAKE_INSTALL_PREFIX=/ros2_ws/install/mapviz
[10.088s] DEBUG:colcon.colcon_core.event_handler.log_command:Invoking command in '/ros2_ws/build/mapviz': AMENT_PREFIX_PATH=/ros2_ws/install/mapviz_interfaces:${AMENT_PREFIX_PATH} CMAKE_PREFIX_PATH=/ros2_ws/install/mapviz_interfaces:/opt/ros/humble LD_LIBRARY_PATH=/ros2_ws/install/mapviz_interfaces/lib:${LD_LIBRARY_PATH} PYTHONPATH=/ros2_ws/install/mapviz_interfaces/local/lib/python3.10/dist-packages:${PYTHONPATH} /usr/bin/cmake --build /ros2_ws/build/mapviz -- -j4 -l4
[70.955s] DEBUG:colcon.colcon_core.event_handler.log_command:Invoked command in '/ros2_ws/build/mapviz' returned '0': AMENT_PREFIX_PATH=/ros2_ws/install/mapviz_interfaces:${AMENT_PREFIX_PATH} CMAKE_PREFIX_PATH=/ros2_ws/install/mapviz_interfaces:/opt/ros/humble LD_LIBRARY_PATH=/ros2_ws/install/mapviz_interfaces/lib:${LD_LIBRARY_PATH} PYTHONPATH=/ros2_ws/install/mapviz_interfaces/local/lib/python3.10/dist-packages:${PYTHONPATH} /usr/bin/cmake --build /ros2_ws/build/mapviz -- -j4 -l4
[70.958s] DEBUG:colcon.colcon_core.event_handler.log_command:Invoking command in '/ros2_ws/build/mapviz': AMENT_PREFIX_PATH=/ros2_ws/install/mapviz_interfaces:${AMENT_PREFIX_PATH} CMAKE_PREFIX_PATH=/ros2_ws/install/mapviz_interfaces:/opt/ros/humble LD_LIBRARY_PATH=/ros2_ws/install/mapviz_interfaces/lib:${LD_LIBRARY_PATH} PYTHONPATH=/ros2_ws/install/mapviz_interfaces/local/lib/python3.10/dist-packages:${PYTHONPATH} /usr/bin/cmake --install /ros2_ws/build/mapviz
[71.172s] Level 1:colcon.colcon_core.environment:create_environment_scripts_only(mapviz)
[71.173s] DEBUG:colcon.colcon_core.event_handler.log_command:Invoked command in '/ros2_ws/build/mapviz' returned '0': AMENT_PREFIX_PATH=/ros2_ws/install/mapviz_interfaces:${AMENT_PREFIX_PATH} CMAKE_PREFIX_PATH=/ros2_ws/install/mapviz_interfaces:/opt/ros/humble LD_LIBRARY_PATH=/ros2_ws/install/mapviz_interfaces/lib:${LD_LIBRARY_PATH} PYTHONPATH=/ros2_ws/install/mapviz_interfaces/local/lib/python3.10/dist-packages:${PYTHONPATH} /usr/bin/cmake --install /ros2_ws/build/mapviz
[71.174s] Level 1:colcon.colcon_core.environment:checking '/ros2_ws/install/mapviz' for CMake module files
[71.175s] Level 1:colcon.colcon_core.environment:checking '/ros2_ws/install/mapviz' for CMake config files
[71.176s] Level 1:colcon.colcon_core.shell:create_environment_hook('mapviz', 'cmake_prefix_path')
[71.176s] INFO:colcon.colcon_core.shell:Creating environment hook '/ros2_ws/install/mapviz/share/mapviz/hook/cmake_prefix_path.ps1'
[71.178s] INFO:colcon.colcon_core.shell:Creating environment descriptor '/ros2_ws/install/mapviz/share/mapviz/hook/cmake_prefix_path.dsv'
[71.179s] INFO:colcon.colcon_core.shell:Creating environment hook '/ros2_ws/install/mapviz/share/mapviz/hook/cmake_prefix_path.sh'
[71.180s] Level 1:colcon.colcon_core.environment:checking '/ros2_ws/install/mapviz/lib'
[71.180s] Level 1:colcon.colcon_core.environment:checking '/ros2_ws/install/mapviz/bin'
[71.180s] Level 1:colcon.colcon_core.environment:checking '/ros2_ws/install/mapviz/lib/pkgconfig/mapviz.pc'
[71.181s] Level 1:colcon.colcon_core.environment:checking '/ros2_ws/install/mapviz/lib/python3.10/site-packages'
[71.181s] Level 1:colcon.colcon_core.environment:checking '/ros2_ws/install/mapviz/bin'
[71.182s] INFO:colcon.colcon_core.shell:Creating package script '/ros2_ws/install/mapviz/share/mapviz/package.ps1'
[71.183s] INFO:colcon.colcon_core.shell:Creating package descriptor '/ros2_ws/install/mapviz/share/mapviz/package.dsv'
[71.183s] INFO:colcon.colcon_core.shell:Creating package script '/ros2_ws/install/mapviz/share/mapviz/package.sh'
[71.184s] INFO:colcon.colcon_core.shell:Creating package script '/ros2_ws/install/mapviz/share/mapviz/package.bash'
[71.185s] INFO:colcon.colcon_core.shell:Creating package script '/ros2_ws/install/mapviz/share/mapviz/package.zsh'
[71.185s] Level 1:colcon.colcon_core.environment:create_file_with_runtime_dependencies(/ros2_ws/install/mapviz/share/colcon-core/packages/mapviz)
[71.186s] Level 1:colcon.colcon_core.environment:create_environment_scripts_only(mapviz)
[71.187s] Level 1:colcon.colcon_core.environment:checking '/ros2_ws/install/mapviz' for CMake module files
[71.187s] Level 1:colcon.colcon_core.environment:checking '/ros2_ws/install/mapviz' for CMake config files
[71.187s] Level 1:colcon.colcon_core.shell:create_environment_hook('mapviz', 'cmake_prefix_path')
[71.188s] INFO:colcon.colcon_core.shell:Creating environment hook '/ros2_ws/install/mapviz/share/mapviz/hook/cmake_prefix_path.ps1'
[71.188s] INFO:colcon.colcon_core.shell:Creating environment descriptor '/ros2_ws/install/mapviz/share/mapviz/hook/cmake_prefix_path.dsv'
[71.190s] INFO:colcon.colcon_core.shell:Creating environment hook '/ros2_ws/install/mapviz/share/mapviz/hook/cmake_prefix_path.sh'
[71.192s] Level 1:colcon.colcon_core.environment:checking '/ros2_ws/install/mapviz/lib'
[71.192s] Level 1:colcon.colcon_core.environment:checking '/ros2_ws/install/mapviz/bin'
[71.192s] Level 1:colcon.colcon_core.environment:checking '/ros2_ws/install/mapviz/lib/pkgconfig/mapviz.pc'
[71.192s] Level 1:colcon.colcon_core.environment:checking '/ros2_ws/install/mapviz/lib/python3.10/site-packages'
[71.192s] Level 1:colcon.colcon_core.environment:checking '/ros2_ws/install/mapviz/bin'
[71.193s] INFO:colcon.colcon_core.shell:Creating package script '/ros2_ws/install/mapviz/share/mapviz/package.ps1'
[71.193s] INFO:colcon.colcon_core.shell:Creating package descriptor '/ros2_ws/install/mapviz/share/mapviz/package.dsv'
[71.195s] INFO:colcon.colcon_core.shell:Creating package script '/ros2_ws/install/mapviz/share/mapviz/package.sh'
[71.196s] INFO:colcon.colcon_core.shell:Creating package script '/ros2_ws/install/mapviz/share/mapviz/package.bash'
[71.198s] INFO:colcon.colcon_core.shell:Creating package script '/ros2_ws/install/mapviz/share/mapviz/package.zsh'
[71.200s] Level 1:colcon.colcon_core.environment:create_file_with_runtime_dependencies(/ros2_ws/install/mapviz/share/colcon-core/packages/mapviz)
[71.207s] INFO:colcon.colcon_ros.task.ament_cmake.build:Building ROS package in '/ros2_ws/src/mapviz/mapviz_plugins' with build type 'ament_cmake'
[71.207s] INFO:colcon.colcon_cmake.task.cmake.build:Building CMake package in '/ros2_ws/src/mapviz/mapviz_plugins'
[71.207s] INFO:colcon.colcon_core.shell:Skip shell extension 'powershell' for command environment: Not usable outside of PowerShell
[71.207s] DEBUG:colcon.colcon_core.shell:Skip shell extension 'dsv' for command environment
[71.233s] INFO:colcon.colcon_ros.task.ament_cmake.build:Building ROS package in '/ros2_ws/src/mapviz/multires_image' with build type 'ament_cmake'
[71.245s] INFO:colcon.colcon_cmake.task.cmake.build:Building CMake package in '/ros2_ws/src/mapviz/multires_image'
[71.245s] INFO:colcon.colcon_core.shell:Skip shell extension 'powershell' for command environment: Not usable outside of PowerShell
[71.245s] DEBUG:colcon.colcon_core.shell:Skip shell extension 'dsv' for command environment
[71.249s] INFO:colcon.colcon_ros.task.ament_cmake.build:Building ROS package in '/ros2_ws/src/mapviz/tile_map' with build type 'ament_cmake'
[71.250s] INFO:colcon.colcon_cmake.task.cmake.build:Building CMake package in '/ros2_ws/src/mapviz/tile_map'
[71.250s] INFO:colcon.colcon_core.shell:Skip shell extension 'powershell' for command environment: Not usable outside of PowerShell
[71.251s] DEBUG:colcon.colcon_core.shell:Skip shell extension 'dsv' for command environment
[71.268s] DEBUG:colcon.colcon_core.event_handler.log_command:Invoking command in '/ros2_ws/build/tile_map': AMENT_PREFIX_PATH=/ros2_ws/install/mapviz:/ros2_ws/install/mapviz_interfaces:${AMENT_PREFIX_PATH} CMAKE_PREFIX_PATH=/ros2_ws/install/mapviz:/ros2_ws/install/mapviz_interfaces:/opt/ros/humble LD_LIBRARY_PATH=/ros2_ws/install/mapviz/lib:/ros2_ws/install/mapviz_interfaces/lib:${LD_LIBRARY_PATH} PYTHONPATH=/ros2_ws/install/mapviz_interfaces/local/lib/python3.10/dist-packages:${PYTHONPATH} /usr/bin/cmake /ros2_ws/src/mapviz/tile_map -DAMENT_CMAKE_SYMLINK_INSTALL=1 -DCMAKE_INSTALL_PREFIX=/ros2_ws/install/tile_map
[71.269s] DEBUG:colcon.colcon_core.event_handler.log_command:Invoking command in '/ros2_ws/build/mapviz_plugins': AMENT_PREFIX_PATH=/ros2_ws/install/mapviz:/ros2_ws/install/mapviz_interfaces:${AMENT_PREFIX_PATH} CMAKE_PREFIX_PATH=/ros2_ws/install/mapviz:/ros2_ws/install/mapviz_interfaces:/opt/ros/humble LD_LIBRARY_PATH=/ros2_ws/install/mapviz/lib:/ros2_ws/install/mapviz_interfaces/lib:${LD_LIBRARY_PATH} PYTHONPATH=/ros2_ws/install/mapviz_interfaces/local/lib/python3.10/dist-packages:${PYTHONPATH} /usr/bin/cmake /ros2_ws/src/mapviz/mapviz_plugins -DAMENT_CMAKE_SYMLINK_INSTALL=1 -DCMAKE_INSTALL_PREFIX=/ros2_ws/install/mapviz_plugins
[71.272s] DEBUG:colcon.colcon_core.event_handler.log_command:Invoking command in '/ros2_ws/build/multires_image': AMENT_PREFIX_PATH=/ros2_ws/install/mapviz:/ros2_ws/install/mapviz_interfaces:${AMENT_PREFIX_PATH} CMAKE_PREFIX_PATH=/ros2_ws/install/mapviz:/ros2_ws/install/mapviz_interfaces:/opt/ros/humble LD_LIBRARY_PATH=/ros2_ws/install/mapviz/lib:/ros2_ws/install/mapviz_interfaces/lib:${LD_LIBRARY_PATH} PYTHONPATH=/ros2_ws/install/mapviz_interfaces/local/lib/python3.10/dist-packages:${PYTHONPATH} /usr/bin/cmake /ros2_ws/src/mapviz/multires_image -DAMENT_CMAKE_SYMLINK_INSTALL=1 -DCMAKE_INSTALL_PREFIX=/ros2_ws/install/multires_image
[74.037s] DEBUG:colcon.colcon_core.event_handler.log_command:Invoked command in '/ros2_ws/build/multires_image' returned '0': AMENT_PREFIX_PATH=/ros2_ws/install/mapviz:/ros2_ws/install/mapviz_interfaces:${AMENT_PREFIX_PATH} CMAKE_PREFIX_PATH=/ros2_ws/install/mapviz:/ros2_ws/install/mapviz_interfaces:/opt/ros/humble LD_LIBRARY_PATH=/ros2_ws/install/mapviz/lib:/ros2_ws/install/mapviz_interfaces/lib:${LD_LIBRARY_PATH} PYTHONPATH=/ros2_ws/install/mapviz_interfaces/local/lib/python3.10/dist-packages:${PYTHONPATH} /usr/bin/cmake /ros2_ws/src/mapviz/multires_image -DAMENT_CMAKE_SYMLINK_INSTALL=1 -DCMAKE_INSTALL_PREFIX=/ros2_ws/install/multires_image
[74.039s] DEBUG:colcon.colcon_core.event_handler.log_command:Invoking command in '/ros2_ws/build/multires_image': AMENT_PREFIX_PATH=/ros2_ws/install/mapviz:/ros2_ws/install/mapviz_interfaces:${AMENT_PREFIX_PATH} CMAKE_PREFIX_PATH=/ros2_ws/install/mapviz:/ros2_ws/install/mapviz_interfaces:/opt/ros/humble LD_LIBRARY_PATH=/ros2_ws/install/mapviz/lib:/ros2_ws/install/mapviz_interfaces/lib:${LD_LIBRARY_PATH} PYTHONPATH=/ros2_ws/install/mapviz_interfaces/local/lib/python3.10/dist-packages:${PYTHONPATH} /usr/bin/cmake --build /ros2_ws/build/multires_image -- -j4 -l4
[74.133s] DEBUG:colcon.colcon_core.event_handler.log_command:Invoked command in '/ros2_ws/build/tile_map' returned '0': AMENT_PREFIX_PATH=/ros2_ws/install/mapviz:/ros2_ws/install/mapviz_interfaces:${AMENT_PREFIX_PATH} CMAKE_PREFIX_PATH=/ros2_ws/install/mapviz:/ros2_ws/install/mapviz_interfaces:/opt/ros/humble LD_LIBRARY_PATH=/ros2_ws/install/mapviz/lib:/ros2_ws/install/mapviz_interfaces/lib:${LD_LIBRARY_PATH} PYTHONPATH=/ros2_ws/install/mapviz_interfaces/local/lib/python3.10/dist-packages:${PYTHONPATH} /usr/bin/cmake /ros2_ws/src/mapviz/tile_map -DAMENT_CMAKE_SYMLINK_INSTALL=1 -DCMAKE_INSTALL_PREFIX=/ros2_ws/install/tile_map
[74.136s] DEBUG:colcon.colcon_core.event_handler.log_command:Invoking command in '/ros2_ws/build/tile_map': AMENT_PREFIX_PATH=/ros2_ws/install/mapviz:/ros2_ws/install/mapviz_interfaces:${AMENT_PREFIX_PATH} CMAKE_PREFIX_PATH=/ros2_ws/install/mapviz:/ros2_ws/install/mapviz_interfaces:/opt/ros/humble LD_LIBRARY_PATH=/ros2_ws/install/mapviz/lib:/ros2_ws/install/mapviz_interfaces/lib:${LD_LIBRARY_PATH} PYTHONPATH=/ros2_ws/install/mapviz_interfaces/local/lib/python3.10/dist-packages:${PYTHONPATH} /usr/bin/cmake --build /ros2_ws/build/tile_map -- -j4 -l4
[74.398s] DEBUG:colcon.colcon_core.event_handler.log_command:Invoked command in '/ros2_ws/build/mapviz_plugins' returned '0': AMENT_PREFIX_PATH=/ros2_ws/install/mapviz:/ros2_ws/install/mapviz_interfaces:${AMENT_PREFIX_PATH} CMAKE_PREFIX_PATH=/ros2_ws/install/mapviz:/ros2_ws/install/mapviz_interfaces:/opt/ros/humble LD_LIBRARY_PATH=/ros2_ws/install/mapviz/lib:/ros2_ws/install/mapviz_interfaces/lib:${LD_LIBRARY_PATH} PYTHONPATH=/ros2_ws/install/mapviz_interfaces/local/lib/python3.10/dist-packages:${PYTHONPATH} /usr/bin/cmake /ros2_ws/src/mapviz/mapviz_plugins -DAMENT_CMAKE_SYMLINK_INSTALL=1 -DCMAKE_INSTALL_PREFIX=/ros2_ws/install/mapviz_plugins
[74.399s] DEBUG:colcon.colcon_core.event_handler.log_command:Invoking command in '/ros2_ws/build/mapviz_plugins': AMENT_PREFIX_PATH=/ros2_ws/install/mapviz:/ros2_ws/install/mapviz_interfaces:${AMENT_PREFIX_PATH} CMAKE_PREFIX_PATH=/ros2_ws/install/mapviz:/ros2_ws/install/mapviz_interfaces:/opt/ros/humble LD_LIBRARY_PATH=/ros2_ws/install/mapviz/lib:/ros2_ws/install/mapviz_interfaces/lib:${LD_LIBRARY_PATH} PYTHONPATH=/ros2_ws/install/mapviz_interfaces/local/lib/python3.10/dist-packages:${PYTHONPATH} /usr/bin/cmake --build /ros2_ws/build/mapviz_plugins -- -j4 -l4
[141.965s] DEBUG:colcon.colcon_core.event_handler.log_command:Invoked command in '/ros2_ws/build/tile_map' returned '0': AMENT_PREFIX_PATH=/ros2_ws/install/mapviz:/ros2_ws/install/mapviz_interfaces:${AMENT_PREFIX_PATH} CMAKE_PREFIX_PATH=/ros2_ws/install/mapviz:/ros2_ws/install/mapviz_interfaces:/opt/ros/humble LD_LIBRARY_PATH=/ros2_ws/install/mapviz/lib:/ros2_ws/install/mapviz_interfaces/lib:${LD_LIBRARY_PATH} PYTHONPATH=/ros2_ws/install/mapviz_interfaces/local/lib/python3.10/dist-packages:${PYTHONPATH} /usr/bin/cmake --build /ros2_ws/build/tile_map -- -j4 -l4
[141.978s] DEBUG:colcon.colcon_core.event_handler.log_command:Invoking command in '/ros2_ws/build/tile_map': AMENT_PREFIX_PATH=/ros2_ws/install/mapviz:/ros2_ws/install/mapviz_interfaces:${AMENT_PREFIX_PATH} CMAKE_PREFIX_PATH=/ros2_ws/install/mapviz:/ros2_ws/install/mapviz_interfaces:/opt/ros/humble LD_LIBRARY_PATH=/ros2_ws/install/mapviz/lib:/ros2_ws/install/mapviz_interfaces/lib:${LD_LIBRARY_PATH} PYTHONPATH=/ros2_ws/install/mapviz_interfaces/local/lib/python3.10/dist-packages:${PYTHONPATH} /usr/bin/cmake --install /ros2_ws/build/tile_map
[142.490s] Level 1:colcon.colcon_core.environment:create_environment_scripts_only(tile_map)
[142.493s] Level 1:colcon.colcon_core.environment:checking '/ros2_ws/install/tile_map' for CMake module files
[142.498s] Level 1:colcon.colcon_core.environment:checking '/ros2_ws/install/tile_map' for CMake config files
[142.499s] Level 1:colcon.colcon_core.shell:create_environment_hook('tile_map', 'cmake_prefix_path')
[142.499s] INFO:colcon.colcon_core.shell:Creating environment hook '/ros2_ws/install/tile_map/share/tile_map/hook/cmake_prefix_path.ps1'
[142.502s] INFO:colcon.colcon_core.shell:Creating environment descriptor '/ros2_ws/install/tile_map/share/tile_map/hook/cmake_prefix_path.dsv'
[142.506s] DEBUG:colcon.colcon_core.event_handler.log_command:Invoked command in '/ros2_ws/build/tile_map' returned '0': AMENT_PREFIX_PATH=/ros2_ws/install/mapviz:/ros2_ws/install/mapviz_interfaces:${AMENT_PREFIX_PATH} CMAKE_PREFIX_PATH=/ros2_ws/install/mapviz:/ros2_ws/install/mapviz_interfaces:/opt/ros/humble LD_LIBRARY_PATH=/ros2_ws/install/mapviz/lib:/ros2_ws/install/mapviz_interfaces/lib:${LD_LIBRARY_PATH} PYTHONPATH=/ros2_ws/install/mapviz_interfaces/local/lib/python3.10/dist-packages:${PYTHONPATH} /usr/bin/cmake --install /ros2_ws/build/tile_map
[142.507s] INFO:colcon.colcon_core.shell:Creating environment hook '/ros2_ws/install/tile_map/share/tile_map/hook/cmake_prefix_path.sh'
[142.509s] Level 1:colcon.colcon_core.environment:checking '/ros2_ws/install/tile_map/lib'
[142.510s] Level 1:colcon.colcon_core.shell:create_environment_hook('tile_map', 'ld_library_path_lib')
[142.514s] INFO:colcon.colcon_core.shell:Creating environment hook '/ros2_ws/install/tile_map/share/tile_map/hook/ld_library_path_lib.ps1'
[142.515s] INFO:colcon.colcon_core.shell:Creating environment descriptor '/ros2_ws/install/tile_map/share/tile_map/hook/ld_library_path_lib.dsv'
[142.516s] INFO:colcon.colcon_core.shell:Creating environment hook '/ros2_ws/install/tile_map/share/tile_map/hook/ld_library_path_lib.sh'
[142.517s] Level 1:colcon.colcon_core.environment:checking '/ros2_ws/install/tile_map/bin'
[142.517s] Level 1:colcon.colcon_core.environment:checking '/ros2_ws/install/tile_map/lib/pkgconfig/tile_map.pc'
[142.522s] Level 1:colcon.colcon_core.environment:checking '/ros2_ws/install/tile_map/lib/python3.10/site-packages'
[142.523s] Level 1:colcon.colcon_core.environment:checking '/ros2_ws/install/tile_map/bin'
[142.524s] INFO:colcon.colcon_core.shell:Creating package script '/ros2_ws/install/tile_map/share/tile_map/package.ps1'
[142.525s] INFO:colcon.colcon_core.shell:Creating package descriptor '/ros2_ws/install/tile_map/share/tile_map/package.dsv'
[142.529s] INFO:colcon.colcon_core.shell:Creating package script '/ros2_ws/install/tile_map/share/tile_map/package.sh'
[142.530s] INFO:colcon.colcon_core.shell:Creating package script '/ros2_ws/install/tile_map/share/tile_map/package.bash'
[142.532s] INFO:colcon.colcon_core.shell:Creating package script '/ros2_ws/install/tile_map/share/tile_map/package.zsh'
[142.532s] Level 1:colcon.colcon_core.environment:create_file_with_runtime_dependencies(/ros2_ws/install/tile_map/share/colcon-core/packages/tile_map)
[142.537s] Level 1:colcon.colcon_core.environment:create_environment_scripts_only(tile_map)
[142.543s] Level 1:colcon.colcon_core.environment:checking '/ros2_ws/install/tile_map' for CMake module files
[142.543s] Level 1:colcon.colcon_core.environment:checking '/ros2_ws/install/tile_map' for CMake config files
[142.544s] Level 1:colcon.colcon_core.shell:create_environment_hook('tile_map', 'cmake_prefix_path')
[142.545s] INFO:colcon.colcon_core.shell:Creating environment hook '/ros2_ws/install/tile_map/share/tile_map/hook/cmake_prefix_path.ps1'
[142.546s] INFO:colcon.colcon_core.shell:Creating environment descriptor '/ros2_ws/install/tile_map/share/tile_map/hook/cmake_prefix_path.dsv'
[142.551s] INFO:colcon.colcon_core.shell:Creating environment hook '/ros2_ws/install/tile_map/share/tile_map/hook/cmake_prefix_path.sh'
[142.552s] Level 1:colcon.colcon_core.environment:checking '/ros2_ws/install/tile_map/lib'
[142.553s] Level 1:colcon.colcon_core.shell:create_environment_hook('tile_map', 'ld_library_path_lib')
[142.553s] INFO:colcon.colcon_core.shell:Creating environment hook '/ros2_ws/install/tile_map/share/tile_map/hook/ld_library_path_lib.ps1'
[142.558s] INFO:colcon.colcon_core.shell:Creating environment descriptor '/ros2_ws/install/tile_map/share/tile_map/hook/ld_library_path_lib.dsv'
[142.559s] INFO:colcon.colcon_core.shell:Creating environment hook '/ros2_ws/install/tile_map/share/tile_map/hook/ld_library_path_lib.sh'
[142.559s] Level 1:colcon.colcon_core.environment:checking '/ros2_ws/install/tile_map/bin'
[142.560s] Level 1:colcon.colcon_core.environment:checking '/ros2_ws/install/tile_map/lib/pkgconfig/tile_map.pc'
[142.560s] Level 1:colcon.colcon_core.environment:checking '/ros2_ws/install/tile_map/lib/python3.10/site-packages'
[142.561s] Level 1:colcon.colcon_core.environment:checking '/ros2_ws/install/tile_map/bin'
[142.561s] INFO:colcon.colcon_core.shell:Creating package script '/ros2_ws/install/tile_map/share/tile_map/package.ps1'
[142.567s] INFO:colcon.colcon_core.shell:Creating package descriptor '/ros2_ws/install/tile_map/share/tile_map/package.dsv'
[142.568s] INFO:colcon.colcon_core.shell:Creating package script '/ros2_ws/install/tile_map/share/tile_map/package.sh'
[142.569s] INFO:colcon.colcon_core.shell:Creating package script '/ros2_ws/install/tile_map/share/tile_map/package.bash'
[142.574s] INFO:colcon.colcon_core.shell:Creating package script '/ros2_ws/install/tile_map/share/tile_map/package.zsh'
[142.576s] Level 1:colcon.colcon_core.environment:create_file_with_runtime_dependencies(/ros2_ws/install/tile_map/share/colcon-core/packages/tile_map)
[194.342s] DEBUG:colcon.colcon_core.event_handler.log_command:Invoked command in '/ros2_ws/build/multires_image' returned '0': AMENT_PREFIX_PATH=/ros2_ws/install/mapviz:/ros2_ws/install/mapviz_interfaces:${AMENT_PREFIX_PATH} CMAKE_PREFIX_PATH=/ros2_ws/install/mapviz:/ros2_ws/install/mapviz_interfaces:/opt/ros/humble LD_LIBRARY_PATH=/ros2_ws/install/mapviz/lib:/ros2_ws/install/mapviz_interfaces/lib:${LD_LIBRARY_PATH} PYTHONPATH=/ros2_ws/install/mapviz_interfaces/local/lib/python3.10/dist-packages:${PYTHONPATH} /usr/bin/cmake --build /ros2_ws/build/multires_image -- -j4 -l4
[194.347s] DEBUG:colcon.colcon_core.event_handler.log_command:Invoking command in '/ros2_ws/build/multires_image': AMENT_PREFIX_PATH=/ros2_ws/install/mapviz:/ros2_ws/install/mapviz_interfaces:${AMENT_PREFIX_PATH} CMAKE_PREFIX_PATH=/ros2_ws/install/mapviz:/ros2_ws/install/mapviz_interfaces:/opt/ros/humble LD_LIBRARY_PATH=/ros2_ws/install/mapviz/lib:/ros2_ws/install/mapviz_interfaces/lib:${LD_LIBRARY_PATH} PYTHONPATH=/ros2_ws/install/mapviz_interfaces/local/lib/python3.10/dist-packages:${PYTHONPATH} /usr/bin/cmake --install /ros2_ws/build/multires_image
[194.742s] Level 1:colcon.colcon_core.environment:create_environment_scripts_only(multires_image)
[194.747s] Level 1:colcon.colcon_core.environment:checking '/ros2_ws/install/multires_image' for CMake module files
[194.748s] Level 1:colcon.colcon_core.environment:checking '/ros2_ws/install/multires_image' for CMake config files
[194.749s] Level 1:colcon.colcon_core.shell:create_environment_hook('multires_image', 'cmake_prefix_path')
[194.749s] INFO:colcon.colcon_core.shell:Creating environment hook '/ros2_ws/install/multires_image/share/multires_image/hook/cmake_prefix_path.ps1'
[194.746s] DEBUG:colcon.colcon_core.event_handler.log_command:Invoked command in '/ros2_ws/build/multires_image' returned '0': AMENT_PREFIX_PATH=/ros2_ws/install/mapviz:/ros2_ws/install/mapviz_interfaces:${AMENT_PREFIX_PATH} CMAKE_PREFIX_PATH=/ros2_ws/install/mapviz:/ros2_ws/install/mapviz_interfaces:/opt/ros/humble LD_LIBRARY_PATH=/ros2_ws/install/mapviz/lib:/ros2_ws/install/mapviz_interfaces/lib:${LD_LIBRARY_PATH} PYTHONPATH=/ros2_ws/install/mapviz_interfaces/local/lib/python3.10/dist-packages:${PYTHONPATH} /usr/bin/cmake --install /ros2_ws/build/multires_image
[194.754s] INFO:colcon.colcon_core.shell:Creating environment descriptor '/ros2_ws/install/multires_image/share/multires_image/hook/cmake_prefix_path.dsv'
[194.755s] INFO:colcon.colcon_core.shell:Creating environment hook '/ros2_ws/install/multires_image/share/multires_image/hook/cmake_prefix_path.sh'
[194.757s] Level 1:colcon.colcon_core.environment:checking '/ros2_ws/install/multires_image/lib'
[194.758s] Level 1:colcon.colcon_core.shell:create_environment_hook('multires_image', 'ld_library_path_lib')
[194.759s] INFO:colcon.colcon_core.shell:Creating environment hook '/ros2_ws/install/multires_image/share/multires_image/hook/ld_library_path_lib.ps1'
[194.760s] INFO:colcon.colcon_core.shell:Creating environment descriptor '/ros2_ws/install/multires_image/share/multires_image/hook/ld_library_path_lib.dsv'
[194.761s] INFO:colcon.colcon_core.shell:Creating environment hook '/ros2_ws/install/multires_image/share/multires_image/hook/ld_library_path_lib.sh'
[194.763s] Level 1:colcon.colcon_core.environment:checking '/ros2_ws/install/multires_image/bin'
[194.763s] Level 1:colcon.colcon_core.environment:checking '/ros2_ws/install/multires_image/lib/pkgconfig/multires_image.pc'
[194.764s] Level 1:colcon.colcon_core.environment:checking '/ros2_ws/install/multires_image/lib/python3.10/site-packages'
[194.765s] Level 1:colcon.colcon_core.environment:checking '/ros2_ws/install/multires_image/bin'
[194.766s] INFO:colcon.colcon_core.shell:Creating package script '/ros2_ws/install/multires_image/share/multires_image/package.ps1'
[194.768s] INFO:colcon.colcon_core.shell:Creating package descriptor '/ros2_ws/install/multires_image/share/multires_image/package.dsv'
[194.770s] INFO:colcon.colcon_core.shell:Creating package script '/ros2_ws/install/multires_image/share/multires_image/package.sh'
[194.772s] INFO:colcon.colcon_core.shell:Creating package script '/ros2_ws/install/multires_image/share/multires_image/package.bash'
[194.773s] INFO:colcon.colcon_core.shell:Creating package script '/ros2_ws/install/multires_image/share/multires_image/package.zsh'
[194.775s] Level 1:colcon.colcon_core.environment:create_file_with_runtime_dependencies(/ros2_ws/install/multires_image/share/colcon-core/packages/multires_image)
[194.777s] Level 1:colcon.colcon_core.environment:create_environment_scripts_only(multires_image)
[194.778s] Level 1:colcon.colcon_core.environment:checking '/ros2_ws/install/multires_image' for CMake module files
[194.779s] Level 1:colcon.colcon_core.environment:checking '/ros2_ws/install/multires_image' for CMake config files
[194.780s] Level 1:colcon.colcon_core.shell:create_environment_hook('multires_image', 'cmake_prefix_path')
[194.780s] INFO:colcon.colcon_core.shell:Creating environment hook '/ros2_ws/install/multires_image/share/multires_image/hook/cmake_prefix_path.ps1'
[194.782s] INFO:colcon.colcon_core.shell:Creating environment descriptor '/ros2_ws/install/multires_image/share/multires_image/hook/cmake_prefix_path.dsv'
[194.783s] INFO:colcon.colcon_core.shell:Creating environment hook '/ros2_ws/install/multires_image/share/multires_image/hook/cmake_prefix_path.sh'
[194.785s] Level 1:colcon.colcon_core.environment:checking '/ros2_ws/install/multires_image/lib'
[194.785s] Level 1:colcon.colcon_core.shell:create_environment_hook('multires_image', 'ld_library_path_lib')
[194.786s] INFO:colcon.colcon_core.shell:Creating environment hook '/ros2_ws/install/multires_image/share/multires_image/hook/ld_library_path_lib.ps1'
[194.788s] INFO:colcon.colcon_core.shell:Creating environment descriptor '/ros2_ws/install/multires_image/share/multires_image/hook/ld_library_path_lib.dsv'
[194.789s] INFO:colcon.colcon_core.shell:Creating environment hook '/ros2_ws/install/multires_image/share/multires_image/hook/ld_library_path_lib.sh'
[194.791s] Level 1:colcon.colcon_core.environment:checking '/ros2_ws/install/multires_image/bin'
[194.791s] Level 1:colcon.colcon_core.environment:checking '/ros2_ws/install/multires_image/lib/pkgconfig/multires_image.pc'
[194.792s] Level 1:colcon.colcon_core.environment:checking '/ros2_ws/install/multires_image/lib/python3.10/site-packages'
[194.793s] Level 1:colcon.colcon_core.environment:checking '/ros2_ws/install/multires_image/bin'
[194.794s] INFO:colcon.colcon_core.shell:Creating package script '/ros2_ws/install/multires_image/share/multires_image/package.ps1'
[194.796s] INFO:colcon.colcon_core.shell:Creating package descriptor '/ros2_ws/install/multires_image/share/multires_image/package.dsv'
[194.798s] INFO:colcon.colcon_core.shell:Creating package script '/ros2_ws/install/multires_image/share/multires_image/package.sh'
[194.799s] INFO:colcon.colcon_core.shell:Creating package script '/ros2_ws/install/multires_image/share/multires_image/package.bash'
[194.801s] INFO:colcon.colcon_core.shell:Creating package script '/ros2_ws/install/multires_image/share/multires_image/package.zsh'
[194.803s] Level 1:colcon.colcon_core.environment:create_file_with_runtime_dependencies(/ros2_ws/install/multires_image/share/colcon-core/packages/multires_image)
