-- The CXX compiler identification is GNU 11.4.0
-- Detecting CXX compiler ABI info
-- Detecting CXX compiler ABI info - done
-- Check for working CXX compiler: /usr/bin/c++ - skipped
-- Detecting CXX compile features
-- Detecting CXX compile features - done
-- Found ament_cmake: 1.3.12 (/opt/ros/humble/share/ament_cmake/cmake)
-- Found Python3: /usr/bin/python3 (found version "3.10.12") found components: Interpreter 
-- Override CMake install command with custom implementation using symlinks instead of copying resources
-- Found ament_index_cpp: 1.4.0 (/opt/ros/humble/share/ament_index_cpp/cmake)
-- Found cv_bridge: 3.2.1 (/opt/ros/humble/share/cv_bridge/cmake)
-- Found rosidl_generator_c: 3.1.8 (/opt/ros/humble/share/rosidl_generator_c/cmake)
-- Found rosidl_adapter: 3.1.8 (/opt/ros/humble/share/rosidl_adapter/cmake)
-- Found rosidl_generator_cpp: 3.1.8 (/opt/ros/humble/share/rosidl_generator_cpp/cmake)
-- Using all available rosidl_typesupport_c: rosidl_typesupport_fastrtps_c;rosidl_typesupport_introspection_c
-- Using all available rosidl_typesupport_cpp: rosidl_typesupport_fastrtps_cpp;rosidl_typesupport_introspection_cpp
-- Found gps_msgs: 2.1.1 (/opt/ros/humble/share/gps_msgs/cmake)
-- Found image_transport: 3.1.12 (/opt/ros/humble/share/image_transport/cmake)
-- Found rmw_implementation_cmake: 6.1.2 (/opt/ros/humble/share/rmw_implementation_cmake/cmake)
-- Found rmw_fastrtps_cpp: 6.2.9 (/opt/ros/humble/share/rmw_fastrtps_cpp/cmake)
-- Found OpenSSL: /usr/lib/aarch64-linux-gnu/libcrypto.so (found version "3.0.2")  
-- Found FastRTPS: /opt/ros/humble/include  
-- Using RMW implementation 'rmw_fastrtps_cpp' as default
-- Looking for C++ include pthread.h
-- Looking for C++ include pthread.h - found
-- Performing Test CMAKE_HAVE_LIBC_PTHREAD
-- Performing Test CMAKE_HAVE_LIBC_PTHREAD - Success
-- Found Threads: TRUE  
-- Found map_msgs: 2.1.0 (/opt/ros/humble/share/map_msgs/cmake)
-- Found mapviz: 2.6.1 (/ros2_ws/install/mapviz/share/mapviz/cmake)
-- Found marti_nav_msgs: 1.6.1 (/opt/ros/humble/share/marti_nav_msgs/cmake)
-- Found marti_sensor_msgs: 1.6.1 (/opt/ros/humble/share/marti_sensor_msgs/cmake)
-- Found marti_visualization_msgs: 1.6.1 (/opt/ros/humble/share/marti_visualization_msgs/cmake)
-- Found stereo_msgs: 4.9.0 (/opt/ros/humble/share/stereo_msgs/cmake)
-- Found swri_image_util: 3.8.7 (/opt/ros/humble/share/swri_image_util/cmake)
-- Found swri_route_util: 3.8.7 (/opt/ros/humble/share/swri_route_util/cmake)
-- Found GeographicLib: /usr/lib/aarch64-linux-gnu  
-- Found eigen3_cmake_module: 0.1.1 (/opt/ros/humble/share/eigen3_cmake_module/cmake)
-- Found Eigen3: TRUE (found version "3.4.0") 
-- Ensuring Eigen3 include directory is part of orocos-kdl CMake target
-- Found OpenCV: /usr (found version "4.5.4") found components: core imgproc 
-- Found OpenGL: /usr/lib/aarch64-linux-gnu/libOpenGL.so   
-- Found PkgConfig: /usr/bin/pkg-config (found version "0.29.2") 
-- Checking for module 'glut'
--   No package 'glut' found
-- Found GLUT: /usr/lib/aarch64-linux-gnu/libglut.so  
-- Configuring done
-- Generating done
-- Build files have been written to: /ros2_ws/build/mapviz_plugins
[  1%] Generating ui_topicselect.h
[  2%] Generating include/mapviz_plugins/moc_coordinate_picker_plugin.cpp
[  2%] Generating include/mapviz_plugins/moc_attitude_indicator_plugin.cpp
[  3%] Generating include/mapviz_plugins/moc_canvas_click_filter.cpp
[  4%] Generating include/mapviz_plugins/moc_disparity_plugin.cpp
[  5%] Generating include/mapviz_plugins/moc_float_plugin.cpp
[  6%] Generating include/mapviz_plugins/moc_draw_polygon_plugin.cpp
[  7%] Generating include/mapviz_plugins/moc_gps_plugin.cpp
[  9%] Generating include/mapviz_plugins/moc_grid_plugin.cpp
[  9%] Generating include/mapviz_plugins/moc_image_plugin.cpp
[ 10%] Generating include/mapviz_plugins/moc_marker_plugin.cpp
[ 10%] Generating include/mapviz_plugins/moc_measuring_plugin.cpp
[ 11%] Generating include/mapviz_plugins/moc_navsat_plugin.cpp
[ 12%] Generating include/mapviz_plugins/moc_laserscan_plugin.cpp
[ 13%] Generating include/mapviz_plugins/moc_occupancy_grid_plugin.cpp
[ 14%] Generating include/mapviz_plugins/moc_path_plugin.cpp
[ 15%] Generating include/mapviz_plugins/moc_placeable_window_proxy.cpp
[ 16%] Generating include/mapviz_plugins/moc_odometry_plugin.cpp
[ 17%] Generating include/mapviz_plugins/moc_plan_route_plugin.cpp
[ 18%] Generating include/mapviz_plugins/moc_point_click_publisher_plugin.cpp
[ 19%] Generating include/mapviz_plugins/moc_point_drawing_plugin.cpp
[ 20%] Generating include/mapviz_plugins/moc_pose_plugin.cpp
[ 20%] Generating include/mapviz_plugins/moc_robot_image_plugin.cpp
[ 21%] Generating include/mapviz_plugins/moc_pointcloud2_plugin.cpp
[ 22%] Generating include/mapviz_plugins/moc_string_plugin.cpp
[ 23%] Generating include/mapviz_plugins/moc_tf_frame_plugin.cpp
[ 24%] Generating include/mapviz_plugins/moc_route_plugin.cpp
[ 25%] Generating include/mapviz_plugins/moc_topic_select.cpp
[ 26%] Generating include/mapviz_plugins/moc_textured_marker_plugin.cpp
[ 27%] Generating ui_attitude_indicator_config.h
[ 28%] Generating ui_draw_polygon_config.h
[ 29%] Generating ui_coordinate_picker_config.h
[ 30%] Generating ui_disparity_config.h
[ 31%] Generating ui_float_config.h
[ 31%] Generating ui_gps_config.h
[ 32%] Generating ui_grid_config.h
[ 33%] Generating ui_image_config.h
[ 34%] Generating ui_laserscan_config.h
[ 35%] Generating ui_marker_config.h
[ 36%] Generating ui_occupancy_grid_config.h
[ 37%] Generating ui_measuring_config.h
[ 38%] Generating ui_navsat_config.h
[ 39%] Generating ui_odometry_config.h
[ 40%] Generating ui_path_config.h
[ 41%] Generating ui_plan_route_config.h
[ 41%] Generating ui_point_click_publisher_config.h
[ 42%] Generating ui_pointcloud2_config.h
[ 43%] Generating ui_pose_config.h
[ 44%] Generating ui_route_config.h
[ 46%] Generating ui_string_config.h
[ 46%] Generating ui_robot_image_config.h
[ 47%] Generating ui_textured_marker_config.h
[ 48%] Generating ui_tf_frame_config.h
[ 49%] Building CXX object CMakeFiles/mapviz_plugins.dir/include/mapviz_plugins/moc_attitude_indicator_plugin.cpp.o
[ 50%] Building CXX object CMakeFiles/mapviz_plugins.dir/include/mapviz_plugins/moc_disparity_plugin.cpp.o
[ 51%] Building CXX object CMakeFiles/mapviz_plugins.dir/include/mapviz_plugins/moc_canvas_click_filter.cpp.o
[ 51%] Building CXX object CMakeFiles/mapviz_plugins.dir/include/mapviz_plugins/moc_coordinate_picker_plugin.cpp.o
[ 52%] Building CXX object CMakeFiles/mapviz_plugins.dir/include/mapviz_plugins/moc_draw_polygon_plugin.cpp.o
[ 53%] Building CXX object CMakeFiles/mapviz_plugins.dir/include/mapviz_plugins/moc_grid_plugin.cpp.o
[ 54%] Building CXX object CMakeFiles/mapviz_plugins.dir/include/mapviz_plugins/moc_image_plugin.cpp.o
[ 55%] Building CXX object CMakeFiles/mapviz_plugins.dir/include/mapviz_plugins/moc_laserscan_plugin.cpp.o
[  2%] Building CXX object CMakeFiles/mapviz_plugins.dir/include/mapviz_plugins/moc_marker_plugin.cpp.o
[  3%] Building CXX object CMakeFiles/mapviz_plugins.dir/include/mapviz_plugins/moc_measuring_plugin.cpp.o
[  4%] Building CXX object CMakeFiles/mapviz_plugins.dir/include/mapviz_plugins/moc_navsat_plugin.cpp.o
[  4%] Building CXX object CMakeFiles/mapviz_plugins.dir/include/mapviz_plugins/moc_occupancy_grid_plugin.cpp.o
[  5%] Building CXX object CMakeFiles/mapviz_plugins.dir/include/mapviz_plugins/moc_odometry_plugin.cpp.o
[  6%] Building CXX object CMakeFiles/mapviz_plugins.dir/include/mapviz_plugins/moc_path_plugin.cpp.o
[  7%] Building CXX object CMakeFiles/mapviz_plugins.dir/include/mapviz_plugins/moc_placeable_window_proxy.cpp.o
[  8%] Building CXX object CMakeFiles/mapviz_plugins.dir/include/mapviz_plugins/moc_plan_route_plugin.cpp.o
[  9%] Building CXX object CMakeFiles/mapviz_plugins.dir/include/mapviz_plugins/moc_point_click_publisher_plugin.cpp.o
[ 10%] Building CXX object CMakeFiles/mapviz_plugins.dir/include/mapviz_plugins/moc_pointcloud2_plugin.cpp.o
[ 11%] Building CXX object CMakeFiles/mapviz_plugins.dir/include/mapviz_plugins/moc_point_drawing_plugin.cpp.o
[ 12%] Building CXX object CMakeFiles/mapviz_plugins.dir/include/mapviz_plugins/moc_pose_plugin.cpp.o
[ 13%] Building CXX object CMakeFiles/mapviz_plugins.dir/include/mapviz_plugins/moc_robot_image_plugin.cpp.o
[ 14%] Building CXX object CMakeFiles/mapviz_plugins.dir/include/mapviz_plugins/moc_gps_plugin.cpp.o
[ 16%] Building CXX object CMakeFiles/mapviz_plugins.dir/include/mapviz_plugins/moc_route_plugin.cpp.o
[ 17%] Building CXX object CMakeFiles/mapviz_plugins.dir/include/mapviz_plugins/moc_textured_marker_plugin.cpp.o
[ 18%] Building CXX object CMakeFiles/mapviz_plugins.dir/include/mapviz_plugins/moc_tf_frame_plugin.cpp.o
[ 18%] Building CXX object CMakeFiles/mapviz_plugins.dir/include/mapviz_plugins/moc_string_plugin.cpp.o
[ 18%] Building CXX object CMakeFiles/mapviz_plugins.dir/include/mapviz_plugins/moc_float_plugin.cpp.o
[ 19%] Building CXX object CMakeFiles/mapviz_plugins.dir/include/mapviz_plugins/moc_topic_select.cpp.o
[ 20%] Building CXX object CMakeFiles/mapviz_plugins.dir/src/coordinate_picker_plugin.cpp.o
[ 22%] Building CXX object CMakeFiles/mapviz_plugins.dir/src/disparity_plugin.cpp.o
[ 23%] Building CXX object CMakeFiles/mapviz_plugins.dir/src/draw_polygon_plugin.cpp.o
[ 24%] Building CXX object CMakeFiles/mapviz_plugins.dir/src/float_plugin.cpp.o
[ 25%] Building CXX object CMakeFiles/mapviz_plugins.dir/src/gps_plugin.cpp.o
[ 25%] Building CXX object CMakeFiles/mapviz_plugins.dir/src/canvas_click_filter.cpp.o
[ 26%] Building CXX object CMakeFiles/mapviz_plugins.dir/src/attitude_indicator_plugin.cpp.o
