[0.062s] Invoking command in '/ros2_ws/build/mapviz_plugins': AMENT_PREFIX_PATH=/ros2_ws/install/mapviz:/ros2_ws/install/mapviz_interfaces:${AMENT_PREFIX_PATH} CMAKE_PREFIX_PATH=/ros2_ws/install/mapviz:/ros2_ws/install/mapviz_interfaces:/opt/ros/humble LD_LIBRARY_PATH=/ros2_ws/install/mapviz/lib:/ros2_ws/install/mapviz_interfaces/lib:${LD_LIBRARY_PATH} PYTHONPATH=/ros2_ws/install/mapviz_interfaces/local/lib/python3.10/dist-packages:${PYTHONPATH} /usr/bin/cmake /ros2_ws/src/mapviz/mapviz_plugins -DAMENT_CMAKE_SYMLINK_INSTALL=1 -DCMAKE_INSTALL_PREFIX=/ros2_ws/install/mapviz_plugins
[0.173s] -- The CXX compiler identification is GNU 11.4.0
[0.190s] -- Detecting CXX compiler ABI info
[0.327s] -- Detecting CXX compiler ABI info - done
[0.339s] -- Check for working CXX compiler: /usr/bin/c++ - skipped
[0.339s] -- Detecting CXX compile features
[0.339s] -- Detecting CXX compile features - done
[0.354s] -- Found ament_cmake: 1.3.12 (/opt/ros/humble/share/ament_cmake/cmake)
[0.654s] -- Found Python3: /usr/bin/python3 (found version "3.10.12") found components: Interpreter 
[0.824s] -- Override CMake install command with custom implementation using symlinks instead of copying resources
[0.893s] -- Found ament_index_cpp: 1.4.0 (/opt/ros/humble/share/ament_index_cpp/cmake)
[0.900s] -- Found cv_bridge: 3.2.1 (/opt/ros/humble/share/cv_bridge/cmake)
[1.009s] -- Found rosidl_generator_c: 3.1.8 (/opt/ros/humble/share/rosidl_generator_c/cmake)
[1.022s] -- Found rosidl_adapter: 3.1.8 (/opt/ros/humble/share/rosidl_adapter/cmake)
[1.042s] -- Found rosidl_generator_cpp: 3.1.8 (/opt/ros/humble/share/rosidl_generator_cpp/cmake)
[1.071s] -- Using all available rosidl_typesupport_c: rosidl_typesupport_fastrtps_c;rosidl_typesupport_introspection_c
[1.108s] -- Using all available rosidl_typesupport_cpp: rosidl_typesupport_fastrtps_cpp;rosidl_typesupport_introspection_cpp
[1.254s] -- Found gps_msgs: 2.1.1 (/opt/ros/humble/share/gps_msgs/cmake)
[1.301s] -- Found image_transport: 3.1.12 (/opt/ros/humble/share/image_transport/cmake)
[1.365s] -- Found rmw_implementation_cmake: 6.1.2 (/opt/ros/humble/share/rmw_implementation_cmake/cmake)
[1.369s] -- Found rmw_fastrtps_cpp: 6.2.9 (/opt/ros/humble/share/rmw_fastrtps_cpp/cmake)
[1.470s] -- Found OpenSSL: /usr/lib/aarch64-linux-gnu/libcrypto.so (found version "3.0.2")  
[1.507s] -- Found FastRTPS: /opt/ros/humble/include  
[1.569s] -- Using RMW implementation 'rmw_fastrtps_cpp' as default
[1.587s] -- Looking for C++ include pthread.h
[1.712s] -- Looking for C++ include pthread.h - found
[1.712s] -- Performing Test CMAKE_HAVE_LIBC_PTHREAD
[1.819s] -- Performing Test CMAKE_HAVE_LIBC_PTHREAD - Success
[1.827s] -- Found Threads: TRUE  
[1.951s] -- Found map_msgs: 2.1.0 (/opt/ros/humble/share/map_msgs/cmake)
[2.059s] -- Found mapviz: 2.6.1 (/ros2_ws/install/mapviz/share/mapviz/cmake)
[2.235s] -- Found marti_nav_msgs: 1.6.1 (/opt/ros/humble/share/marti_nav_msgs/cmake)
[2.372s] -- Found marti_sensor_msgs: 1.6.1 (/opt/ros/humble/share/marti_sensor_msgs/cmake)
[2.405s] -- Found marti_visualization_msgs: 1.6.1 (/opt/ros/humble/share/marti_visualization_msgs/cmake)
[2.446s] -- Found stereo_msgs: 4.9.0 (/opt/ros/humble/share/stereo_msgs/cmake)
[2.500s] -- Found swri_image_util: 3.8.7 (/opt/ros/humble/share/swri_image_util/cmake)
[2.532s] -- Found swri_route_util: 3.8.7 (/opt/ros/humble/share/swri_route_util/cmake)
[2.559s] -- Found GeographicLib: /usr/lib/aarch64-linux-gnu  
[2.593s] -- Found eigen3_cmake_module: 0.1.1 (/opt/ros/humble/share/eigen3_cmake_module/cmake)
[2.594s] -- Found Eigen3: TRUE (found version "3.4.0") 
[2.594s] -- Ensuring Eigen3 include directory is part of orocos-kdl CMake target
[2.795s] -- Found OpenCV: /usr (found version "4.5.4") found components: core imgproc 
[2.798s] -- Found OpenGL: /usr/lib/aarch64-linux-gnu/libOpenGL.so   
[2.807s] -- Found PkgConfig: /usr/bin/pkg-config (found version "0.29.2") 
[2.807s] -- Checking for module 'glut'
[2.810s] --   No package 'glut' found
[2.815s] -- Found GLUT: /usr/lib/aarch64-linux-gnu/libglut.so  
[3.039s] -- Configuring done
[3.126s] -- Generating done
[3.140s] -- Build files have been written to: /ros2_ws/build/mapviz_plugins
[3.191s] Invoked command in '/ros2_ws/build/mapviz_plugins' returned '0': AMENT_PREFIX_PATH=/ros2_ws/install/mapviz:/ros2_ws/install/mapviz_interfaces:${AMENT_PREFIX_PATH} CMAKE_PREFIX_PATH=/ros2_ws/install/mapviz:/ros2_ws/install/mapviz_interfaces:/opt/ros/humble LD_LIBRARY_PATH=/ros2_ws/install/mapviz/lib:/ros2_ws/install/mapviz_interfaces/lib:${LD_LIBRARY_PATH} PYTHONPATH=/ros2_ws/install/mapviz_interfaces/local/lib/python3.10/dist-packages:${PYTHONPATH} /usr/bin/cmake /ros2_ws/src/mapviz/mapviz_plugins -DAMENT_CMAKE_SYMLINK_INSTALL=1 -DCMAKE_INSTALL_PREFIX=/ros2_ws/install/mapviz_plugins
[3.192s] Invoking command in '/ros2_ws/build/mapviz_plugins': AMENT_PREFIX_PATH=/ros2_ws/install/mapviz:/ros2_ws/install/mapviz_interfaces:${AMENT_PREFIX_PATH} CMAKE_PREFIX_PATH=/ros2_ws/install/mapviz:/ros2_ws/install/mapviz_interfaces:/opt/ros/humble LD_LIBRARY_PATH=/ros2_ws/install/mapviz/lib:/ros2_ws/install/mapviz_interfaces/lib:${LD_LIBRARY_PATH} PYTHONPATH=/ros2_ws/install/mapviz_interfaces/local/lib/python3.10/dist-packages:${PYTHONPATH} /usr/bin/cmake --build /ros2_ws/build/mapviz_plugins -- -j4 -l4
[3.288s] [  1%] Generating ui_topicselect.h
[3.299s] [  2%] Generating include/mapviz_plugins/moc_coordinate_picker_plugin.cpp
[3.303s] [  2%] Generating include/mapviz_plugins/moc_attitude_indicator_plugin.cpp
[3.307s] [  3%] Generating include/mapviz_plugins/moc_canvas_click_filter.cpp
[3.324s] [  4%] Generating include/mapviz_plugins/moc_disparity_plugin.cpp
[3.340s] [  5%] Generating include/mapviz_plugins/moc_float_plugin.cpp
[3.341s] [  6%] Generating include/mapviz_plugins/moc_draw_polygon_plugin.cpp
[3.374s] [  7%] Generating include/mapviz_plugins/moc_gps_plugin.cpp
[3.380s] [  9%] Generating include/mapviz_plugins/moc_grid_plugin.cpp
[3.380s] [  9%] Generating include/mapviz_plugins/moc_image_plugin.cpp
[3.430s] [ 10%] Generating include/mapviz_plugins/moc_marker_plugin.cpp
[3.430s] [ 10%] Generating include/mapviz_plugins/moc_measuring_plugin.cpp
[3.430s] [ 11%] Generating include/mapviz_plugins/moc_navsat_plugin.cpp
[3.434s] [ 12%] Generating include/mapviz_plugins/moc_laserscan_plugin.cpp
[3.464s] [ 13%] Generating include/mapviz_plugins/moc_occupancy_grid_plugin.cpp
[3.483s] [ 14%] Generating include/mapviz_plugins/moc_path_plugin.cpp
[3.484s] [ 15%] Generating include/mapviz_plugins/moc_placeable_window_proxy.cpp
[3.491s] [ 16%] Generating include/mapviz_plugins/moc_odometry_plugin.cpp
[3.505s] [ 17%] Generating include/mapviz_plugins/moc_plan_route_plugin.cpp
[3.527s] [ 18%] Generating include/mapviz_plugins/moc_point_click_publisher_plugin.cpp
[3.535s] [ 19%] Generating include/mapviz_plugins/moc_point_drawing_plugin.cpp
[3.538s] [ 20%] Generating include/mapviz_plugins/moc_pose_plugin.cpp
[3.546s] [ 20%] Generating include/mapviz_plugins/moc_robot_image_plugin.cpp
[3.554s] [ 21%] Generating include/mapviz_plugins/moc_pointcloud2_plugin.cpp
[3.584s] [ 22%] Generating include/mapviz_plugins/moc_string_plugin.cpp
[3.600s] [ 23%] Generating include/mapviz_plugins/moc_tf_frame_plugin.cpp
[3.614s] [ 24%] Generating include/mapviz_plugins/moc_route_plugin.cpp
[3.620s] [ 25%] Generating include/mapviz_plugins/moc_topic_select.cpp
[3.621s] [ 26%] Generating include/mapviz_plugins/moc_textured_marker_plugin.cpp
[3.643s] [ 27%] Generating ui_attitude_indicator_config.h
[3.667s] [ 28%] Generating ui_draw_polygon_config.h
[3.669s] [ 29%] Generating ui_coordinate_picker_config.h
[3.670s] [ 30%] Generating ui_disparity_config.h
[3.711s] [ 31%] Generating ui_float_config.h
[3.720s] [ 31%] Generating ui_gps_config.h
[3.725s] [ 32%] Generating ui_grid_config.h
[3.740s] [ 33%] Generating ui_image_config.h
[3.751s] [ 34%] Generating ui_laserscan_config.h
[3.775s] [ 35%] Generating ui_marker_config.h
[3.799s] [ 36%] Generating ui_occupancy_grid_config.h
[3.804s] [ 37%] Generating ui_measuring_config.h
[3.804s] [ 38%] Generating ui_navsat_config.h
[3.835s] [ 39%] Generating ui_odometry_config.h
[3.842s] [ 40%] Generating ui_path_config.h
[3.867s] [ 41%] Generating ui_plan_route_config.h
[3.867s] [ 41%] Generating ui_point_click_publisher_config.h
[3.882s] [ 42%] Generating ui_pointcloud2_config.h
[3.906s] [ 43%] Generating ui_pose_config.h
[3.931s] [ 44%] Generating ui_route_config.h
[3.947s] [ 46%] Generating ui_string_config.h
[3.948s] [ 46%] Generating ui_robot_image_config.h
[3.973s] [ 47%] Generating ui_textured_marker_config.h
[4.013s] [ 48%] Generating ui_tf_frame_config.h
[4.127s] [ 49%] Building CXX object CMakeFiles/mapviz_plugins.dir/include/mapviz_plugins/moc_attitude_indicator_plugin.cpp.o
[4.163s] [ 50%] Building CXX object CMakeFiles/mapviz_plugins.dir/include/mapviz_plugins/moc_disparity_plugin.cpp.o
[4.168s] [ 51%] Building CXX object CMakeFiles/mapviz_plugins.dir/include/mapviz_plugins/moc_canvas_click_filter.cpp.o
[4.168s] [ 51%] Building CXX object CMakeFiles/mapviz_plugins.dir/include/mapviz_plugins/moc_coordinate_picker_plugin.cpp.o
[7.795s] [ 52%] Building CXX object CMakeFiles/mapviz_plugins.dir/include/mapviz_plugins/moc_draw_polygon_plugin.cpp.o
[35.546s] [ 53%] Building CXX object CMakeFiles/mapviz_plugins.dir/include/mapviz_plugins/moc_grid_plugin.cpp.o
[43.839s] [ 54%] Building CXX object CMakeFiles/mapviz_plugins.dir/include/mapviz_plugins/moc_image_plugin.cpp.o
[51.983s] [ 55%] Building CXX object CMakeFiles/mapviz_plugins.dir/include/mapviz_plugins/moc_laserscan_plugin.cpp.o
[61.165s] [  2%] Building CXX object CMakeFiles/mapviz_plugins.dir/include/mapviz_plugins/moc_marker_plugin.cpp.o
[75.480s] [  3%] Building CXX object CMakeFiles/mapviz_plugins.dir/include/mapviz_plugins/moc_measuring_plugin.cpp.o
[85.943s] [  4%] Building CXX object CMakeFiles/mapviz_plugins.dir/include/mapviz_plugins/moc_navsat_plugin.cpp.o
[94.680s] [  4%] Building CXX object CMakeFiles/mapviz_plugins.dir/include/mapviz_plugins/moc_occupancy_grid_plugin.cpp.o
[104.072s] [  5%] Building CXX object CMakeFiles/mapviz_plugins.dir/include/mapviz_plugins/moc_odometry_plugin.cpp.o
[112.429s] [  6%] Building CXX object CMakeFiles/mapviz_plugins.dir/include/mapviz_plugins/moc_path_plugin.cpp.o
[120.818s] [  7%] Building CXX object CMakeFiles/mapviz_plugins.dir/include/mapviz_plugins/moc_placeable_window_proxy.cpp.o
[122.197s] [  8%] Building CXX object CMakeFiles/mapviz_plugins.dir/include/mapviz_plugins/moc_plan_route_plugin.cpp.o
[129.126s] [  9%] Building CXX object CMakeFiles/mapviz_plugins.dir/include/mapviz_plugins/moc_point_click_publisher_plugin.cpp.o
[135.060s] [ 10%] Building CXX object CMakeFiles/mapviz_plugins.dir/include/mapviz_plugins/moc_pointcloud2_plugin.cpp.o
[141.368s] [ 11%] Building CXX object CMakeFiles/mapviz_plugins.dir/include/mapviz_plugins/moc_point_drawing_plugin.cpp.o
[147.384s] [ 12%] Building CXX object CMakeFiles/mapviz_plugins.dir/include/mapviz_plugins/moc_pose_plugin.cpp.o
[153.404s] [ 13%] Building CXX object CMakeFiles/mapviz_plugins.dir/include/mapviz_plugins/moc_robot_image_plugin.cpp.o
[153.669s] [ 14%] Building CXX object CMakeFiles/mapviz_plugins.dir/include/mapviz_plugins/moc_gps_plugin.cpp.o
[155.710s] [ 16%] Building CXX object CMakeFiles/mapviz_plugins.dir/include/mapviz_plugins/moc_route_plugin.cpp.o
[167.311s] [ 17%] Building CXX object CMakeFiles/mapviz_plugins.dir/include/mapviz_plugins/moc_textured_marker_plugin.cpp.o
[173.330s] [ 18%] Building CXX object CMakeFiles/mapviz_plugins.dir/include/mapviz_plugins/moc_tf_frame_plugin.cpp.o
[174.356s] [ 18%] Building CXX object CMakeFiles/mapviz_plugins.dir/include/mapviz_plugins/moc_string_plugin.cpp.o
[175.387s] [ 18%] Building CXX object CMakeFiles/mapviz_plugins.dir/include/mapviz_plugins/moc_float_plugin.cpp.o
[175.726s] [ 19%] Building CXX object CMakeFiles/mapviz_plugins.dir/include/mapviz_plugins/moc_topic_select.cpp.o
[193.730s] [ 20%] Building CXX object CMakeFiles/mapviz_plugins.dir/src/coordinate_picker_plugin.cpp.o
[201.091s] [ 22%] Building CXX object CMakeFiles/mapviz_plugins.dir/src/disparity_plugin.cpp.o
[215.848s] [ 23%] Building CXX object CMakeFiles/mapviz_plugins.dir/src/draw_polygon_plugin.cpp.o
[224.398s] [ 24%] Building CXX object CMakeFiles/mapviz_plugins.dir/src/float_plugin.cpp.o
[228.414s] [ 25%] Building CXX object CMakeFiles/mapviz_plugins.dir/src/gps_plugin.cpp.o
[230.443s] [ 25%] Building CXX object CMakeFiles/mapviz_plugins.dir/src/canvas_click_filter.cpp.o
[232.473s] [ 26%] Building CXX object CMakeFiles/mapviz_plugins.dir/src/attitude_indicator_plugin.cpp.o
