Consolidate compiler generated dependencies of target rqt_mapviz
[ 94%] Built target rqt_mapviz
Consolidate compiler generated dependencies of target mapviz
[100%] Built target mapviz
-- Install configuration: ""
-- Execute custom install script
-- Up-to-date symlink: /ros2_ws/install/mapviz/lib/mapviz/mapviz
-- Up-to-date symlink: /ros2_ws/install/mapviz/share/mapviz/launch/mapviz.launch.py
-- Up-to-date symlink: /ros2_ws/install/mapviz/share/mapviz/launch/mapviz.launch.xml
-- Up-to-date symlink: /ros2_ws/install/mapviz/share/mapviz/plugin.xml
-- Up-to-date symlink: /ros2_ws/install/mapviz/share/mapviz/environment/library_path.sh
-- Up-to-date symlink: /ros2_ws/install/mapviz/share/mapviz/environment/library_path.dsv
-- Up-to-date symlink: /ros2_ws/install/mapviz/share/ament_index/resource_index/package_run_dependencies/mapviz
-- Up-to-date symlink: /ros2_ws/install/mapviz/share/ament_index/resource_index/parent_prefix_path/mapviz
-- Up-to-date symlink: /ros2_ws/install/mapviz/share/mapviz/environment/ament_prefix_path.sh
-- Up-to-date symlink: /ros2_ws/install/mapviz/share/mapviz/environment/ament_prefix_path.dsv
-- Up-to-date symlink: /ros2_ws/install/mapviz/share/mapviz/environment/path.sh
-- Up-to-date symlink: /ros2_ws/install/mapviz/share/mapviz/environment/path.dsv
-- Up-to-date symlink: /ros2_ws/install/mapviz/share/mapviz/local_setup.bash
-- Up-to-date symlink: /ros2_ws/install/mapviz/share/mapviz/local_setup.sh
-- Up-to-date symlink: /ros2_ws/install/mapviz/share/mapviz/local_setup.zsh
-- Up-to-date symlink: /ros2_ws/install/mapviz/share/mapviz/local_setup.dsv
-- Symlinking: /ros2_ws/install/mapviz/share/mapviz/package.dsv
-- Up-to-date symlink: /ros2_ws/install/mapviz/share/ament_index/resource_index/packages/mapviz
-- Up-to-date symlink: /ros2_ws/install/mapviz/share/mapviz/cmake/ament_cmake_export_targets-extras.cmake
-- Up-to-date symlink: /ros2_ws/install/mapviz/share/mapviz/cmake/ament_cmake_export_dependencies-extras.cmake
-- Up-to-date symlink: /ros2_ws/install/mapviz/share/mapviz/cmake/mapvizConfig.cmake
-- Up-to-date symlink: /ros2_ws/install/mapviz/share/mapviz/cmake/mapvizConfig-version.cmake
-- Up-to-date symlink: /ros2_ws/install/mapviz/share/mapviz/package.xml
-- Up-to-date: /ros2_ws/install/mapviz/include/mapviz
-- Up-to-date: /ros2_ws/install/mapviz/include/mapviz/mapviz
-- Up-to-date: /ros2_ws/install/mapviz/include/mapviz/mapviz/rqt_mapviz.h
-- Up-to-date: /ros2_ws/install/mapviz/include/mapviz/mapviz/mapviz_application.h
-- Up-to-date: /ros2_ws/install/mapviz/include/mapviz/mapviz/config_item.h
-- Up-to-date: /ros2_ws/install/mapviz/include/mapviz/mapviz/video_writer.h
-- Up-to-date: /ros2_ws/install/mapviz/include/mapviz/mapviz/color_button.h
-- Up-to-date: /ros2_ws/install/mapviz/include/mapviz/mapviz/mapviz_plugin.h
-- Up-to-date: /ros2_ws/install/mapviz/include/mapviz/mapviz/select_frame_dialog.h
-- Up-to-date: /ros2_ws/install/mapviz/include/mapviz/mapviz/widgets.h
-- Up-to-date: /ros2_ws/install/mapviz/include/mapviz/mapviz/stopwatch.h
-- Up-to-date: /ros2_ws/install/mapviz/include/mapviz/mapviz/map_canvas.h
-- Up-to-date: /ros2_ws/install/mapviz/include/mapviz/mapviz/select_service_dialog.h
-- Up-to-date: /ros2_ws/install/mapviz/lib/librqt_mapviz.a
-- Up-to-date: /ros2_ws/install/mapviz/share/mapviz/cmake/export_mapvizExport.cmake
-- Up-to-date: /ros2_ws/install/mapviz/share/mapviz/cmake/export_mapvizExport-noconfig.cmake
