[0.030s] Invoking command in '/ros2_ws/build/mapviz': AMENT_PREFIX_PATH=/ros2_ws/install/mapviz_interfaces:${AMENT_PREFIX_PATH} CMAKE_PREFIX_PATH=/ros2_ws/install/mapviz_interfaces:/opt/ros/humble LD_LIBRARY_PATH=/ros2_ws/install/mapviz_interfaces/lib:${LD_LIBRARY_PATH} PYTHONPATH=/ros2_ws/install/mapviz_interfaces/local/lib/python3.10/dist-packages:${PYTHONPATH} /usr/bin/cmake --build /ros2_ws/build/mapviz -- -j4 -l4
[0.300s] Consolidate compiler generated dependencies of target rqt_mapviz
[0.369s] [ 94%] Built target rqt_mapviz
[0.404s] Consolidate compiler generated dependencies of target mapviz
[0.433s] [100%] Built target mapviz
[0.449s] Invoked command in '/ros2_ws/build/mapviz' returned '0': AMENT_PREFIX_PATH=/ros2_ws/install/mapviz_interfaces:${AMENT_PREFIX_PATH} CMAKE_PREFIX_PATH=/ros2_ws/install/mapviz_interfaces:/opt/ros/humble LD_LIBRARY_PATH=/ros2_ws/install/mapviz_interfaces/lib:${LD_LIBRARY_PATH} PYTHONPATH=/ros2_ws/install/mapviz_interfaces/local/lib/python3.10/dist-packages:${PYTHONPATH} /usr/bin/cmake --build /ros2_ws/build/mapviz -- -j4 -l4
[0.456s] Invoking command in '/ros2_ws/build/mapviz': AMENT_PREFIX_PATH=/ros2_ws/install/mapviz_interfaces:${AMENT_PREFIX_PATH} CMAKE_PREFIX_PATH=/ros2_ws/install/mapviz_interfaces:/opt/ros/humble LD_LIBRARY_PATH=/ros2_ws/install/mapviz_interfaces/lib:${LD_LIBRARY_PATH} PYTHONPATH=/ros2_ws/install/mapviz_interfaces/local/lib/python3.10/dist-packages:${PYTHONPATH} /usr/bin/cmake --install /ros2_ws/build/mapviz
[0.470s] -- Install configuration: ""
[0.472s] -- Execute custom install script
[0.475s] -- Up-to-date symlink: /ros2_ws/install/mapviz/lib/mapviz/mapviz
[0.479s] -- Up-to-date symlink: /ros2_ws/install/mapviz/share/mapviz/launch/mapviz.launch.py
[0.481s] -- Up-to-date symlink: /ros2_ws/install/mapviz/share/mapviz/launch/mapviz.launch.xml
[0.481s] -- Up-to-date symlink: /ros2_ws/install/mapviz/share/mapviz/plugin.xml
[0.484s] -- Up-to-date symlink: /ros2_ws/install/mapviz/share/mapviz/environment/library_path.sh
[0.485s] -- Up-to-date symlink: /ros2_ws/install/mapviz/share/mapviz/environment/library_path.dsv
[0.489s] -- Up-to-date symlink: /ros2_ws/install/mapviz/share/ament_index/resource_index/package_run_dependencies/mapviz
[0.491s] -- Up-to-date symlink: /ros2_ws/install/mapviz/share/ament_index/resource_index/parent_prefix_path/mapviz
[0.493s] -- Up-to-date symlink: /ros2_ws/install/mapviz/share/mapviz/environment/ament_prefix_path.sh
[0.494s] -- Up-to-date symlink: /ros2_ws/install/mapviz/share/mapviz/environment/ament_prefix_path.dsv
[0.495s] -- Up-to-date symlink: /ros2_ws/install/mapviz/share/mapviz/environment/path.sh
[0.496s] -- Up-to-date symlink: /ros2_ws/install/mapviz/share/mapviz/environment/path.dsv
[0.497s] -- Up-to-date symlink: /ros2_ws/install/mapviz/share/mapviz/local_setup.bash
[0.499s] -- Up-to-date symlink: /ros2_ws/install/mapviz/share/mapviz/local_setup.sh
[0.500s] -- Up-to-date symlink: /ros2_ws/install/mapviz/share/mapviz/local_setup.zsh
[0.502s] -- Up-to-date symlink: /ros2_ws/install/mapviz/share/mapviz/local_setup.dsv
[0.502s] -- Symlinking: /ros2_ws/install/mapviz/share/mapviz/package.dsv
[0.518s] -- Up-to-date symlink: /ros2_ws/install/mapviz/share/ament_index/resource_index/packages/mapviz
[0.520s] -- Up-to-date symlink: /ros2_ws/install/mapviz/share/mapviz/cmake/ament_cmake_export_targets-extras.cmake
[0.522s] -- Up-to-date symlink: /ros2_ws/install/mapviz/share/mapviz/cmake/ament_cmake_export_dependencies-extras.cmake
[0.522s] -- Up-to-date symlink: /ros2_ws/install/mapviz/share/mapviz/cmake/mapvizConfig.cmake
[0.525s] -- Up-to-date symlink: /ros2_ws/install/mapviz/share/mapviz/cmake/mapvizConfig-version.cmake
[0.526s] -- Up-to-date symlink: /ros2_ws/install/mapviz/share/mapviz/package.xml
[0.526s] -- Up-to-date: /ros2_ws/install/mapviz/include/mapviz
[0.526s] -- Up-to-date: /ros2_ws/install/mapviz/include/mapviz/mapviz
[0.526s] -- Up-to-date: /ros2_ws/install/mapviz/include/mapviz/mapviz/rqt_mapviz.h
[0.526s] -- Up-to-date: /ros2_ws/install/mapviz/include/mapviz/mapviz/mapviz_application.h
[0.526s] -- Up-to-date: /ros2_ws/install/mapviz/include/mapviz/mapviz/config_item.h
[0.526s] -- Up-to-date: /ros2_ws/install/mapviz/include/mapviz/mapviz/video_writer.h
[0.526s] -- Up-to-date: /ros2_ws/install/mapviz/include/mapviz/mapviz/color_button.h
[0.526s] -- Up-to-date: /ros2_ws/install/mapviz/include/mapviz/mapviz/mapviz_plugin.h
[0.527s] -- Up-to-date: /ros2_ws/install/mapviz/include/mapviz/mapviz/select_frame_dialog.h
[0.527s] -- Up-to-date: /ros2_ws/install/mapviz/include/mapviz/mapviz/widgets.h
[0.527s] -- Up-to-date: /ros2_ws/install/mapviz/include/mapviz/mapviz/stopwatch.h
[0.527s] -- Up-to-date: /ros2_ws/install/mapviz/include/mapviz/mapviz/map_canvas.h
[0.527s] -- Up-to-date: /ros2_ws/install/mapviz/include/mapviz/mapviz/select_service_dialog.h
[0.527s] -- Up-to-date: /ros2_ws/install/mapviz/lib/librqt_mapviz.a
[0.532s] -- Up-to-date: /ros2_ws/install/mapviz/share/mapviz/cmake/export_mapvizExport.cmake
[0.532s] -- Up-to-date: /ros2_ws/install/mapviz/share/mapviz/cmake/export_mapvizExport-noconfig.cmake
[0.534s] Invoked command in '/ros2_ws/build/mapviz' returned '0': AMENT_PREFIX_PATH=/ros2_ws/install/mapviz_interfaces:${AMENT_PREFIX_PATH} CMAKE_PREFIX_PATH=/ros2_ws/install/mapviz_interfaces:/opt/ros/humble LD_LIBRARY_PATH=/ros2_ws/install/mapviz_interfaces/lib:${LD_LIBRARY_PATH} PYTHONPATH=/ros2_ws/install/mapviz_interfaces/local/lib/python3.10/dist-packages:${PYTHONPATH} /usr/bin/cmake --install /ros2_ws/build/mapviz
