-- The CXX compiler identification is GNU 11.4.0
-- Detecting CXX compiler ABI info
-- Detecting CXX compiler ABI info - done
-- Check for working CXX compiler: /usr/bin/c++ - skipped
-- Detecting CXX compile features
-- Detecting CXX compile features - done
-- Found ament_cmake: 1.3.12 (/opt/ros/humble/share/ament_cmake/cmake)
-- Found Python3: /usr/bin/python3 (found version "3.10.12") found components: Interpreter 
-- Override CMake install command with custom implementation using symlinks instead of copying resources
-- Found mapviz: 2.6.1 (/ros2_ws/install/mapviz/share/mapviz/cmake)
-- Found rosidl_generator_c: 3.1.8 (/opt/ros/humble/share/rosidl_generator_c/cmake)
-- Found rosidl_adapter: 3.1.8 (/opt/ros/humble/share/rosidl_adapter/cmake)
-- Found rosidl_generator_cpp: 3.1.8 (/opt/ros/humble/share/rosidl_generator_cpp/cmake)
-- Using all available rosidl_typesupport_c: rosidl_typesupport_fastrtps_c;rosidl_typesupport_introspection_c
-- Using all available rosidl_typesupport_cpp: rosidl_typesupport_fastrtps_cpp;rosidl_typesupport_introspection_cpp
-- Found rmw_implementation_cmake: 6.1.2 (/opt/ros/humble/share/rmw_implementation_cmake/cmake)
-- Found rmw_fastrtps_cpp: 6.2.9 (/opt/ros/humble/share/rmw_fastrtps_cpp/cmake)
-- Found OpenSSL: /usr/lib/aarch64-linux-gnu/libcrypto.so (found version "3.0.2")  
-- Found FastRTPS: /opt/ros/humble/include  
-- Using RMW implementation 'rmw_fastrtps_cpp' as default
-- Looking for C++ include pthread.h
-- Looking for C++ include pthread.h - found
-- Performing Test CMAKE_HAVE_LIBC_PTHREAD
-- Performing Test CMAKE_HAVE_LIBC_PTHREAD - Success
-- Found Threads: TRUE  
-- Found swri_math_util: 3.8.7 (/opt/ros/humble/share/swri_math_util/cmake)
-- Found swri_transform_util: 3.8.7 (/opt/ros/humble/share/swri_transform_util/cmake)
-- Found GeographicLib: /usr/lib/aarch64-linux-gnu  
-- Found eigen3_cmake_module: 0.1.1 (/opt/ros/humble/share/eigen3_cmake_module/cmake)
-- Found Eigen3: TRUE (found version "3.4.0") 
-- Ensuring Eigen3 include directory is part of orocos-kdl CMake target
-- Found OpenGL: /usr/lib/aarch64-linux-gnu/libOpenGL.so   
-- Found GLEW: /usr/include (found version "2.2.0") 
-- Found PkgConfig: /usr/bin/pkg-config (found version "0.29.2") 
-- Checking for module 'yaml-cpp'
--   Found yaml-cpp, version 0.7.0
-- Checking for module 'jsoncpp'
--   Found jsoncpp, version 1.9.5
-- Configuring done
-- Generating done
-- Build files have been written to: /ros2_ws/build/tile_map
[  4%] Generating include/tile_map/moc_wmts_source.cpp
[  8%] Generating include/tile_map/moc_bing_source.cpp
[ 17%] Generating include/tile_map/moc_stadia_source.cpp
[ 13%] Generating include/tile_map/moc_image_cache.cpp
[ 21%] Generating include/tile_map/moc_tile_source.cpp
[ 26%] Building CXX object CMakeFiles/tile_map.dir/src/image_cache.cpp.o
[ 30%] Building CXX object CMakeFiles/tile_map.dir/src/texture_cache.cpp.o
[ 34%] Building CXX object CMakeFiles/tile_map.dir/src/bing_source.cpp.o
[ 39%] Building CXX object CMakeFiles/tile_map.dir/src/stadia_source.cpp.o
[ 43%] Building CXX object CMakeFiles/tile_map.dir/src/tile_source.cpp.o
[ 47%] Building CXX object CMakeFiles/tile_map.dir/src/wmts_source.cpp.o
[ 52%] Building CXX object CMakeFiles/tile_map.dir/src/tile_map_view.cpp.o
[ 56%] Building CXX object CMakeFiles/tile_map.dir/include/tile_map/moc_wmts_source.cpp.o
[ 60%] Building CXX object CMakeFiles/tile_map.dir/include/tile_map/moc_bing_source.cpp.o
[ 65%] Building CXX object CMakeFiles/tile_map.dir/include/tile_map/moc_stadia_source.cpp.o
[ 69%] Building CXX object CMakeFiles/tile_map.dir/include/tile_map/moc_tile_source.cpp.o
[ 73%] Building CXX object CMakeFiles/tile_map.dir/include/tile_map/moc_image_cache.cpp.o
[ 78%] Linking CXX static library libtile_map.a
[ 78%] Built target tile_map
[ 82%] Generating ui_tile_map_config.h
[ 86%] Generating include/tile_map/moc_tile_map_plugin.cpp
[ 91%] Building CXX object CMakeFiles/tile_map_plugin.dir/src/tile_map_plugin.cpp.o
[ 95%] Building CXX object CMakeFiles/tile_map_plugin.dir/include/tile_map/moc_tile_map_plugin.cpp.o
[ 86%] Linking CXX shared library libtile_map_plugin.so
[100%] Built target tile_map_plugin
-- Install configuration: ""
-- Execute custom install script
-- Symlinking: /ros2_ws/install/tile_map/share/tile_map//mapviz_plugins.xml
-- Symlinking: /ros2_ws/install/tile_map/share/ament_index/resource_index/package_run_dependencies/tile_map
-- Symlinking: /ros2_ws/install/tile_map/share/ament_index/resource_index/parent_prefix_path/tile_map
-- Symlinking: /ros2_ws/install/tile_map/share/tile_map/environment/ament_prefix_path.sh
-- Symlinking: /ros2_ws/install/tile_map/share/tile_map/environment/ament_prefix_path.dsv
-- Symlinking: /ros2_ws/install/tile_map/share/tile_map/environment/path.sh
-- Symlinking: /ros2_ws/install/tile_map/share/tile_map/environment/path.dsv
-- Symlinking: /ros2_ws/install/tile_map/share/tile_map/local_setup.bash
-- Symlinking: /ros2_ws/install/tile_map/share/tile_map/local_setup.sh
-- Symlinking: /ros2_ws/install/tile_map/share/tile_map/local_setup.zsh
-- Symlinking: /ros2_ws/install/tile_map/share/tile_map/local_setup.dsv
-- Symlinking: /ros2_ws/install/tile_map/share/tile_map/package.dsv
-- Symlinking: /ros2_ws/install/tile_map/share/ament_index/resource_index/packages/tile_map
-- Symlinking: /ros2_ws/install/tile_map/share/ament_index/resource_index/mapviz__pluginlib__plugin/tile_map
-- Symlinking: /ros2_ws/install/tile_map/share/tile_map/cmake/ament_cmake_export_targets-extras.cmake
-- Symlinking: /ros2_ws/install/tile_map/share/tile_map/cmake/ament_cmake_export_dependencies-extras.cmake
-- Symlinking: /ros2_ws/install/tile_map/share/tile_map/cmake/tile_mapConfig.cmake
-- Symlinking: /ros2_ws/install/tile_map/share/tile_map/cmake/tile_mapConfig-version.cmake
-- Symlinking: /ros2_ws/install/tile_map/share/tile_map/package.xml
-- Installing: /ros2_ws/install/tile_map/include/tile_map
-- Installing: /ros2_ws/install/tile_map/include/tile_map/tile_map
-- Installing: /ros2_ws/install/tile_map/include/tile_map/tile_map/tile_map_view.h
-- Installing: /ros2_ws/install/tile_map/include/tile_map/tile_map/tile_source.h
-- Installing: /ros2_ws/install/tile_map/include/tile_map/tile_map/tile_map_plugin.h
-- Installing: /ros2_ws/install/tile_map/include/tile_map/tile_map/image_cache.h
-- Installing: /ros2_ws/install/tile_map/include/tile_map/tile_map/wmts_source.h
-- Installing: /ros2_ws/install/tile_map/include/tile_map/tile_map/stadia_source.h
-- Installing: /ros2_ws/install/tile_map/include/tile_map/tile_map/texture_cache.h
-- Installing: /ros2_ws/install/tile_map/include/tile_map/tile_map/bing_source.h
-- Installing: /ros2_ws/install/tile_map/lib/libtile_map.a
-- Installing: /ros2_ws/install/tile_map/lib/libtile_map_plugin.so
-- Set runtime path of "/ros2_ws/install/tile_map/lib/libtile_map_plugin.so" to ""
-- Installing: /ros2_ws/install/tile_map/share/tile_map/cmake/export_tile_mapExport.cmake
-- Installing: /ros2_ws/install/tile_map/share/tile_map/cmake/export_tile_mapExport-noconfig.cmake
