[0.692s] DEBUG:colcon:Command line arguments: ['/usr/bin/colcon', 'build', '--packages-select', 'mapviz', 'mapviz_plugins', 'tile_map', 'multires_image', 'mapviz_interfaces', '--symlink-install']
[0.692s] DEBUG:colcon:Parsed command line arguments: Namespace(log_base=None, log_level=None, verb_name='build', build_base='build', install_base='install', merge_install=False, symlink_install=True, test_result_base=None, continue_on_error=False, executor='parallel', parallel_workers=4, event_handlers=None, ignore_user_meta=False, metas=['./colcon.meta'], base_paths=['.'], packages_ignore=None, packages_ignore_regex=None, paths=None, packages_up_to=None, packages_up_to_regex=None, packages_above=None, packages_above_and_dependencies=None, packages_above_depth=None, packages_select_by_dep=None, packages_skip_by_dep=None, packages_skip_up_to=None, packages_select_build_failed=False, packages_skip_build_finished=False, packages_select_test_failures=False, packages_skip_test_passed=False, packages_select=['mapviz', 'mapviz_plugins', 'tile_map', 'multires_image', 'mapviz_interfaces'], packages_skip=None, packages_select_regex=None, packages_skip_regex=None, packages_start=None, packages_end=None, cmake_args=None, cmake_target=None, cmake_target_skip_unavailable=False, cmake_clean_cache=False, cmake_clean_first=False, cmake_force_configure=False, ament_cmake_args=None, catkin_cmake_args=None, catkin_skip_building_tests=False, mixin_files=None, mixin=None, verb_parser=<colcon_mixin.mixin.mixin_argument.MixinArgumentDecorator object at 0x7fff736cbe80>, verb_extension=<colcon_core.verb.build.BuildVerb object at 0x7fff738c54b0>, main=<bound method BuildVerb.main of <colcon_core.verb.build.BuildVerb object at 0x7fff738c54b0>>, mixin_verb=('build',))
[1.260s] Level 1:colcon.colcon_core.package_discovery:discover_packages(colcon_meta) check parameters
[1.260s] Level 1:colcon.colcon_core.package_discovery:discover_packages(recursive) check parameters
[1.260s] Level 1:colcon.colcon_core.package_discovery:discover_packages(ignore) check parameters
[1.260s] Level 1:colcon.colcon_core.package_discovery:discover_packages(path) check parameters
[1.260s] Level 1:colcon.colcon_core.package_discovery:discover_packages(colcon_meta) discover
[1.260s] Level 1:colcon.colcon_core.package_discovery:discover_packages(recursive) discover
[1.261s] INFO:colcon.colcon_core.package_discovery:Crawling recursively for packages in '/ros2_ws'
[1.261s] Level 1:colcon.colcon_core.package_identification:_identify(.) by extensions ['ignore', 'ignore_ament_install']
[1.261s] Level 1:colcon.colcon_core.package_identification:_identify(.) by extension 'ignore'
[1.261s] Level 1:colcon.colcon_core.package_identification:_identify(.) by extension 'ignore_ament_install'
[1.262s] Level 1:colcon.colcon_core.package_identification:_identify(.) by extensions ['colcon_pkg']
[1.262s] Level 1:colcon.colcon_core.package_identification:_identify(.) by extension 'colcon_pkg'
[1.262s] Level 1:colcon.colcon_core.package_identification:_identify(.) by extensions ['colcon_meta']
[1.262s] Level 1:colcon.colcon_core.package_identification:_identify(.) by extension 'colcon_meta'
[1.262s] Level 1:colcon.colcon_core.package_identification:_identify(.) by extensions ['ros']
[1.262s] Level 1:colcon.colcon_core.package_identification:_identify(.) by extension 'ros'
[1.365s] Level 1:colcon.colcon_core.package_identification:_identify(.) by extensions ['cmake', 'python']
[1.365s] Level 1:colcon.colcon_core.package_identification:_identify(.) by extension 'cmake'
[1.365s] Level 1:colcon.colcon_core.package_identification:_identify(.) by extension 'python'
[1.366s] Level 1:colcon.colcon_core.package_identification:_identify(.) by extensions ['python_setup_py']
[1.366s] Level 1:colcon.colcon_core.package_identification:_identify(.) by extension 'python_setup_py'
[1.366s] Level 1:colcon.colcon_core.package_identification:_identify(build) by extensions ['ignore', 'ignore_ament_install']
[1.369s] Level 1:colcon.colcon_core.package_identification:_identify(build) by extension 'ignore'
[1.370s] Level 1:colcon.colcon_core.package_identification:_identify(build) ignored
[1.370s] Level 1:colcon.colcon_core.package_identification:_identify(install) by extensions ['ignore', 'ignore_ament_install']
[1.370s] Level 1:colcon.colcon_core.package_identification:_identify(install) by extension 'ignore'
[1.370s] Level 1:colcon.colcon_core.package_identification:_identify(install) ignored
[1.370s] Level 1:colcon.colcon_core.package_identification:_identify(log) by extensions ['ignore', 'ignore_ament_install']
[1.371s] Level 1:colcon.colcon_core.package_identification:_identify(log) by extension 'ignore'
[1.371s] Level 1:colcon.colcon_core.package_identification:_identify(log) ignored
[1.371s] Level 1:colcon.colcon_core.package_identification:_identify(src) by extensions ['ignore', 'ignore_ament_install']
[1.371s] Level 1:colcon.colcon_core.package_identification:_identify(src) by extension 'ignore'
[1.371s] Level 1:colcon.colcon_core.package_identification:_identify(src) by extension 'ignore_ament_install'
[1.371s] Level 1:colcon.colcon_core.package_identification:_identify(src) by extensions ['colcon_pkg']
[1.371s] Level 1:colcon.colcon_core.package_identification:_identify(src) by extension 'colcon_pkg'
[1.371s] Level 1:colcon.colcon_core.package_identification:_identify(src) by extensions ['colcon_meta']
[1.371s] Level 1:colcon.colcon_core.package_identification:_identify(src) by extension 'colcon_meta'
[1.372s] Level 1:colcon.colcon_core.package_identification:_identify(src) by extensions ['ros']
[1.372s] Level 1:colcon.colcon_core.package_identification:_identify(src) by extension 'ros'
[1.372s] Level 1:colcon.colcon_core.package_identification:_identify(src) by extensions ['cmake', 'python']
[1.372s] Level 1:colcon.colcon_core.package_identification:_identify(src) by extension 'cmake'
[1.372s] Level 1:colcon.colcon_core.package_identification:_identify(src) by extension 'python'
[1.372s] Level 1:colcon.colcon_core.package_identification:_identify(src) by extensions ['python_setup_py']
[1.372s] Level 1:colcon.colcon_core.package_identification:_identify(src) by extension 'python_setup_py'
[1.372s] Level 1:colcon.colcon_core.package_identification:_identify(src/mapviz) by extensions ['ignore', 'ignore_ament_install']
[1.372s] Level 1:colcon.colcon_core.package_identification:_identify(src/mapviz) by extension 'ignore'
[1.373s] Level 1:colcon.colcon_core.package_identification:_identify(src/mapviz) by extension 'ignore_ament_install'
[1.373s] Level 1:colcon.colcon_core.package_identification:_identify(src/mapviz) by extensions ['colcon_pkg']
[1.373s] Level 1:colcon.colcon_core.package_identification:_identify(src/mapviz) by extension 'colcon_pkg'
[1.373s] Level 1:colcon.colcon_core.package_identification:_identify(src/mapviz) by extensions ['colcon_meta']
[1.373s] Level 1:colcon.colcon_core.package_identification:_identify(src/mapviz) by extension 'colcon_meta'
[1.373s] Level 1:colcon.colcon_core.package_identification:_identify(src/mapviz) by extensions ['ros']
[1.373s] Level 1:colcon.colcon_core.package_identification:_identify(src/mapviz) by extension 'ros'
[1.373s] Level 1:colcon.colcon_core.package_identification:_identify(src/mapviz) by extensions ['cmake', 'python']
[1.373s] Level 1:colcon.colcon_core.package_identification:_identify(src/mapviz) by extension 'cmake'
[1.373s] Level 1:colcon.colcon_core.package_identification:_identify(src/mapviz) by extension 'python'
[1.374s] Level 1:colcon.colcon_core.package_identification:_identify(src/mapviz) by extensions ['python_setup_py']
[1.374s] Level 1:colcon.colcon_core.package_identification:_identify(src/mapviz) by extension 'python_setup_py'
[1.375s] Level 1:colcon.colcon_core.package_identification:_identify(src/mapviz/docs) by extensions ['ignore', 'ignore_ament_install']
[1.375s] Level 1:colcon.colcon_core.package_identification:_identify(src/mapviz/docs) by extension 'ignore'
[1.375s] Level 1:colcon.colcon_core.package_identification:_identify(src/mapviz/docs) by extension 'ignore_ament_install'
[1.375s] Level 1:colcon.colcon_core.package_identification:_identify(src/mapviz/docs) by extensions ['colcon_pkg']
[1.375s] Level 1:colcon.colcon_core.package_identification:_identify(src/mapviz/docs) by extension 'colcon_pkg'
[1.375s] Level 1:colcon.colcon_core.package_identification:_identify(src/mapviz/docs) by extensions ['colcon_meta']
[1.375s] Level 1:colcon.colcon_core.package_identification:_identify(src/mapviz/docs) by extension 'colcon_meta'
[1.376s] Level 1:colcon.colcon_core.package_identification:_identify(src/mapviz/docs) by extensions ['ros']
[1.376s] Level 1:colcon.colcon_core.package_identification:_identify(src/mapviz/docs) by extension 'ros'
[1.376s] Level 1:colcon.colcon_core.package_identification:_identify(src/mapviz/docs) by extensions ['cmake', 'python']
[1.376s] Level 1:colcon.colcon_core.package_identification:_identify(src/mapviz/docs) by extension 'cmake'
[1.376s] Level 1:colcon.colcon_core.package_identification:_identify(src/mapviz/docs) by extension 'python'
[1.376s] Level 1:colcon.colcon_core.package_identification:_identify(src/mapviz/docs) by extensions ['python_setup_py']
[1.376s] Level 1:colcon.colcon_core.package_identification:_identify(src/mapviz/docs) by extension 'python_setup_py'
[1.377s] Level 1:colcon.colcon_core.package_identification:_identify(src/mapviz/docs/_layouts) by extensions ['ignore', 'ignore_ament_install']
[1.377s] Level 1:colcon.colcon_core.package_identification:_identify(src/mapviz/docs/_layouts) by extension 'ignore'
[1.377s] Level 1:colcon.colcon_core.package_identification:_identify(src/mapviz/docs/_layouts) by extension 'ignore_ament_install'
[1.378s] Level 1:colcon.colcon_core.package_identification:_identify(src/mapviz/docs/_layouts) by extensions ['colcon_pkg']
[1.378s] Level 1:colcon.colcon_core.package_identification:_identify(src/mapviz/docs/_layouts) by extension 'colcon_pkg'
[1.378s] Level 1:colcon.colcon_core.package_identification:_identify(src/mapviz/docs/_layouts) by extensions ['colcon_meta']
[1.378s] Level 1:colcon.colcon_core.package_identification:_identify(src/mapviz/docs/_layouts) by extension 'colcon_meta'
[1.378s] Level 1:colcon.colcon_core.package_identification:_identify(src/mapviz/docs/_layouts) by extensions ['ros']
[1.378s] Level 1:colcon.colcon_core.package_identification:_identify(src/mapviz/docs/_layouts) by extension 'ros'
[1.378s] Level 1:colcon.colcon_core.package_identification:_identify(src/mapviz/docs/_layouts) by extensions ['cmake', 'python']
[1.378s] Level 1:colcon.colcon_core.package_identification:_identify(src/mapviz/docs/_layouts) by extension 'cmake'
[1.378s] Level 1:colcon.colcon_core.package_identification:_identify(src/mapviz/docs/_layouts) by extension 'python'
[1.378s] Level 1:colcon.colcon_core.package_identification:_identify(src/mapviz/docs/_layouts) by extensions ['python_setup_py']
[1.378s] Level 1:colcon.colcon_core.package_identification:_identify(src/mapviz/docs/_layouts) by extension 'python_setup_py'
[1.379s] Level 1:colcon.colcon_core.package_identification:_identify(src/mapviz/docs/_plugins) by extensions ['ignore', 'ignore_ament_install']
[1.380s] Level 1:colcon.colcon_core.package_identification:_identify(src/mapviz/docs/_plugins) by extension 'ignore'
[1.380s] Level 1:colcon.colcon_core.package_identification:_identify(src/mapviz/docs/_plugins) by extension 'ignore_ament_install'
[1.381s] Level 1:colcon.colcon_core.package_identification:_identify(src/mapviz/docs/_plugins) by extensions ['colcon_pkg']
[1.381s] Level 1:colcon.colcon_core.package_identification:_identify(src/mapviz/docs/_plugins) by extension 'colcon_pkg'
[1.381s] Level 1:colcon.colcon_core.package_identification:_identify(src/mapviz/docs/_plugins) by extensions ['colcon_meta']
[1.381s] Level 1:colcon.colcon_core.package_identification:_identify(src/mapviz/docs/_plugins) by extension 'colcon_meta'
[1.382s] Level 1:colcon.colcon_core.package_identification:_identify(src/mapviz/docs/_plugins) by extensions ['ros']
[1.382s] Level 1:colcon.colcon_core.package_identification:_identify(src/mapviz/docs/_plugins) by extension 'ros'
[1.382s] Level 1:colcon.colcon_core.package_identification:_identify(src/mapviz/docs/_plugins) by extensions ['cmake', 'python']
[1.382s] Level 1:colcon.colcon_core.package_identification:_identify(src/mapviz/docs/_plugins) by extension 'cmake'
[1.383s] Level 1:colcon.colcon_core.package_identification:_identify(src/mapviz/docs/_plugins) by extension 'python'
[1.383s] Level 1:colcon.colcon_core.package_identification:_identify(src/mapviz/docs/_plugins) by extensions ['python_setup_py']
[1.383s] Level 1:colcon.colcon_core.package_identification:_identify(src/mapviz/docs/_plugins) by extension 'python_setup_py'
[1.384s] Level 1:colcon.colcon_core.package_identification:_identify(src/mapviz/docs/assets) by extensions ['ignore', 'ignore_ament_install']
[1.385s] Level 1:colcon.colcon_core.package_identification:_identify(src/mapviz/docs/assets) by extension 'ignore'
[1.385s] Level 1:colcon.colcon_core.package_identification:_identify(src/mapviz/docs/assets) by extension 'ignore_ament_install'
[1.385s] Level 1:colcon.colcon_core.package_identification:_identify(src/mapviz/docs/assets) by extensions ['colcon_pkg']
[1.386s] Level 1:colcon.colcon_core.package_identification:_identify(src/mapviz/docs/assets) by extension 'colcon_pkg'
[1.386s] Level 1:colcon.colcon_core.package_identification:_identify(src/mapviz/docs/assets) by extensions ['colcon_meta']
[1.386s] Level 1:colcon.colcon_core.package_identification:_identify(src/mapviz/docs/assets) by extension 'colcon_meta'
[1.386s] Level 1:colcon.colcon_core.package_identification:_identify(src/mapviz/docs/assets) by extensions ['ros']
[1.387s] Level 1:colcon.colcon_core.package_identification:_identify(src/mapviz/docs/assets) by extension 'ros'
[1.387s] Level 1:colcon.colcon_core.package_identification:_identify(src/mapviz/docs/assets) by extensions ['cmake', 'python']
[1.387s] Level 1:colcon.colcon_core.package_identification:_identify(src/mapviz/docs/assets) by extension 'cmake'
[1.387s] Level 1:colcon.colcon_core.package_identification:_identify(src/mapviz/docs/assets) by extension 'python'
[1.388s] Level 1:colcon.colcon_core.package_identification:_identify(src/mapviz/docs/assets) by extensions ['python_setup_py']
[1.388s] Level 1:colcon.colcon_core.package_identification:_identify(src/mapviz/docs/assets) by extension 'python_setup_py'
[1.389s] Level 1:colcon.colcon_core.package_identification:_identify(src/mapviz/docs/assets/images) by extensions ['ignore', 'ignore_ament_install']
[1.390s] Level 1:colcon.colcon_core.package_identification:_identify(src/mapviz/docs/assets/images) by extension 'ignore'
[1.390s] Level 1:colcon.colcon_core.package_identification:_identify(src/mapviz/docs/assets/images) by extension 'ignore_ament_install'
[1.390s] Level 1:colcon.colcon_core.package_identification:_identify(src/mapviz/docs/assets/images) by extensions ['colcon_pkg']
[1.390s] Level 1:colcon.colcon_core.package_identification:_identify(src/mapviz/docs/assets/images) by extension 'colcon_pkg'
[1.391s] Level 1:colcon.colcon_core.package_identification:_identify(src/mapviz/docs/assets/images) by extensions ['colcon_meta']
[1.391s] Level 1:colcon.colcon_core.package_identification:_identify(src/mapviz/docs/assets/images) by extension 'colcon_meta'
[1.391s] Level 1:colcon.colcon_core.package_identification:_identify(src/mapviz/docs/assets/images) by extensions ['ros']
[1.391s] Level 1:colcon.colcon_core.package_identification:_identify(src/mapviz/docs/assets/images) by extension 'ros'
[1.392s] Level 1:colcon.colcon_core.package_identification:_identify(src/mapviz/docs/assets/images) by extensions ['cmake', 'python']
[1.392s] Level 1:colcon.colcon_core.package_identification:_identify(src/mapviz/docs/assets/images) by extension 'cmake'
[1.392s] Level 1:colcon.colcon_core.package_identification:_identify(src/mapviz/docs/assets/images) by extension 'python'
[1.392s] Level 1:colcon.colcon_core.package_identification:_identify(src/mapviz/docs/assets/images) by extensions ['python_setup_py']
[1.393s] Level 1:colcon.colcon_core.package_identification:_identify(src/mapviz/docs/assets/images) by extension 'python_setup_py'
[1.394s] Level 1:colcon.colcon_core.package_identification:_identify(src/mapviz/docs/assets/js) by extensions ['ignore', 'ignore_ament_install']
[1.394s] Level 1:colcon.colcon_core.package_identification:_identify(src/mapviz/docs/assets/js) by extension 'ignore'
[1.394s] Level 1:colcon.colcon_core.package_identification:_identify(src/mapviz/docs/assets/js) by extension 'ignore_ament_install'
[1.394s] Level 1:colcon.colcon_core.package_identification:_identify(src/mapviz/docs/assets/js) by extensions ['colcon_pkg']
[1.394s] Level 1:colcon.colcon_core.package_identification:_identify(src/mapviz/docs/assets/js) by extension 'colcon_pkg'
[1.395s] Level 1:colcon.colcon_core.package_identification:_identify(src/mapviz/docs/assets/js) by extensions ['colcon_meta']
[1.395s] Level 1:colcon.colcon_core.package_identification:_identify(src/mapviz/docs/assets/js) by extension 'colcon_meta'
[1.395s] Level 1:colcon.colcon_core.package_identification:_identify(src/mapviz/docs/assets/js) by extensions ['ros']
[1.395s] Level 1:colcon.colcon_core.package_identification:_identify(src/mapviz/docs/assets/js) by extension 'ros'
[1.395s] Level 1:colcon.colcon_core.package_identification:_identify(src/mapviz/docs/assets/js) by extensions ['cmake', 'python']
[1.395s] Level 1:colcon.colcon_core.package_identification:_identify(src/mapviz/docs/assets/js) by extension 'cmake'
[1.395s] Level 1:colcon.colcon_core.package_identification:_identify(src/mapviz/docs/assets/js) by extension 'python'
[1.395s] Level 1:colcon.colcon_core.package_identification:_identify(src/mapviz/docs/assets/js) by extensions ['python_setup_py']
[1.395s] Level 1:colcon.colcon_core.package_identification:_identify(src/mapviz/docs/assets/js) by extension 'python_setup_py'
[1.396s] Level 1:colcon.colcon_core.package_identification:_identify(src/mapviz/docs/guides) by extensions ['ignore', 'ignore_ament_install']
[1.397s] Level 1:colcon.colcon_core.package_identification:_identify(src/mapviz/docs/guides) by extension 'ignore'
[1.397s] Level 1:colcon.colcon_core.package_identification:_identify(src/mapviz/docs/guides) by extension 'ignore_ament_install'
[1.397s] Level 1:colcon.colcon_core.package_identification:_identify(src/mapviz/docs/guides) by extensions ['colcon_pkg']
[1.398s] Level 1:colcon.colcon_core.package_identification:_identify(src/mapviz/docs/guides) by extension 'colcon_pkg'
[1.398s] Level 1:colcon.colcon_core.package_identification:_identify(src/mapviz/docs/guides) by extensions ['colcon_meta']
[1.398s] Level 1:colcon.colcon_core.package_identification:_identify(src/mapviz/docs/guides) by extension 'colcon_meta'
[1.398s] Level 1:colcon.colcon_core.package_identification:_identify(src/mapviz/docs/guides) by extensions ['ros']
[1.399s] Level 1:colcon.colcon_core.package_identification:_identify(src/mapviz/docs/guides) by extension 'ros'
[1.399s] Level 1:colcon.colcon_core.package_identification:_identify(src/mapviz/docs/guides) by extensions ['cmake', 'python']
[1.399s] Level 1:colcon.colcon_core.package_identification:_identify(src/mapviz/docs/guides) by extension 'cmake'
[1.399s] Level 1:colcon.colcon_core.package_identification:_identify(src/mapviz/docs/guides) by extension 'python'
[1.400s] Level 1:colcon.colcon_core.package_identification:_identify(src/mapviz/docs/guides) by extensions ['python_setup_py']
[1.400s] Level 1:colcon.colcon_core.package_identification:_identify(src/mapviz/docs/guides) by extension 'python_setup_py'
[1.401s] Level 1:colcon.colcon_core.package_identification:_identify(src/mapviz/mapviz) by extensions ['ignore', 'ignore_ament_install']
[1.401s] Level 1:colcon.colcon_core.package_identification:_identify(src/mapviz/mapviz) by extension 'ignore'
[1.402s] Level 1:colcon.colcon_core.package_identification:_identify(src/mapviz/mapviz) by extension 'ignore_ament_install'
[1.402s] Level 1:colcon.colcon_core.package_identification:_identify(src/mapviz/mapviz) by extensions ['colcon_pkg']
[1.402s] Level 1:colcon.colcon_core.package_identification:_identify(src/mapviz/mapviz) by extension 'colcon_pkg'
[1.403s] Level 1:colcon.colcon_core.package_identification:_identify(src/mapviz/mapviz) by extensions ['colcon_meta']
[1.403s] Level 1:colcon.colcon_core.package_identification:_identify(src/mapviz/mapviz) by extension 'colcon_meta'
[1.403s] Level 1:colcon.colcon_core.package_identification:_identify(src/mapviz/mapviz) by extensions ['ros']
[1.403s] Level 1:colcon.colcon_core.package_identification:_identify(src/mapviz/mapviz) by extension 'ros'
[1.444s] DEBUG:colcon.colcon_core.package_identification:Package 'src/mapviz/mapviz' with type 'ros.ament_cmake' and name 'mapviz'
[1.445s] Level 1:colcon.colcon_core.package_identification:_identify(src/mapviz/mapviz_interfaces) by extensions ['ignore', 'ignore_ament_install']
[1.446s] Level 1:colcon.colcon_core.package_identification:_identify(src/mapviz/mapviz_interfaces) by extension 'ignore'
[1.446s] Level 1:colcon.colcon_core.package_identification:_identify(src/mapviz/mapviz_interfaces) by extension 'ignore_ament_install'
[1.446s] Level 1:colcon.colcon_core.package_identification:_identify(src/mapviz/mapviz_interfaces) by extensions ['colcon_pkg']
[1.446s] Level 1:colcon.colcon_core.package_identification:_identify(src/mapviz/mapviz_interfaces) by extension 'colcon_pkg'
[1.446s] Level 1:colcon.colcon_core.package_identification:_identify(src/mapviz/mapviz_interfaces) by extensions ['colcon_meta']
[1.446s] Level 1:colcon.colcon_core.package_identification:_identify(src/mapviz/mapviz_interfaces) by extension 'colcon_meta'
[1.446s] Level 1:colcon.colcon_core.package_identification:_identify(src/mapviz/mapviz_interfaces) by extensions ['ros']
[1.447s] Level 1:colcon.colcon_core.package_identification:_identify(src/mapviz/mapviz_interfaces) by extension 'ros'
[1.449s] DEBUG:colcon.colcon_core.package_identification:Package 'src/mapviz/mapviz_interfaces' with type 'ros.ament_cmake' and name 'mapviz_interfaces'
[1.449s] Level 1:colcon.colcon_core.package_identification:_identify(src/mapviz/mapviz_plugins) by extensions ['ignore', 'ignore_ament_install']
[1.450s] Level 1:colcon.colcon_core.package_identification:_identify(src/mapviz/mapviz_plugins) by extension 'ignore'
[1.450s] Level 1:colcon.colcon_core.package_identification:_identify(src/mapviz/mapviz_plugins) by extension 'ignore_ament_install'
[1.450s] Level 1:colcon.colcon_core.package_identification:_identify(src/mapviz/mapviz_plugins) by extensions ['colcon_pkg']
[1.451s] Level 1:colcon.colcon_core.package_identification:_identify(src/mapviz/mapviz_plugins) by extension 'colcon_pkg'
[1.451s] Level 1:colcon.colcon_core.package_identification:_identify(src/mapviz/mapviz_plugins) by extensions ['colcon_meta']
[1.451s] Level 1:colcon.colcon_core.package_identification:_identify(src/mapviz/mapviz_plugins) by extension 'colcon_meta'
[1.451s] Level 1:colcon.colcon_core.package_identification:_identify(src/mapviz/mapviz_plugins) by extensions ['ros']
[1.452s] Level 1:colcon.colcon_core.package_identification:_identify(src/mapviz/mapviz_plugins) by extension 'ros'
[1.457s] DEBUG:colcon.colcon_core.package_identification:Package 'src/mapviz/mapviz_plugins' with type 'ros.ament_cmake' and name 'mapviz_plugins'
[1.457s] Level 1:colcon.colcon_core.package_identification:_identify(src/mapviz/multires_image) by extensions ['ignore', 'ignore_ament_install']
[1.458s] Level 1:colcon.colcon_core.package_identification:_identify(src/mapviz/multires_image) by extension 'ignore'
[1.458s] Level 1:colcon.colcon_core.package_identification:_identify(src/mapviz/multires_image) by extension 'ignore_ament_install'
[1.458s] Level 1:colcon.colcon_core.package_identification:_identify(src/mapviz/multires_image) by extensions ['colcon_pkg']
[1.459s] Level 1:colcon.colcon_core.package_identification:_identify(src/mapviz/multires_image) by extension 'colcon_pkg'
[1.459s] Level 1:colcon.colcon_core.package_identification:_identify(src/mapviz/multires_image) by extensions ['colcon_meta']
[1.459s] Level 1:colcon.colcon_core.package_identification:_identify(src/mapviz/multires_image) by extension 'colcon_meta'
[1.459s] Level 1:colcon.colcon_core.package_identification:_identify(src/mapviz/multires_image) by extensions ['ros']
[1.460s] Level 1:colcon.colcon_core.package_identification:_identify(src/mapviz/multires_image) by extension 'ros'
[1.463s] DEBUG:colcon.colcon_core.package_identification:Package 'src/mapviz/multires_image' with type 'ros.ament_cmake' and name 'multires_image'
[1.463s] Level 1:colcon.colcon_core.package_identification:_identify(src/mapviz/tile_map) by extensions ['ignore', 'ignore_ament_install']
[1.463s] Level 1:colcon.colcon_core.package_identification:_identify(src/mapviz/tile_map) by extension 'ignore'
[1.464s] Level 1:colcon.colcon_core.package_identification:_identify(src/mapviz/tile_map) by extension 'ignore_ament_install'
[1.464s] Level 1:colcon.colcon_core.package_identification:_identify(src/mapviz/tile_map) by extensions ['colcon_pkg']
[1.464s] Level 1:colcon.colcon_core.package_identification:_identify(src/mapviz/tile_map) by extension 'colcon_pkg'
[1.465s] Level 1:colcon.colcon_core.package_identification:_identify(src/mapviz/tile_map) by extensions ['colcon_meta']
[1.465s] Level 1:colcon.colcon_core.package_identification:_identify(src/mapviz/tile_map) by extension 'colcon_meta'
[1.465s] Level 1:colcon.colcon_core.package_identification:_identify(src/mapviz/tile_map) by extensions ['ros']
[1.465s] Level 1:colcon.colcon_core.package_identification:_identify(src/mapviz/tile_map) by extension 'ros'
[1.468s] DEBUG:colcon.colcon_core.package_identification:Package 'src/mapviz/tile_map' with type 'ros.ament_cmake' and name 'tile_map'
[1.469s] Level 1:colcon.colcon_core.package_identification:_identify(src/navegacion_gps) by extensions ['ignore', 'ignore_ament_install']
[1.469s] Level 1:colcon.colcon_core.package_identification:_identify(src/navegacion_gps) by extension 'ignore'
[1.470s] Level 1:colcon.colcon_core.package_identification:_identify(src/navegacion_gps) by extension 'ignore_ament_install'
[1.470s] Level 1:colcon.colcon_core.package_identification:_identify(src/navegacion_gps) by extensions ['colcon_pkg']
[1.470s] Level 1:colcon.colcon_core.package_identification:_identify(src/navegacion_gps) by extension 'colcon_pkg'
[1.470s] Level 1:colcon.colcon_core.package_identification:_identify(src/navegacion_gps) by extensions ['colcon_meta']
[1.471s] Level 1:colcon.colcon_core.package_identification:_identify(src/navegacion_gps) by extension 'colcon_meta'
[1.471s] Level 1:colcon.colcon_core.package_identification:_identify(src/navegacion_gps) by extensions ['ros']
[1.471s] Level 1:colcon.colcon_core.package_identification:_identify(src/navegacion_gps) by extension 'ros'
[1.476s] DEBUG:colcon.colcon_core.package_identification:Package 'src/navegacion_gps' with type 'ros.ament_python' and name 'navegacion_gps'
[1.476s] Level 1:colcon.colcon_core.package_identification:_identify(src/rslidar_msg) by extensions ['ignore', 'ignore_ament_install']
[1.477s] Level 1:colcon.colcon_core.package_identification:_identify(src/rslidar_msg) by extension 'ignore'
[1.477s] Level 1:colcon.colcon_core.package_identification:_identify(src/rslidar_msg) by extension 'ignore_ament_install'
[1.478s] Level 1:colcon.colcon_core.package_identification:_identify(src/rslidar_msg) by extensions ['colcon_pkg']
[1.478s] Level 1:colcon.colcon_core.package_identification:_identify(src/rslidar_msg) by extension 'colcon_pkg'
[1.478s] Level 1:colcon.colcon_core.package_identification:_identify(src/rslidar_msg) by extensions ['colcon_meta']
[1.478s] Level 1:colcon.colcon_core.package_identification:_identify(src/rslidar_msg) by extension 'colcon_meta'
[1.478s] Level 1:colcon.colcon_core.package_identification:_identify(src/rslidar_msg) by extensions ['ros']
[1.479s] Level 1:colcon.colcon_core.package_identification:_identify(src/rslidar_msg) by extension 'ros'
[1.485s] DEBUG:colcon.colcon_core.package_identification:Package 'src/rslidar_msg' with type 'ros.ament_cmake' and name 'rslidar_msg'
[1.486s] Level 1:colcon.colcon_core.package_identification:_identify(src/rslidar_sdk) by extensions ['ignore', 'ignore_ament_install']
[1.487s] Level 1:colcon.colcon_core.package_identification:_identify(src/rslidar_sdk) by extension 'ignore'
[1.487s] Level 1:colcon.colcon_core.package_identification:_identify(src/rslidar_sdk) by extension 'ignore_ament_install'
[1.487s] Level 1:colcon.colcon_core.package_identification:_identify(src/rslidar_sdk) by extensions ['colcon_pkg']
[1.487s] Level 1:colcon.colcon_core.package_identification:_identify(src/rslidar_sdk) by extension 'colcon_pkg'
[1.488s] Level 1:colcon.colcon_core.package_identification:_identify(src/rslidar_sdk) by extensions ['colcon_meta']
[1.488s] Level 1:colcon.colcon_core.package_identification:_identify(src/rslidar_sdk) by extension 'colcon_meta'
[1.488s] Level 1:colcon.colcon_core.package_identification:_identify(src/rslidar_sdk) by extensions ['ros']
[1.488s] Level 1:colcon.colcon_core.package_identification:_identify(src/rslidar_sdk) by extension 'ros'
[1.510s] DEBUG:colcon.colcon_core.package_identification:Package 'src/rslidar_sdk' with type 'ros.ament_cmake' and name 'rslidar_sdk'
[1.511s] Level 1:colcon.colcon_core.package_identification:_identify(src/sensores) by extensions ['ignore', 'ignore_ament_install']
[1.512s] Level 1:colcon.colcon_core.package_identification:_identify(src/sensores) by extension 'ignore'
[1.512s] Level 1:colcon.colcon_core.package_identification:_identify(src/sensores) by extension 'ignore_ament_install'
[1.512s] Level 1:colcon.colcon_core.package_identification:_identify(src/sensores) by extensions ['colcon_pkg']
[1.513s] Level 1:colcon.colcon_core.package_identification:_identify(src/sensores) by extension 'colcon_pkg'
[1.513s] Level 1:colcon.colcon_core.package_identification:_identify(src/sensores) by extensions ['colcon_meta']
[1.514s] Level 1:colcon.colcon_core.package_identification:_identify(src/sensores) by extension 'colcon_meta'
[1.514s] Level 1:colcon.colcon_core.package_identification:_identify(src/sensores) by extensions ['ros']
[1.514s] Level 1:colcon.colcon_core.package_identification:_identify(src/sensores) by extension 'ros'
[1.517s] DEBUG:colcon.colcon_core.package_identification:Package 'src/sensores' with type 'ros.ament_python' and name 'sensores'
[1.517s] Level 1:colcon.colcon_core.package_discovery:discover_packages(recursive) using defaults
[1.517s] Level 1:colcon.colcon_core.package_discovery:discover_packages(ignore) discover
[1.517s] Level 1:colcon.colcon_core.package_discovery:discover_packages(ignore) using defaults
[1.517s] Level 1:colcon.colcon_core.package_discovery:discover_packages(path) discover
[1.517s] Level 1:colcon.colcon_core.package_discovery:discover_packages(path) using defaults
[1.602s] INFO:colcon.colcon_core.package_selection:Skipping not selected package 'rslidar_msg' in 'src/rslidar_msg'
[1.602s] INFO:colcon.colcon_core.package_selection:Skipping not selected package 'sensores' in 'src/sensores'
[1.603s] INFO:colcon.colcon_core.package_selection:Skipping not selected package 'rslidar_sdk' in 'src/rslidar_sdk'
[1.603s] INFO:colcon.colcon_core.package_selection:Skipping not selected package 'navegacion_gps' in 'src/navegacion_gps'
[1.604s] Level 5:colcon.colcon_core.verb:set package 'mapviz_interfaces' build argument 'cmake_args' from command line to 'None'
[1.604s] Level 5:colcon.colcon_core.verb:set package 'mapviz_interfaces' build argument 'cmake_target' from command line to 'None'
[1.604s] Level 5:colcon.colcon_core.verb:set package 'mapviz_interfaces' build argument 'cmake_target_skip_unavailable' from command line to 'False'
[1.604s] Level 5:colcon.colcon_core.verb:set package 'mapviz_interfaces' build argument 'cmake_clean_cache' from command line to 'False'
[1.604s] Level 5:colcon.colcon_core.verb:set package 'mapviz_interfaces' build argument 'cmake_clean_first' from command line to 'False'
[1.604s] Level 5:colcon.colcon_core.verb:set package 'mapviz_interfaces' build argument 'cmake_force_configure' from command line to 'False'
[1.605s] Level 5:colcon.colcon_core.verb:set package 'mapviz_interfaces' build argument 'ament_cmake_args' from command line to 'None'
[1.605s] Level 5:colcon.colcon_core.verb:set package 'mapviz_interfaces' build argument 'catkin_cmake_args' from command line to 'None'
[1.605s] Level 5:colcon.colcon_core.verb:set package 'mapviz_interfaces' build argument 'catkin_skip_building_tests' from command line to 'False'
[1.605s] DEBUG:colcon.colcon_core.verb:Building package 'mapviz_interfaces' with the following arguments: {'ament_cmake_args': None, 'build_base': '/ros2_ws/build/mapviz_interfaces', 'catkin_cmake_args': None, 'catkin_skip_building_tests': False, 'cmake_args': None, 'cmake_clean_cache': False, 'cmake_clean_first': False, 'cmake_force_configure': False, 'cmake_target': None, 'cmake_target_skip_unavailable': False, 'install_base': '/ros2_ws/install/mapviz_interfaces', 'merge_install': False, 'path': '/ros2_ws/src/mapviz/mapviz_interfaces', 'symlink_install': True, 'test_result_base': None}
[1.606s] Level 5:colcon.colcon_core.verb:set package 'mapviz' build argument 'cmake_args' from command line to 'None'
[1.606s] Level 5:colcon.colcon_core.verb:set package 'mapviz' build argument 'cmake_target' from command line to 'None'
[1.607s] Level 5:colcon.colcon_core.verb:set package 'mapviz' build argument 'cmake_target_skip_unavailable' from command line to 'False'
[1.607s] Level 5:colcon.colcon_core.verb:set package 'mapviz' build argument 'cmake_clean_cache' from command line to 'False'
[1.607s] Level 5:colcon.colcon_core.verb:set package 'mapviz' build argument 'cmake_clean_first' from command line to 'False'
[1.607s] Level 5:colcon.colcon_core.verb:set package 'mapviz' build argument 'cmake_force_configure' from command line to 'False'
[1.607s] Level 5:colcon.colcon_core.verb:set package 'mapviz' build argument 'ament_cmake_args' from command line to 'None'
[1.607s] Level 5:colcon.colcon_core.verb:set package 'mapviz' build argument 'catkin_cmake_args' from command line to 'None'
[1.608s] Level 5:colcon.colcon_core.verb:set package 'mapviz' build argument 'catkin_skip_building_tests' from command line to 'False'
[1.608s] DEBUG:colcon.colcon_core.verb:Building package 'mapviz' with the following arguments: {'ament_cmake_args': None, 'build_base': '/ros2_ws/build/mapviz', 'catkin_cmake_args': None, 'catkin_skip_building_tests': False, 'cmake_args': None, 'cmake_clean_cache': False, 'cmake_clean_first': False, 'cmake_force_configure': False, 'cmake_target': None, 'cmake_target_skip_unavailable': False, 'install_base': '/ros2_ws/install/mapviz', 'merge_install': False, 'path': '/ros2_ws/src/mapviz/mapviz', 'symlink_install': True, 'test_result_base': None}
[1.609s] Level 5:colcon.colcon_core.verb:set package 'mapviz_plugins' build argument 'cmake_args' from command line to 'None'
[1.609s] Level 5:colcon.colcon_core.verb:set package 'mapviz_plugins' build argument 'cmake_target' from command line to 'None'
[1.609s] Level 5:colcon.colcon_core.verb:set package 'mapviz_plugins' build argument 'cmake_target_skip_unavailable' from command line to 'False'
[1.609s] Level 5:colcon.colcon_core.verb:set package 'mapviz_plugins' build argument 'cmake_clean_cache' from command line to 'False'
[1.609s] Level 5:colcon.colcon_core.verb:set package 'mapviz_plugins' build argument 'cmake_clean_first' from command line to 'False'
[1.610s] Level 5:colcon.colcon_core.verb:set package 'mapviz_plugins' build argument 'cmake_force_configure' from command line to 'False'
[1.610s] Level 5:colcon.colcon_core.verb:set package 'mapviz_plugins' build argument 'ament_cmake_args' from command line to 'None'
[1.610s] Level 5:colcon.colcon_core.verb:set package 'mapviz_plugins' build argument 'catkin_cmake_args' from command line to 'None'
[1.610s] Level 5:colcon.colcon_core.verb:set package 'mapviz_plugins' build argument 'catkin_skip_building_tests' from command line to 'False'
[1.610s] DEBUG:colcon.colcon_core.verb:Building package 'mapviz_plugins' with the following arguments: {'ament_cmake_args': None, 'build_base': '/ros2_ws/build/mapviz_plugins', 'catkin_cmake_args': None, 'catkin_skip_building_tests': False, 'cmake_args': None, 'cmake_clean_cache': False, 'cmake_clean_first': False, 'cmake_force_configure': False, 'cmake_target': None, 'cmake_target_skip_unavailable': False, 'install_base': '/ros2_ws/install/mapviz_plugins', 'merge_install': False, 'path': '/ros2_ws/src/mapviz/mapviz_plugins', 'symlink_install': True, 'test_result_base': None}
[1.611s] Level 5:colcon.colcon_core.verb:set package 'multires_image' build argument 'cmake_args' from command line to 'None'
[1.611s] Level 5:colcon.colcon_core.verb:set package 'multires_image' build argument 'cmake_target' from command line to 'None'
[1.611s] Level 5:colcon.colcon_core.verb:set package 'multires_image' build argument 'cmake_target_skip_unavailable' from command line to 'False'
[1.612s] Level 5:colcon.colcon_core.verb:set package 'multires_image' build argument 'cmake_clean_cache' from command line to 'False'
[1.612s] Level 5:colcon.colcon_core.verb:set package 'multires_image' build argument 'cmake_clean_first' from command line to 'False'
[1.612s] Level 5:colcon.colcon_core.verb:set package 'multires_image' build argument 'cmake_force_configure' from command line to 'False'
[1.612s] Level 5:colcon.colcon_core.verb:set package 'multires_image' build argument 'ament_cmake_args' from command line to 'None'
[1.612s] Level 5:colcon.colcon_core.verb:set package 'multires_image' build argument 'catkin_cmake_args' from command line to 'None'
[1.613s] Level 5:colcon.colcon_core.verb:set package 'multires_image' build argument 'catkin_skip_building_tests' from command line to 'False'
[1.613s] DEBUG:colcon.colcon_core.verb:Building package 'multires_image' with the following arguments: {'ament_cmake_args': None, 'build_base': '/ros2_ws/build/multires_image', 'catkin_cmake_args': None, 'catkin_skip_building_tests': False, 'cmake_args': None, 'cmake_clean_cache': False, 'cmake_clean_first': False, 'cmake_force_configure': False, 'cmake_target': None, 'cmake_target_skip_unavailable': False, 'install_base': '/ros2_ws/install/multires_image', 'merge_install': False, 'path': '/ros2_ws/src/mapviz/multires_image', 'symlink_install': True, 'test_result_base': None}
[1.613s] Level 5:colcon.colcon_core.verb:set package 'tile_map' build argument 'cmake_args' from command line to 'None'
[1.614s] Level 5:colcon.colcon_core.verb:set package 'tile_map' build argument 'cmake_target' from command line to 'None'
[1.614s] Level 5:colcon.colcon_core.verb:set package 'tile_map' build argument 'cmake_target_skip_unavailable' from command line to 'False'
[1.614s] Level 5:colcon.colcon_core.verb:set package 'tile_map' build argument 'cmake_clean_cache' from command line to 'False'
[1.615s] Level 5:colcon.colcon_core.verb:set package 'tile_map' build argument 'cmake_clean_first' from command line to 'False'
[1.615s] Level 5:colcon.colcon_core.verb:set package 'tile_map' build argument 'cmake_force_configure' from command line to 'False'
[1.615s] Level 5:colcon.colcon_core.verb:set package 'tile_map' build argument 'ament_cmake_args' from command line to 'None'
[1.615s] Level 5:colcon.colcon_core.verb:set package 'tile_map' build argument 'catkin_cmake_args' from command line to 'None'
[1.615s] Level 5:colcon.colcon_core.verb:set package 'tile_map' build argument 'catkin_skip_building_tests' from command line to 'False'
[1.616s] DEBUG:colcon.colcon_core.verb:Building package 'tile_map' with the following arguments: {'ament_cmake_args': None, 'build_base': '/ros2_ws/build/tile_map', 'catkin_cmake_args': None, 'catkin_skip_building_tests': False, 'cmake_args': None, 'cmake_clean_cache': False, 'cmake_clean_first': False, 'cmake_force_configure': False, 'cmake_target': None, 'cmake_target_skip_unavailable': False, 'install_base': '/ros2_ws/install/tile_map', 'merge_install': False, 'path': '/ros2_ws/src/mapviz/tile_map', 'symlink_install': True, 'test_result_base': None}
[1.616s] INFO:colcon.colcon_core.executor:Executing jobs using 'parallel' executor
[1.618s] DEBUG:colcon.colcon_parallel_executor.executor.parallel:run_until_complete
[1.620s] INFO:colcon.colcon_ros.task.ament_cmake.build:Building ROS package in '/ros2_ws/src/mapviz/mapviz_interfaces' with build type 'ament_cmake'
[1.621s] INFO:colcon.colcon_cmake.task.cmake.build:Building CMake package in '/ros2_ws/src/mapviz/mapviz_interfaces'
[1.640s] INFO:colcon.colcon_core.plugin_system:Skipping extension 'colcon_core.shell.bat': Not used on non-Windows systems
[1.640s] INFO:colcon.colcon_core.shell:Skip shell extension 'powershell' for command environment: Not usable outside of PowerShell
[1.640s] DEBUG:colcon.colcon_core.shell:Skip shell extension 'dsv' for command environment
[1.674s] DEBUG:colcon.colcon_core.event_handler.log_command:Invoking command in '/ros2_ws/build/mapviz_interfaces': CMAKE_PREFIX_PATH=/opt/ros/humble /usr/bin/cmake --build /ros2_ws/build/mapviz_interfaces -- -j4 -l4
[3.010s] DEBUG:colcon.colcon_core.event_handler.log_command:Invoked command in '/ros2_ws/build/mapviz_interfaces' returned '0': CMAKE_PREFIX_PATH=/opt/ros/humble /usr/bin/cmake --build /ros2_ws/build/mapviz_interfaces -- -j4 -l4
[3.030s] DEBUG:colcon.colcon_core.event_handler.log_command:Invoking command in '/ros2_ws/build/mapviz_interfaces': CMAKE_PREFIX_PATH=/opt/ros/humble /usr/bin/cmake --install /ros2_ws/build/mapviz_interfaces
[3.302s] Level 1:colcon.colcon_core.environment:create_environment_scripts_only(mapviz_interfaces)
[3.303s] DEBUG:colcon.colcon_core.event_handler.log_command:Invoked command in '/ros2_ws/build/mapviz_interfaces' returned '0': CMAKE_PREFIX_PATH=/opt/ros/humble /usr/bin/cmake --install /ros2_ws/build/mapviz_interfaces
[3.327s] Level 1:colcon.colcon_core.environment:checking '/ros2_ws/install/mapviz_interfaces' for CMake module files
[3.328s] Level 1:colcon.colcon_core.environment:checking '/ros2_ws/install/mapviz_interfaces' for CMake config files
[3.331s] Level 1:colcon.colcon_core.shell:create_environment_hook('mapviz_interfaces', 'cmake_prefix_path')
[3.332s] INFO:colcon.colcon_core.shell:Creating environment hook '/ros2_ws/install/mapviz_interfaces/share/mapviz_interfaces/hook/cmake_prefix_path.ps1'
[3.335s] INFO:colcon.colcon_core.shell:Creating environment descriptor '/ros2_ws/install/mapviz_interfaces/share/mapviz_interfaces/hook/cmake_prefix_path.dsv'
[3.339s] INFO:colcon.colcon_core.shell:Creating environment hook '/ros2_ws/install/mapviz_interfaces/share/mapviz_interfaces/hook/cmake_prefix_path.sh'
[3.344s] Level 1:colcon.colcon_core.environment:checking '/ros2_ws/install/mapviz_interfaces/lib'
[3.344s] Level 1:colcon.colcon_core.shell:create_environment_hook('mapviz_interfaces', 'ld_library_path_lib')
[3.345s] INFO:colcon.colcon_core.shell:Creating environment hook '/ros2_ws/install/mapviz_interfaces/share/mapviz_interfaces/hook/ld_library_path_lib.ps1'
[3.346s] INFO:colcon.colcon_core.shell:Creating environment descriptor '/ros2_ws/install/mapviz_interfaces/share/mapviz_interfaces/hook/ld_library_path_lib.dsv'
[3.348s] INFO:colcon.colcon_core.shell:Creating environment hook '/ros2_ws/install/mapviz_interfaces/share/mapviz_interfaces/hook/ld_library_path_lib.sh'
[3.349s] Level 1:colcon.colcon_core.environment:checking '/ros2_ws/install/mapviz_interfaces/bin'
[3.350s] Level 1:colcon.colcon_core.environment:checking '/ros2_ws/install/mapviz_interfaces/lib/pkgconfig/mapviz_interfaces.pc'
[3.354s] Level 1:colcon.colcon_core.environment:checking '/ros2_ws/install/mapviz_interfaces/lib/python3.10/site-packages'
[3.355s] Level 1:colcon.colcon_core.environment:checking '/ros2_ws/install/mapviz_interfaces/bin'
[3.356s] INFO:colcon.colcon_core.shell:Creating package script '/ros2_ws/install/mapviz_interfaces/share/mapviz_interfaces/package.ps1'
[3.359s] INFO:colcon.colcon_core.shell:Creating package descriptor '/ros2_ws/install/mapviz_interfaces/share/mapviz_interfaces/package.dsv'
[3.362s] INFO:colcon.colcon_core.shell:Creating package script '/ros2_ws/install/mapviz_interfaces/share/mapviz_interfaces/package.sh'
[3.364s] INFO:colcon.colcon_core.shell:Creating package script '/ros2_ws/install/mapviz_interfaces/share/mapviz_interfaces/package.bash'
[3.369s] INFO:colcon.colcon_core.shell:Creating package script '/ros2_ws/install/mapviz_interfaces/share/mapviz_interfaces/package.zsh'
[3.373s] Level 1:colcon.colcon_core.environment:create_file_with_runtime_dependencies(/ros2_ws/install/mapviz_interfaces/share/colcon-core/packages/mapviz_interfaces)
[3.375s] Level 1:colcon.colcon_core.environment:create_environment_scripts_only(mapviz_interfaces)
[3.377s] Level 1:colcon.colcon_core.environment:checking '/ros2_ws/install/mapviz_interfaces' for CMake module files
[3.378s] Level 1:colcon.colcon_core.environment:checking '/ros2_ws/install/mapviz_interfaces' for CMake config files
[3.379s] Level 1:colcon.colcon_core.shell:create_environment_hook('mapviz_interfaces', 'cmake_prefix_path')
[3.380s] INFO:colcon.colcon_core.shell:Creating environment hook '/ros2_ws/install/mapviz_interfaces/share/mapviz_interfaces/hook/cmake_prefix_path.ps1'
[3.381s] INFO:colcon.colcon_core.shell:Creating environment descriptor '/ros2_ws/install/mapviz_interfaces/share/mapviz_interfaces/hook/cmake_prefix_path.dsv'
[3.383s] INFO:colcon.colcon_core.shell:Creating environment hook '/ros2_ws/install/mapviz_interfaces/share/mapviz_interfaces/hook/cmake_prefix_path.sh'
[3.385s] Level 1:colcon.colcon_core.environment:checking '/ros2_ws/install/mapviz_interfaces/lib'
[3.385s] Level 1:colcon.colcon_core.shell:create_environment_hook('mapviz_interfaces', 'ld_library_path_lib')
[3.386s] INFO:colcon.colcon_core.shell:Creating environment hook '/ros2_ws/install/mapviz_interfaces/share/mapviz_interfaces/hook/ld_library_path_lib.ps1'
[3.387s] INFO:colcon.colcon_core.shell:Creating environment descriptor '/ros2_ws/install/mapviz_interfaces/share/mapviz_interfaces/hook/ld_library_path_lib.dsv'
[3.389s] INFO:colcon.colcon_core.shell:Creating environment hook '/ros2_ws/install/mapviz_interfaces/share/mapviz_interfaces/hook/ld_library_path_lib.sh'
[3.390s] Level 1:colcon.colcon_core.environment:checking '/ros2_ws/install/mapviz_interfaces/bin'
[3.391s] Level 1:colcon.colcon_core.environment:checking '/ros2_ws/install/mapviz_interfaces/lib/pkgconfig/mapviz_interfaces.pc'
[3.391s] Level 1:colcon.colcon_core.environment:checking '/ros2_ws/install/mapviz_interfaces/lib/python3.10/site-packages'
[3.392s] Level 1:colcon.colcon_core.environment:checking '/ros2_ws/install/mapviz_interfaces/bin'
[3.393s] INFO:colcon.colcon_core.shell:Creating package script '/ros2_ws/install/mapviz_interfaces/share/mapviz_interfaces/package.ps1'
[3.394s] INFO:colcon.colcon_core.shell:Creating package descriptor '/ros2_ws/install/mapviz_interfaces/share/mapviz_interfaces/package.dsv'
[3.396s] INFO:colcon.colcon_core.shell:Creating package script '/ros2_ws/install/mapviz_interfaces/share/mapviz_interfaces/package.sh'
[3.397s] INFO:colcon.colcon_core.shell:Creating package script '/ros2_ws/install/mapviz_interfaces/share/mapviz_interfaces/package.bash'
[3.399s] INFO:colcon.colcon_core.shell:Creating package script '/ros2_ws/install/mapviz_interfaces/share/mapviz_interfaces/package.zsh'
[3.401s] Level 1:colcon.colcon_core.environment:create_file_with_runtime_dependencies(/ros2_ws/install/mapviz_interfaces/share/colcon-core/packages/mapviz_interfaces)
[3.403s] INFO:colcon.colcon_ros.task.ament_cmake.build:Building ROS package in '/ros2_ws/src/mapviz/mapviz' with build type 'ament_cmake'
[3.403s] INFO:colcon.colcon_cmake.task.cmake.build:Building CMake package in '/ros2_ws/src/mapviz/mapviz'
[3.404s] INFO:colcon.colcon_core.shell:Skip shell extension 'powershell' for command environment: Not usable outside of PowerShell
[3.405s] DEBUG:colcon.colcon_core.shell:Skip shell extension 'dsv' for command environment
[3.436s] DEBUG:colcon.colcon_core.event_handler.log_command:Invoking command in '/ros2_ws/build/mapviz': AMENT_PREFIX_PATH=/ros2_ws/install/mapviz_interfaces:${AMENT_PREFIX_PATH} CMAKE_PREFIX_PATH=/ros2_ws/install/mapviz_interfaces:/opt/ros/humble LD_LIBRARY_PATH=/ros2_ws/install/mapviz_interfaces/lib:${LD_LIBRARY_PATH} PYTHONPATH=/ros2_ws/install/mapviz_interfaces/local/lib/python3.10/dist-packages:${PYTHONPATH} /usr/bin/cmake --build /ros2_ws/build/mapviz -- -j4 -l4
[3.854s] DEBUG:colcon.colcon_core.event_handler.log_command:Invoked command in '/ros2_ws/build/mapviz' returned '0': AMENT_PREFIX_PATH=/ros2_ws/install/mapviz_interfaces:${AMENT_PREFIX_PATH} CMAKE_PREFIX_PATH=/ros2_ws/install/mapviz_interfaces:/opt/ros/humble LD_LIBRARY_PATH=/ros2_ws/install/mapviz_interfaces/lib:${LD_LIBRARY_PATH} PYTHONPATH=/ros2_ws/install/mapviz_interfaces/local/lib/python3.10/dist-packages:${PYTHONPATH} /usr/bin/cmake --build /ros2_ws/build/mapviz -- -j4 -l4
[3.865s] DEBUG:colcon.colcon_core.event_handler.log_command:Invoking command in '/ros2_ws/build/mapviz': AMENT_PREFIX_PATH=/ros2_ws/install/mapviz_interfaces:${AMENT_PREFIX_PATH} CMAKE_PREFIX_PATH=/ros2_ws/install/mapviz_interfaces:/opt/ros/humble LD_LIBRARY_PATH=/ros2_ws/install/mapviz_interfaces/lib:${LD_LIBRARY_PATH} PYTHONPATH=/ros2_ws/install/mapviz_interfaces/local/lib/python3.10/dist-packages:${PYTHONPATH} /usr/bin/cmake --install /ros2_ws/build/mapviz
[3.938s] Level 1:colcon.colcon_core.environment:create_environment_scripts_only(mapviz)
[3.939s] DEBUG:colcon.colcon_core.event_handler.log_command:Invoked command in '/ros2_ws/build/mapviz' returned '0': AMENT_PREFIX_PATH=/ros2_ws/install/mapviz_interfaces:${AMENT_PREFIX_PATH} CMAKE_PREFIX_PATH=/ros2_ws/install/mapviz_interfaces:/opt/ros/humble LD_LIBRARY_PATH=/ros2_ws/install/mapviz_interfaces/lib:${LD_LIBRARY_PATH} PYTHONPATH=/ros2_ws/install/mapviz_interfaces/local/lib/python3.10/dist-packages:${PYTHONPATH} /usr/bin/cmake --install /ros2_ws/build/mapviz
[3.940s] Level 1:colcon.colcon_core.environment:checking '/ros2_ws/install/mapviz' for CMake module files
[3.941s] Level 1:colcon.colcon_core.environment:checking '/ros2_ws/install/mapviz' for CMake config files
[3.943s] Level 1:colcon.colcon_core.shell:create_environment_hook('mapviz', 'cmake_prefix_path')
[3.944s] INFO:colcon.colcon_core.shell:Creating environment hook '/ros2_ws/install/mapviz/share/mapviz/hook/cmake_prefix_path.ps1'
[3.945s] INFO:colcon.colcon_core.shell:Creating environment descriptor '/ros2_ws/install/mapviz/share/mapviz/hook/cmake_prefix_path.dsv'
[3.947s] INFO:colcon.colcon_core.shell:Creating environment hook '/ros2_ws/install/mapviz/share/mapviz/hook/cmake_prefix_path.sh'
[3.950s] Level 1:colcon.colcon_core.environment:checking '/ros2_ws/install/mapviz/lib'
[3.950s] Level 1:colcon.colcon_core.environment:checking '/ros2_ws/install/mapviz/bin'
[3.950s] Level 1:colcon.colcon_core.environment:checking '/ros2_ws/install/mapviz/lib/pkgconfig/mapviz.pc'
[3.951s] Level 1:colcon.colcon_core.environment:checking '/ros2_ws/install/mapviz/lib/python3.10/site-packages'
[3.952s] Level 1:colcon.colcon_core.environment:checking '/ros2_ws/install/mapviz/bin'
[3.952s] INFO:colcon.colcon_core.shell:Creating package script '/ros2_ws/install/mapviz/share/mapviz/package.ps1'
[3.954s] INFO:colcon.colcon_core.shell:Creating package descriptor '/ros2_ws/install/mapviz/share/mapviz/package.dsv'
[3.955s] INFO:colcon.colcon_core.shell:Creating package script '/ros2_ws/install/mapviz/share/mapviz/package.sh'
[3.957s] INFO:colcon.colcon_core.shell:Creating package script '/ros2_ws/install/mapviz/share/mapviz/package.bash'
[3.958s] INFO:colcon.colcon_core.shell:Creating package script '/ros2_ws/install/mapviz/share/mapviz/package.zsh'
[3.960s] Level 1:colcon.colcon_core.environment:create_file_with_runtime_dependencies(/ros2_ws/install/mapviz/share/colcon-core/packages/mapviz)
[3.962s] Level 1:colcon.colcon_core.environment:create_environment_scripts_only(mapviz)
[3.963s] Level 1:colcon.colcon_core.environment:checking '/ros2_ws/install/mapviz' for CMake module files
[3.964s] Level 1:colcon.colcon_core.environment:checking '/ros2_ws/install/mapviz' for CMake config files
[3.965s] Level 1:colcon.colcon_core.shell:create_environment_hook('mapviz', 'cmake_prefix_path')
[3.965s] INFO:colcon.colcon_core.shell:Creating environment hook '/ros2_ws/install/mapviz/share/mapviz/hook/cmake_prefix_path.ps1'
[3.967s] INFO:colcon.colcon_core.shell:Creating environment descriptor '/ros2_ws/install/mapviz/share/mapviz/hook/cmake_prefix_path.dsv'
[3.968s] INFO:colcon.colcon_core.shell:Creating environment hook '/ros2_ws/install/mapviz/share/mapviz/hook/cmake_prefix_path.sh'
[3.970s] Level 1:colcon.colcon_core.environment:checking '/ros2_ws/install/mapviz/lib'
[3.970s] Level 1:colcon.colcon_core.environment:checking '/ros2_ws/install/mapviz/bin'
[3.971s] Level 1:colcon.colcon_core.environment:checking '/ros2_ws/install/mapviz/lib/pkgconfig/mapviz.pc'
[3.971s] Level 1:colcon.colcon_core.environment:checking '/ros2_ws/install/mapviz/lib/python3.10/site-packages'
[3.972s] Level 1:colcon.colcon_core.environment:checking '/ros2_ws/install/mapviz/bin'
[3.973s] INFO:colcon.colcon_core.shell:Creating package script '/ros2_ws/install/mapviz/share/mapviz/package.ps1'
[3.974s] INFO:colcon.colcon_core.shell:Creating package descriptor '/ros2_ws/install/mapviz/share/mapviz/package.dsv'
[3.976s] INFO:colcon.colcon_core.shell:Creating package script '/ros2_ws/install/mapviz/share/mapviz/package.sh'
[3.978s] INFO:colcon.colcon_core.shell:Creating package script '/ros2_ws/install/mapviz/share/mapviz/package.bash'
[3.980s] INFO:colcon.colcon_core.shell:Creating package script '/ros2_ws/install/mapviz/share/mapviz/package.zsh'
[3.981s] Level 1:colcon.colcon_core.environment:create_file_with_runtime_dependencies(/ros2_ws/install/mapviz/share/colcon-core/packages/mapviz)
[3.983s] INFO:colcon.colcon_ros.task.ament_cmake.build:Building ROS package in '/ros2_ws/src/mapviz/mapviz_plugins' with build type 'ament_cmake'
[3.984s] INFO:colcon.colcon_cmake.task.cmake.build:Building CMake package in '/ros2_ws/src/mapviz/mapviz_plugins'
[3.985s] INFO:colcon.colcon_core.shell:Skip shell extension 'powershell' for command environment: Not usable outside of PowerShell
[3.986s] DEBUG:colcon.colcon_core.shell:Skip shell extension 'dsv' for command environment
[3.993s] INFO:colcon.colcon_ros.task.ament_cmake.build:Building ROS package in '/ros2_ws/src/mapviz/multires_image' with build type 'ament_cmake'
[3.994s] INFO:colcon.colcon_cmake.task.cmake.build:Building CMake package in '/ros2_ws/src/mapviz/multires_image'
[3.995s] INFO:colcon.colcon_core.shell:Skip shell extension 'powershell' for command environment: Not usable outside of PowerShell
[3.996s] DEBUG:colcon.colcon_core.shell:Skip shell extension 'dsv' for command environment
[4.006s] INFO:colcon.colcon_ros.task.ament_cmake.build:Building ROS package in '/ros2_ws/src/mapviz/tile_map' with build type 'ament_cmake'
[4.006s] INFO:colcon.colcon_cmake.task.cmake.build:Building CMake package in '/ros2_ws/src/mapviz/tile_map'
[4.008s] INFO:colcon.colcon_core.shell:Skip shell extension 'powershell' for command environment: Not usable outside of PowerShell
[4.008s] DEBUG:colcon.colcon_core.shell:Skip shell extension 'dsv' for command environment
[4.035s] DEBUG:colcon.colcon_core.event_handler.log_command:Invoking command in '/ros2_ws/build/mapviz_plugins': AMENT_PREFIX_PATH=/ros2_ws/install/mapviz:/ros2_ws/install/mapviz_interfaces:${AMENT_PREFIX_PATH} CMAKE_PREFIX_PATH=/ros2_ws/install/mapviz:/ros2_ws/install/mapviz_interfaces:/opt/ros/humble LD_LIBRARY_PATH=/ros2_ws/install/mapviz/lib:/ros2_ws/install/mapviz_interfaces/lib:${LD_LIBRARY_PATH} PYTHONPATH=/ros2_ws/install/mapviz_interfaces/local/lib/python3.10/dist-packages:${PYTHONPATH} /usr/bin/cmake --build /ros2_ws/build/mapviz_plugins -- -j4 -l4
[4.056s] DEBUG:colcon.colcon_core.event_handler.log_command:Invoking command in '/ros2_ws/build/multires_image': AMENT_PREFIX_PATH=/ros2_ws/install/mapviz:/ros2_ws/install/mapviz_interfaces:${AMENT_PREFIX_PATH} CMAKE_PREFIX_PATH=/ros2_ws/install/mapviz:/ros2_ws/install/mapviz_interfaces:/opt/ros/humble LD_LIBRARY_PATH=/ros2_ws/install/mapviz/lib:/ros2_ws/install/mapviz_interfaces/lib:${LD_LIBRARY_PATH} PYTHONPATH=/ros2_ws/install/mapviz_interfaces/local/lib/python3.10/dist-packages:${PYTHONPATH} /usr/bin/cmake --build /ros2_ws/build/multires_image -- -j4 -l4
[4.078s] DEBUG:colcon.colcon_core.event_handler.log_command:Invoking command in '/ros2_ws/build/tile_map': AMENT_PREFIX_PATH=/ros2_ws/install/mapviz:/ros2_ws/install/mapviz_interfaces:${AMENT_PREFIX_PATH} CMAKE_PREFIX_PATH=/ros2_ws/install/mapviz:/ros2_ws/install/mapviz_interfaces:/opt/ros/humble LD_LIBRARY_PATH=/ros2_ws/install/mapviz/lib:/ros2_ws/install/mapviz_interfaces/lib:${LD_LIBRARY_PATH} PYTHONPATH=/ros2_ws/install/mapviz_interfaces/local/lib/python3.10/dist-packages:${PYTHONPATH} /usr/bin/cmake --build /ros2_ws/build/tile_map -- -j4 -l4
[25.231s] DEBUG:colcon.colcon_core.event_handler.log_command:Invoked command in '/ros2_ws/build/tile_map' returned '0': AMENT_PREFIX_PATH=/ros2_ws/install/mapviz:/ros2_ws/install/mapviz_interfaces:${AMENT_PREFIX_PATH} CMAKE_PREFIX_PATH=/ros2_ws/install/mapviz:/ros2_ws/install/mapviz_interfaces:/opt/ros/humble LD_LIBRARY_PATH=/ros2_ws/install/mapviz/lib:/ros2_ws/install/mapviz_interfaces/lib:${LD_LIBRARY_PATH} PYTHONPATH=/ros2_ws/install/mapviz_interfaces/local/lib/python3.10/dist-packages:${PYTHONPATH} /usr/bin/cmake --build /ros2_ws/build/tile_map -- -j4 -l4
[25.234s] DEBUG:colcon.colcon_core.event_handler.log_command:Invoking command in '/ros2_ws/build/tile_map': AMENT_PREFIX_PATH=/ros2_ws/install/mapviz:/ros2_ws/install/mapviz_interfaces:${AMENT_PREFIX_PATH} CMAKE_PREFIX_PATH=/ros2_ws/install/mapviz:/ros2_ws/install/mapviz_interfaces:/opt/ros/humble LD_LIBRARY_PATH=/ros2_ws/install/mapviz/lib:/ros2_ws/install/mapviz_interfaces/lib:${LD_LIBRARY_PATH} PYTHONPATH=/ros2_ws/install/mapviz_interfaces/local/lib/python3.10/dist-packages:${PYTHONPATH} /usr/bin/cmake --install /ros2_ws/build/tile_map
[25.322s] Level 1:colcon.colcon_core.environment:create_environment_scripts_only(tile_map)
[25.324s] Level 1:colcon.colcon_core.environment:checking '/ros2_ws/install/tile_map' for CMake module files
[25.326s] DEBUG:colcon.colcon_core.event_handler.log_command:Invoked command in '/ros2_ws/build/tile_map' returned '0': AMENT_PREFIX_PATH=/ros2_ws/install/mapviz:/ros2_ws/install/mapviz_interfaces:${AMENT_PREFIX_PATH} CMAKE_PREFIX_PATH=/ros2_ws/install/mapviz:/ros2_ws/install/mapviz_interfaces:/opt/ros/humble LD_LIBRARY_PATH=/ros2_ws/install/mapviz/lib:/ros2_ws/install/mapviz_interfaces/lib:${LD_LIBRARY_PATH} PYTHONPATH=/ros2_ws/install/mapviz_interfaces/local/lib/python3.10/dist-packages:${PYTHONPATH} /usr/bin/cmake --install /ros2_ws/build/tile_map
[25.327s] Level 1:colcon.colcon_core.environment:checking '/ros2_ws/install/tile_map' for CMake config files
[25.327s] Level 1:colcon.colcon_core.shell:create_environment_hook('tile_map', 'cmake_prefix_path')
[25.328s] INFO:colcon.colcon_core.shell:Creating environment hook '/ros2_ws/install/tile_map/share/tile_map/hook/cmake_prefix_path.ps1'
[25.347s] INFO:colcon.colcon_core.shell:Creating environment descriptor '/ros2_ws/install/tile_map/share/tile_map/hook/cmake_prefix_path.dsv'
[25.348s] INFO:colcon.colcon_core.shell:Creating environment hook '/ros2_ws/install/tile_map/share/tile_map/hook/cmake_prefix_path.sh'
[25.351s] Level 1:colcon.colcon_core.environment:checking '/ros2_ws/install/tile_map/lib'
[25.351s] Level 1:colcon.colcon_core.shell:create_environment_hook('tile_map', 'ld_library_path_lib')
[25.353s] INFO:colcon.colcon_core.shell:Creating environment hook '/ros2_ws/install/tile_map/share/tile_map/hook/ld_library_path_lib.ps1'
[25.355s] INFO:colcon.colcon_core.shell:Creating environment descriptor '/ros2_ws/install/tile_map/share/tile_map/hook/ld_library_path_lib.dsv'
[25.359s] INFO:colcon.colcon_core.shell:Creating environment hook '/ros2_ws/install/tile_map/share/tile_map/hook/ld_library_path_lib.sh'
[25.360s] Level 1:colcon.colcon_core.environment:checking '/ros2_ws/install/tile_map/bin'
[25.360s] Level 1:colcon.colcon_core.environment:checking '/ros2_ws/install/tile_map/lib/pkgconfig/tile_map.pc'
[25.360s] Level 1:colcon.colcon_core.environment:checking '/ros2_ws/install/tile_map/lib/python3.10/site-packages'
[25.364s] Level 1:colcon.colcon_core.environment:checking '/ros2_ws/install/tile_map/bin'
[25.365s] INFO:colcon.colcon_core.shell:Creating package script '/ros2_ws/install/tile_map/share/tile_map/package.ps1'
[25.367s] INFO:colcon.colcon_core.shell:Creating package descriptor '/ros2_ws/install/tile_map/share/tile_map/package.dsv'
[25.369s] INFO:colcon.colcon_core.shell:Creating package script '/ros2_ws/install/tile_map/share/tile_map/package.sh'
[25.373s] INFO:colcon.colcon_core.shell:Creating package script '/ros2_ws/install/tile_map/share/tile_map/package.bash'
[25.376s] INFO:colcon.colcon_core.shell:Creating package script '/ros2_ws/install/tile_map/share/tile_map/package.zsh'
[25.378s] Level 1:colcon.colcon_core.environment:create_file_with_runtime_dependencies(/ros2_ws/install/tile_map/share/colcon-core/packages/tile_map)
[25.381s] Level 1:colcon.colcon_core.environment:create_environment_scripts_only(tile_map)
[25.383s] Level 1:colcon.colcon_core.environment:checking '/ros2_ws/install/tile_map' for CMake module files
[25.386s] Level 1:colcon.colcon_core.environment:checking '/ros2_ws/install/tile_map' for CMake config files
[25.386s] Level 1:colcon.colcon_core.shell:create_environment_hook('tile_map', 'cmake_prefix_path')
[25.388s] INFO:colcon.colcon_core.shell:Creating environment hook '/ros2_ws/install/tile_map/share/tile_map/hook/cmake_prefix_path.ps1'
[25.391s] INFO:colcon.colcon_core.shell:Creating environment descriptor '/ros2_ws/install/tile_map/share/tile_map/hook/cmake_prefix_path.dsv'
[25.393s] INFO:colcon.colcon_core.shell:Creating environment hook '/ros2_ws/install/tile_map/share/tile_map/hook/cmake_prefix_path.sh'
[25.397s] Level 1:colcon.colcon_core.environment:checking '/ros2_ws/install/tile_map/lib'
[25.397s] Level 1:colcon.colcon_core.shell:create_environment_hook('tile_map', 'ld_library_path_lib')
[25.398s] INFO:colcon.colcon_core.shell:Creating environment hook '/ros2_ws/install/tile_map/share/tile_map/hook/ld_library_path_lib.ps1'
[25.400s] INFO:colcon.colcon_core.shell:Creating environment descriptor '/ros2_ws/install/tile_map/share/tile_map/hook/ld_library_path_lib.dsv'
[25.402s] INFO:colcon.colcon_core.shell:Creating environment hook '/ros2_ws/install/tile_map/share/tile_map/hook/ld_library_path_lib.sh'
[25.406s] Level 1:colcon.colcon_core.environment:checking '/ros2_ws/install/tile_map/bin'
[25.407s] Level 1:colcon.colcon_core.environment:checking '/ros2_ws/install/tile_map/lib/pkgconfig/tile_map.pc'
[25.407s] Level 1:colcon.colcon_core.environment:checking '/ros2_ws/install/tile_map/lib/python3.10/site-packages'
[25.409s] Level 1:colcon.colcon_core.environment:checking '/ros2_ws/install/tile_map/bin'
[25.410s] INFO:colcon.colcon_core.shell:Creating package script '/ros2_ws/install/tile_map/share/tile_map/package.ps1'
[25.414s] INFO:colcon.colcon_core.shell:Creating package descriptor '/ros2_ws/install/tile_map/share/tile_map/package.dsv'
[25.417s] INFO:colcon.colcon_core.shell:Creating package script '/ros2_ws/install/tile_map/share/tile_map/package.sh'
[25.419s] INFO:colcon.colcon_core.shell:Creating package script '/ros2_ws/install/tile_map/share/tile_map/package.bash'
[25.420s] INFO:colcon.colcon_core.shell:Creating package script '/ros2_ws/install/tile_map/share/tile_map/package.zsh'
[25.422s] Level 1:colcon.colcon_core.environment:create_file_with_runtime_dependencies(/ros2_ws/install/tile_map/share/colcon-core/packages/tile_map)
[69.547s] DEBUG:colcon.colcon_core.event_handler.log_command:Invoked command in '/ros2_ws/build/multires_image' returned '0': AMENT_PREFIX_PATH=/ros2_ws/install/mapviz:/ros2_ws/install/mapviz_interfaces:${AMENT_PREFIX_PATH} CMAKE_PREFIX_PATH=/ros2_ws/install/mapviz:/ros2_ws/install/mapviz_interfaces:/opt/ros/humble LD_LIBRARY_PATH=/ros2_ws/install/mapviz/lib:/ros2_ws/install/mapviz_interfaces/lib:${LD_LIBRARY_PATH} PYTHONPATH=/ros2_ws/install/mapviz_interfaces/local/lib/python3.10/dist-packages:${PYTHONPATH} /usr/bin/cmake --build /ros2_ws/build/multires_image -- -j4 -l4
[69.554s] DEBUG:colcon.colcon_core.event_handler.log_command:Invoking command in '/ros2_ws/build/multires_image': AMENT_PREFIX_PATH=/ros2_ws/install/mapviz:/ros2_ws/install/mapviz_interfaces:${AMENT_PREFIX_PATH} CMAKE_PREFIX_PATH=/ros2_ws/install/mapviz:/ros2_ws/install/mapviz_interfaces:/opt/ros/humble LD_LIBRARY_PATH=/ros2_ws/install/mapviz/lib:/ros2_ws/install/mapviz_interfaces/lib:${LD_LIBRARY_PATH} PYTHONPATH=/ros2_ws/install/mapviz_interfaces/local/lib/python3.10/dist-packages:${PYTHONPATH} /usr/bin/cmake --install /ros2_ws/build/multires_image
[69.605s] Level 1:colcon.colcon_core.environment:create_environment_scripts_only(multires_image)
[69.606s] Level 1:colcon.colcon_core.environment:checking '/ros2_ws/install/multires_image' for CMake module files
[69.606s] DEBUG:colcon.colcon_core.event_handler.log_command:Invoked command in '/ros2_ws/build/multires_image' returned '0': AMENT_PREFIX_PATH=/ros2_ws/install/mapviz:/ros2_ws/install/mapviz_interfaces:${AMENT_PREFIX_PATH} CMAKE_PREFIX_PATH=/ros2_ws/install/mapviz:/ros2_ws/install/mapviz_interfaces:/opt/ros/humble LD_LIBRARY_PATH=/ros2_ws/install/mapviz/lib:/ros2_ws/install/mapviz_interfaces/lib:${LD_LIBRARY_PATH} PYTHONPATH=/ros2_ws/install/mapviz_interfaces/local/lib/python3.10/dist-packages:${PYTHONPATH} /usr/bin/cmake --install /ros2_ws/build/multires_image
[69.607s] Level 1:colcon.colcon_core.environment:checking '/ros2_ws/install/multires_image' for CMake config files
[69.608s] Level 1:colcon.colcon_core.shell:create_environment_hook('multires_image', 'cmake_prefix_path')
[69.608s] INFO:colcon.colcon_core.shell:Creating environment hook '/ros2_ws/install/multires_image/share/multires_image/hook/cmake_prefix_path.ps1'
[69.609s] INFO:colcon.colcon_core.shell:Creating environment descriptor '/ros2_ws/install/multires_image/share/multires_image/hook/cmake_prefix_path.dsv'
[69.611s] INFO:colcon.colcon_core.shell:Creating environment hook '/ros2_ws/install/multires_image/share/multires_image/hook/cmake_prefix_path.sh'
[69.613s] Level 1:colcon.colcon_core.environment:checking '/ros2_ws/install/multires_image/lib'
[69.613s] Level 1:colcon.colcon_core.shell:create_environment_hook('multires_image', 'ld_library_path_lib')
[69.614s] INFO:colcon.colcon_core.shell:Creating environment hook '/ros2_ws/install/multires_image/share/multires_image/hook/ld_library_path_lib.ps1'
[69.615s] INFO:colcon.colcon_core.shell:Creating environment descriptor '/ros2_ws/install/multires_image/share/multires_image/hook/ld_library_path_lib.dsv'
[69.616s] INFO:colcon.colcon_core.shell:Creating environment hook '/ros2_ws/install/multires_image/share/multires_image/hook/ld_library_path_lib.sh'
[69.618s] Level 1:colcon.colcon_core.environment:checking '/ros2_ws/install/multires_image/bin'
[69.618s] Level 1:colcon.colcon_core.environment:checking '/ros2_ws/install/multires_image/lib/pkgconfig/multires_image.pc'
[69.619s] Level 1:colcon.colcon_core.environment:checking '/ros2_ws/install/multires_image/lib/python3.10/site-packages'
[69.619s] Level 1:colcon.colcon_core.environment:checking '/ros2_ws/install/multires_image/bin'
[69.620s] INFO:colcon.colcon_core.shell:Creating package script '/ros2_ws/install/multires_image/share/multires_image/package.ps1'
[69.621s] INFO:colcon.colcon_core.shell:Creating package descriptor '/ros2_ws/install/multires_image/share/multires_image/package.dsv'
[69.622s] INFO:colcon.colcon_core.shell:Creating package script '/ros2_ws/install/multires_image/share/multires_image/package.sh'
[69.624s] INFO:colcon.colcon_core.shell:Creating package script '/ros2_ws/install/multires_image/share/multires_image/package.bash'
[69.625s] INFO:colcon.colcon_core.shell:Creating package script '/ros2_ws/install/multires_image/share/multires_image/package.zsh'
[69.627s] Level 1:colcon.colcon_core.environment:create_file_with_runtime_dependencies(/ros2_ws/install/multires_image/share/colcon-core/packages/multires_image)
[69.629s] Level 1:colcon.colcon_core.environment:create_environment_scripts_only(multires_image)
[69.629s] Level 1:colcon.colcon_core.environment:checking '/ros2_ws/install/multires_image' for CMake module files
[69.630s] Level 1:colcon.colcon_core.environment:checking '/ros2_ws/install/multires_image' for CMake config files
[69.631s] Level 1:colcon.colcon_core.shell:create_environment_hook('multires_image', 'cmake_prefix_path')
[69.631s] INFO:colcon.colcon_core.shell:Creating environment hook '/ros2_ws/install/multires_image/share/multires_image/hook/cmake_prefix_path.ps1'
[69.632s] INFO:colcon.colcon_core.shell:Creating environment descriptor '/ros2_ws/install/multires_image/share/multires_image/hook/cmake_prefix_path.dsv'
[69.634s] INFO:colcon.colcon_core.shell:Creating environment hook '/ros2_ws/install/multires_image/share/multires_image/hook/cmake_prefix_path.sh'
[69.636s] Level 1:colcon.colcon_core.environment:checking '/ros2_ws/install/multires_image/lib'
[69.636s] Level 1:colcon.colcon_core.shell:create_environment_hook('multires_image', 'ld_library_path_lib')
[69.636s] INFO:colcon.colcon_core.shell:Creating environment hook '/ros2_ws/install/multires_image/share/multires_image/hook/ld_library_path_lib.ps1'
[69.637s] INFO:colcon.colcon_core.shell:Creating environment descriptor '/ros2_ws/install/multires_image/share/multires_image/hook/ld_library_path_lib.dsv'
[69.639s] INFO:colcon.colcon_core.shell:Creating environment hook '/ros2_ws/install/multires_image/share/multires_image/hook/ld_library_path_lib.sh'
[69.640s] Level 1:colcon.colcon_core.environment:checking '/ros2_ws/install/multires_image/bin'
[69.641s] Level 1:colcon.colcon_core.environment:checking '/ros2_ws/install/multires_image/lib/pkgconfig/multires_image.pc'
[69.641s] Level 1:colcon.colcon_core.environment:checking '/ros2_ws/install/multires_image/lib/python3.10/site-packages'
[69.642s] Level 1:colcon.colcon_core.environment:checking '/ros2_ws/install/multires_image/bin'
[69.642s] INFO:colcon.colcon_core.shell:Creating package script '/ros2_ws/install/multires_image/share/multires_image/package.ps1'
[69.644s] INFO:colcon.colcon_core.shell:Creating package descriptor '/ros2_ws/install/multires_image/share/multires_image/package.dsv'
[69.646s] INFO:colcon.colcon_core.shell:Creating package script '/ros2_ws/install/multires_image/share/multires_image/package.sh'
[69.647s] INFO:colcon.colcon_core.shell:Creating package script '/ros2_ws/install/multires_image/share/multires_image/package.bash'
[69.649s] INFO:colcon.colcon_core.shell:Creating package script '/ros2_ws/install/multires_image/share/multires_image/package.zsh'
[69.650s] Level 1:colcon.colcon_core.environment:create_file_with_runtime_dependencies(/ros2_ws/install/multires_image/share/colcon-core/packages/multires_image)
