[0.062s] Invoking command in '/ros2_ws/build/multires_image': AMENT_PREFIX_PATH=/ros2_ws/install/mapviz:/ros2_ws/install/mapviz_interfaces:${AMENT_PREFIX_PATH} CMAKE_PREFIX_PATH=/ros2_ws/install/mapviz:/ros2_ws/install/mapviz_interfaces:/opt/ros/humble LD_LIBRARY_PATH=/ros2_ws/install/mapviz/lib:/ros2_ws/install/mapviz_interfaces/lib:${LD_LIBRARY_PATH} PYTHONPATH=/ros2_ws/install/mapviz_interfaces/local/lib/python3.10/dist-packages:${PYTHONPATH} /usr/bin/cmake --build /ros2_ws/build/multires_image -- -j4 -l4
[0.252s] Consolidate compiler generated dependencies of target multires_image
[0.313s] [ 33%] Built target multires_image
[0.360s] Consolidate compiler generated dependencies of target multires_widget
[0.400s] [ 33%] Building CXX object CMakeFiles/multires_widget.dir/src/QGLMap.cpp.o
[14.713s] [ 66%] Linking CXX static library libmultires_widget.a
[14.782s] [ 66%] Built target multires_widget
[14.831s] [ 66%] Building CXX object CMakeFiles/multires_view_node.dir/src/nodes/multires_view_node.cpp.o
[27.223s] [ 70%] Building CXX object CMakeFiles/multires_view_node.dir/include/multires_image/moc_multires_view_node.cpp.o
[35.871s] [ 83%] Linking CXX executable multires_view_node
[36.858s] [ 83%] Built target multires_view_node
[36.885s] [ 83%] Building CXX object CMakeFiles/multires_image_plugin.dir/src/multires_image_plugin.cpp.o
[47.155s] [ 87%] Building CXX object CMakeFiles/multires_image_plugin.dir/include/multires_image/moc_multires_image_plugin.cpp.o
[56.104s] [ 91%] Building CXX object CMakeFiles/multires_image_plugin.dir/src/multires_view.cpp.o
[64.745s] Linking CXX shared library libmultires_image_plugin.so
[65.540s] Built target multires_image_plugin
[65.553s] Invoked command in '/ros2_ws/build/multires_image' returned '0': AMENT_PREFIX_PATH=/ros2_ws/install/mapviz:/ros2_ws/install/mapviz_interfaces:${AMENT_PREFIX_PATH} CMAKE_PREFIX_PATH=/ros2_ws/install/mapviz:/ros2_ws/install/mapviz_interfaces:/opt/ros/humble LD_LIBRARY_PATH=/ros2_ws/install/mapviz/lib:/ros2_ws/install/mapviz_interfaces/lib:${LD_LIBRARY_PATH} PYTHONPATH=/ros2_ws/install/mapviz_interfaces/local/lib/python3.10/dist-packages:${PYTHONPATH} /usr/bin/cmake --build /ros2_ws/build/multires_image -- -j4 -l4
[65.560s] Invoking command in '/ros2_ws/build/multires_image': AMENT_PREFIX_PATH=/ros2_ws/install/mapviz:/ros2_ws/install/mapviz_interfaces:${AMENT_PREFIX_PATH} CMAKE_PREFIX_PATH=/ros2_ws/install/mapviz:/ros2_ws/install/mapviz_interfaces:/opt/ros/humble LD_LIBRARY_PATH=/ros2_ws/install/mapviz/lib:/ros2_ws/install/mapviz_interfaces/lib:${LD_LIBRARY_PATH} PYTHONPATH=/ros2_ws/install/mapviz_interfaces/local/lib/python3.10/dist-packages:${PYTHONPATH} /usr/bin/cmake --install /ros2_ws/build/multires_image
[65.566s] -- Install configuration: ""
[65.567s] -- Execute custom install script
[65.568s] -- Up-to-date symlink: /ros2_ws/install/multires_image/lib/multires_image/multires_view_node
[65.569s] -- Up-to-date symlink: /ros2_ws/install/multires_image/lib/multires_image/mapviz_tile_loader
[65.570s] -- Up-to-date symlink: /ros2_ws/install/multires_image/share/multires_image//mapviz_plugins.xml
[65.571s] -- Up-to-date symlink: /ros2_ws/install/multires_image/share/multires_image/environment/library_path.sh
[65.572s] -- Up-to-date symlink: /ros2_ws/install/multires_image/share/multires_image/environment/library_path.dsv
[65.573s] -- Up-to-date symlink: /ros2_ws/install/multires_image/share/ament_index/resource_index/package_run_dependencies/multires_image
[65.574s] -- Up-to-date symlink: /ros2_ws/install/multires_image/share/ament_index/resource_index/parent_prefix_path/multires_image
[65.575s] -- Up-to-date symlink: /ros2_ws/install/multires_image/share/multires_image/environment/ament_prefix_path.sh
[65.576s] -- Up-to-date symlink: /ros2_ws/install/multires_image/share/multires_image/environment/ament_prefix_path.dsv
[65.577s] -- Up-to-date symlink: /ros2_ws/install/multires_image/share/multires_image/environment/path.sh
[65.579s] -- Up-to-date symlink: /ros2_ws/install/multires_image/share/multires_image/environment/path.dsv
[65.579s] -- Up-to-date symlink: /ros2_ws/install/multires_image/share/multires_image/local_setup.bash
[65.580s] -- Up-to-date symlink: /ros2_ws/install/multires_image/share/multires_image/local_setup.sh
[65.580s] -- Up-to-date symlink: /ros2_ws/install/multires_image/share/multires_image/local_setup.zsh
[65.582s] -- Up-to-date symlink: /ros2_ws/install/multires_image/share/multires_image/local_setup.dsv
[65.583s] -- Symlinking: /ros2_ws/install/multires_image/share/multires_image/package.dsv
[65.595s] -- Up-to-date symlink: /ros2_ws/install/multires_image/share/ament_index/resource_index/packages/multires_image
[65.596s] -- Up-to-date symlink: /ros2_ws/install/multires_image/share/ament_index/resource_index/mapviz__pluginlib__plugin/multires_image
[65.597s] -- Up-to-date symlink: /ros2_ws/install/multires_image/share/multires_image/cmake/ament_cmake_export_targets-extras.cmake
[65.597s] -- Up-to-date symlink: /ros2_ws/install/multires_image/share/multires_image/cmake/ament_cmake_export_dependencies-extras.cmake
[65.598s] -- Up-to-date symlink: /ros2_ws/install/multires_image/share/multires_image/cmake/ament_cmake_export_include_directories-extras.cmake
[65.599s] -- Up-to-date symlink: /ros2_ws/install/multires_image/share/multires_image/cmake/ament_cmake_export_libraries-extras.cmake
[65.601s] -- Up-to-date symlink: /ros2_ws/install/multires_image/share/multires_image/cmake/multires_imageConfig.cmake
[65.602s] -- Up-to-date symlink: /ros2_ws/install/multires_image/share/multires_image/cmake/multires_imageConfig-version.cmake
[65.603s] -- Up-to-date symlink: /ros2_ws/install/multires_image/share/multires_image/package.xml
[65.603s] -- Up-to-date: /ros2_ws/install/multires_image/include/multires_image
[65.603s] -- Up-to-date: /ros2_ws/install/multires_image/include/multires_image/multires_image
[65.603s] -- Up-to-date: /ros2_ws/install/multires_image/include/multires_image/multires_image/multires_image_plugin.h
[65.604s] -- Up-to-date: /ros2_ws/install/multires_image/include/multires_image/multires_image/tile_set_layer.h
[65.604s] -- Up-to-date: /ros2_ws/install/multires_image/include/multires_image/multires_image/multires_view.h
[65.604s] -- Up-to-date: /ros2_ws/install/multires_image/include/multires_image/multires_image/tile_cache.h
[65.604s] -- Up-to-date: /ros2_ws/install/multires_image/include/multires_image/multires_image/QGLMap.h
[65.604s] -- Up-to-date: /ros2_ws/install/multires_image/include/multires_image/multires_image/multires_view_node.h
[65.604s] -- Up-to-date: /ros2_ws/install/multires_image/include/multires_image/multires_image/tile_set.h
[65.604s] -- Up-to-date: /ros2_ws/install/multires_image/include/multires_image/multires_image/tile.h
[65.604s] -- Up-to-date: /ros2_ws/install/multires_image/include/multires_image/multires_image/tile_view.h
[65.605s] -- Up-to-date: /ros2_ws/install/multires_image/lib/libmultires_image.a
[65.605s] -- Up-to-date: /ros2_ws/install/multires_image/lib/libmultires_widget.a
[65.605s] -- Installing: /ros2_ws/install/multires_image/lib/libmultires_image_plugin.so
[65.605s] -- Set runtime path of "/ros2_ws/install/multires_image/lib/libmultires_image_plugin.so" to ""
[65.605s] -- Up-to-date: /ros2_ws/install/multires_image/share/multires_image/launch
[65.605s] -- Up-to-date: /ros2_ws/install/multires_image/share/multires_image/cmake/export_multires_imageExport.cmake
[65.606s] -- Up-to-date: /ros2_ws/install/multires_image/share/multires_image/cmake/export_multires_imageExport-noconfig.cmake
[65.612s] Invoked command in '/ros2_ws/build/multires_image' returned '0': AMENT_PREFIX_PATH=/ros2_ws/install/mapviz:/ros2_ws/install/mapviz_interfaces:${AMENT_PREFIX_PATH} CMAKE_PREFIX_PATH=/ros2_ws/install/mapviz:/ros2_ws/install/mapviz_interfaces:/opt/ros/humble LD_LIBRARY_PATH=/ros2_ws/install/mapviz/lib:/ros2_ws/install/mapviz_interfaces/lib:${LD_LIBRARY_PATH} PYTHONPATH=/ros2_ws/install/mapviz_interfaces/local/lib/python3.10/dist-packages:${PYTHONPATH} /usr/bin/cmake --install /ros2_ws/build/multires_image
