-- The CXX compiler identification is GNU 11.4.0
-- Detecting CXX compiler ABI info
-- Detecting CXX compiler ABI info - done
-- Check for working CXX compiler: /usr/bin/c++ - skipped
-- Detecting CXX compile features
-- Detecting CXX compile features - done
-- Found ament_cmake: 1.3.12 (/opt/ros/humble/share/ament_cmake/cmake)
-- Found Python3: /usr/bin/python3 (found version "3.10.12") found components: Interpreter 
-- Override CMake install command with custom implementation using symlinks instead of copying resources
-- Found mapviz: 2.6.1 (/ros2_ws/install/mapviz/share/mapviz/cmake)
-- Found rosidl_generator_c: 3.1.8 (/opt/ros/humble/share/rosidl_generator_c/cmake)
-- Found rosidl_adapter: 3.1.8 (/opt/ros/humble/share/rosidl_adapter/cmake)
-- Found rosidl_generator_cpp: 3.1.8 (/opt/ros/humble/share/rosidl_generator_cpp/cmake)
-- Using all available rosidl_typesupport_c: rosidl_typesupport_fastrtps_c;rosidl_typesupport_introspection_c
-- Using all available rosidl_typesupport_cpp: rosidl_typesupport_fastrtps_cpp;rosidl_typesupport_introspection_cpp
-- Found rmw_implementation_cmake: 6.1.2 (/opt/ros/humble/share/rmw_implementation_cmake/cmake)
-- Found rmw_fastrtps_cpp: 6.2.9 (/opt/ros/humble/share/rmw_fastrtps_cpp/cmake)
-- Found OpenSSL: /usr/lib/aarch64-linux-gnu/libcrypto.so (found version "3.0.2")  
-- Found FastRTPS: /opt/ros/humble/include  
-- Using RMW implementation 'rmw_fastrtps_cpp' as default
-- Looking for C++ include pthread.h
-- Looking for C++ include pthread.h - found
-- Performing Test CMAKE_HAVE_LIBC_PTHREAD
-- Performing Test CMAKE_HAVE_LIBC_PTHREAD - Success
-- Found Threads: TRUE  
-- Found tf2: 0.25.18 (/opt/ros/humble/share/tf2/cmake)
-- Found swri_transform_util: 3.8.7 (/opt/ros/humble/share/swri_transform_util/cmake)
-- Found GeographicLib: /usr/lib/aarch64-linux-gnu  
-- Found eigen3_cmake_module: 0.1.1 (/opt/ros/humble/share/eigen3_cmake_module/cmake)
-- Found Eigen3: TRUE (found version "3.4.0") 
-- Ensuring Eigen3 include directory is part of orocos-kdl CMake target
-- Configuring done
-- Generating done
-- Build files have been written to: /ros2_ws/build/multires_image
[  4%] Generating include/multires_image/moc_tile_cache.cpp
[  8%] Building CXX object CMakeFiles/multires_image.dir/src/tile_cache.cpp.o
[ 12%] Building CXX object CMakeFiles/multires_image.dir/src/tile_set_layer.cpp.o
[ 16%] Building CXX object CMakeFiles/multires_image.dir/src/tile.cpp.o
[ 20%] Building CXX object CMakeFiles/multires_image.dir/src/tile_set.cpp.o
[ 25%] Building CXX object CMakeFiles/multires_image.dir/include/multires_image/moc_tile_cache.cpp.o
[ 29%] Linking CXX static library libmultires_image.a
[ 29%] Built target multires_image
[ 33%] Generating ui_multires_config.h
[ 37%] Generating ui_QGLMap.h
[ 41%] Generating include/multires_image/moc_QGLMap.cpp
[ 45%] Building CXX object CMakeFiles/multires_widget.dir/src/tile_view.cpp.o
[ 50%] Building CXX object CMakeFiles/multires_widget.dir/include/multires_image/moc_QGLMap.cpp.o
[  4%] Building CXX object CMakeFiles/multires_widget.dir/src/QGLMap.cpp.o
[ 37%] Linking CXX static library libmultires_widget.a
[ 58%] Built target multires_widget
[ 62%] Generating include/multires_image/moc_multires_view_node.cpp
[ 66%] Building CXX object CMakeFiles/multires_view_node.dir/src/nodes/multires_view_node.cpp.o
[ 70%] Building CXX object CMakeFiles/multires_view_node.dir/include/multires_image/moc_multires_view_node.cpp.o
[ 75%] Linking CXX executable multires_view_node
[ 75%] Built target multires_view_node
[ 79%] Generating include/multires_image/moc_multires_image_plugin.cpp
[ 83%] Building CXX object CMakeFiles/multires_image_plugin.dir/src/multires_image_plugin.cpp.o
[ 87%] Building CXX object CMakeFiles/multires_image_plugin.dir/include/multires_image/moc_multires_image_plugin.cpp.o
[ 91%] Building CXX object CMakeFiles/multires_image_plugin.dir/src/multires_view.cpp.o
[ 95%] Linking CXX shared library libmultires_image_plugin.so
[100%] Built target multires_image_plugin
-- Install configuration: ""
-- Execute custom install script
-- Symlinking: /ros2_ws/install/multires_image/lib/multires_image/multires_view_node
-- Symlinking: /ros2_ws/install/multires_image/lib/multires_image/mapviz_tile_loader
-- Symlinking: /ros2_ws/install/multires_image/share/multires_image//mapviz_plugins.xml
-- Symlinking: /ros2_ws/install/multires_image/share/multires_image/environment/library_path.sh
-- Symlinking: /ros2_ws/install/multires_image/share/multires_image/environment/library_path.dsv
-- Symlinking: /ros2_ws/install/multires_image/share/ament_index/resource_index/package_run_dependencies/multires_image
-- Symlinking: /ros2_ws/install/multires_image/share/ament_index/resource_index/parent_prefix_path/multires_image
-- Symlinking: /ros2_ws/install/multires_image/share/multires_image/environment/ament_prefix_path.sh
-- Symlinking: /ros2_ws/install/multires_image/share/multires_image/environment/ament_prefix_path.dsv
-- Symlinking: /ros2_ws/install/multires_image/share/multires_image/environment/path.sh
-- Symlinking: /ros2_ws/install/multires_image/share/multires_image/environment/path.dsv
-- Symlinking: /ros2_ws/install/multires_image/share/multires_image/local_setup.bash
-- Symlinking: /ros2_ws/install/multires_image/share/multires_image/local_setup.sh
-- Symlinking: /ros2_ws/install/multires_image/share/multires_image/local_setup.zsh
-- Symlinking: /ros2_ws/install/multires_image/share/multires_image/local_setup.dsv
-- Symlinking: /ros2_ws/install/multires_image/share/multires_image/package.dsv
-- Symlinking: /ros2_ws/install/multires_image/share/ament_index/resource_index/packages/multires_image
-- Symlinking: /ros2_ws/install/multires_image/share/ament_index/resource_index/mapviz__pluginlib__plugin/multires_image
-- Symlinking: /ros2_ws/install/multires_image/share/multires_image/cmake/ament_cmake_export_targets-extras.cmake
-- Symlinking: /ros2_ws/install/multires_image/share/multires_image/cmake/ament_cmake_export_dependencies-extras.cmake
-- Symlinking: /ros2_ws/install/multires_image/share/multires_image/cmake/ament_cmake_export_include_directories-extras.cmake
-- Symlinking: /ros2_ws/install/multires_image/share/multires_image/cmake/ament_cmake_export_libraries-extras.cmake
-- Symlinking: /ros2_ws/install/multires_image/share/multires_image/cmake/multires_imageConfig.cmake
-- Symlinking: /ros2_ws/install/multires_image/share/multires_image/cmake/multires_imageConfig-version.cmake
-- Symlinking: /ros2_ws/install/multires_image/share/multires_image/package.xml
-- Installing: /ros2_ws/install/multires_image/include/multires_image
-- Installing: /ros2_ws/install/multires_image/include/multires_image/multires_image
-- Installing: /ros2_ws/install/multires_image/include/multires_image/multires_image/multires_image_plugin.h
-- Installing: /ros2_ws/install/multires_image/include/multires_image/multires_image/tile_set_layer.h
-- Installing: /ros2_ws/install/multires_image/include/multires_image/multires_image/multires_view.h
-- Installing: /ros2_ws/install/multires_image/include/multires_image/multires_image/tile_cache.h
-- Installing: /ros2_ws/install/multires_image/include/multires_image/multires_image/QGLMap.h
-- Installing: /ros2_ws/install/multires_image/include/multires_image/multires_image/multires_view_node.h
-- Installing: /ros2_ws/install/multires_image/include/multires_image/multires_image/tile_set.h
-- Installing: /ros2_ws/install/multires_image/include/multires_image/multires_image/tile.h
-- Installing: /ros2_ws/install/multires_image/include/multires_image/multires_image/tile_view.h
-- Installing: /ros2_ws/install/multires_image/lib/libmultires_image.a
-- Installing: /ros2_ws/install/multires_image/lib/libmultires_widget.a
-- Installing: /ros2_ws/install/multires_image/lib/libmultires_image_plugin.so
-- Set runtime path of "/ros2_ws/install/multires_image/lib/libmultires_image_plugin.so" to ""
-- Installing: /ros2_ws/install/multires_image/share/multires_image/launch
-- Installing: /ros2_ws/install/multires_image/share/multires_image/cmake/export_multires_imageExport.cmake
-- Installing: /ros2_ws/install/multires_image/share/multires_image/cmake/export_multires_imageExport-noconfig.cmake
