[0.027s] Invoking command in '/ros2_ws/build/multires_image': AMENT_PREFIX_PATH=/ros2_ws/install/mapviz:/ros2_ws/install/mapviz_interfaces:${AMENT_PREFIX_PATH} CMAKE_PREFIX_PATH=/ros2_ws/install/mapviz:/ros2_ws/install/mapviz_interfaces:/opt/ros/humble LD_LIBRARY_PATH=/ros2_ws/install/mapviz/lib:/ros2_ws/install/mapviz_interfaces/lib:${LD_LIBRARY_PATH} PYTHONPATH=/ros2_ws/install/mapviz_interfaces/local/lib/python3.10/dist-packages:${PYTHONPATH} /usr/bin/cmake /ros2_ws/src/mapviz/multires_image -DAMENT_CMAKE_SYMLINK_INSTALL=1 -DCMAKE_INSTALL_PREFIX=/ros2_ws/install/multires_image
[0.136s] -- The CXX compiler identification is GNU 11.4.0
[0.153s] -- Detecting CXX compiler ABI info
[0.285s] -- Detecting CXX compiler ABI info - done
[0.290s] -- Check for working CXX compiler: /usr/bin/c++ - skipped
[0.291s] -- Detecting CXX compile features
[0.292s] -- Detecting CXX compile features - done
[0.316s] -- Found ament_cmake: 1.3.12 (/opt/ros/humble/share/ament_cmake/cmake)
[0.629s] -- Found Python3: /usr/bin/python3 (found version "3.10.12") found components: Interpreter 
[0.786s] -- Override CMake install command with custom implementation using symlinks instead of copying resources
[0.854s] -- Found mapviz: 2.6.1 (/ros2_ws/install/mapviz/share/mapviz/cmake)
[1.030s] -- Found rosidl_generator_c: 3.1.8 (/opt/ros/humble/share/rosidl_generator_c/cmake)
[1.039s] -- Found rosidl_adapter: 3.1.8 (/opt/ros/humble/share/rosidl_adapter/cmake)
[1.052s] -- Found rosidl_generator_cpp: 3.1.8 (/opt/ros/humble/share/rosidl_generator_cpp/cmake)
[1.070s] -- Using all available rosidl_typesupport_c: rosidl_typesupport_fastrtps_c;rosidl_typesupport_introspection_c
[1.095s] -- Using all available rosidl_typesupport_cpp: rosidl_typesupport_fastrtps_cpp;rosidl_typesupport_introspection_cpp
[1.181s] -- Found rmw_implementation_cmake: 6.1.2 (/opt/ros/humble/share/rmw_implementation_cmake/cmake)
[1.188s] -- Found rmw_fastrtps_cpp: 6.2.9 (/opt/ros/humble/share/rmw_fastrtps_cpp/cmake)
[1.357s] -- Found OpenSSL: /usr/lib/aarch64-linux-gnu/libcrypto.so (found version "3.0.2")  
[1.394s] -- Found FastRTPS: /opt/ros/humble/include  
[1.454s] -- Using RMW implementation 'rmw_fastrtps_cpp' as default
[1.477s] -- Looking for C++ include pthread.h
[1.597s] -- Looking for C++ include pthread.h - found
[1.598s] -- Performing Test CMAKE_HAVE_LIBC_PTHREAD
[1.724s] -- Performing Test CMAKE_HAVE_LIBC_PTHREAD - Success
[1.726s] -- Found Threads: TRUE  
[2.138s] -- Found tf2: 0.25.18 (/opt/ros/humble/share/tf2/cmake)
[2.148s] -- Found swri_transform_util: 3.8.7 (/opt/ros/humble/share/swri_transform_util/cmake)
[2.164s] -- Found GeographicLib: /usr/lib/aarch64-linux-gnu  
[2.221s] -- Found eigen3_cmake_module: 0.1.1 (/opt/ros/humble/share/eigen3_cmake_module/cmake)
[2.226s] -- Found Eigen3: TRUE (found version "3.4.0") 
[2.226s] -- Ensuring Eigen3 include directory is part of orocos-kdl CMake target
[2.672s] -- Configuring done
[2.740s] -- Generating done
[2.763s] -- Build files have been written to: /ros2_ws/build/multires_image
[2.793s] Invoked command in '/ros2_ws/build/multires_image' returned '0': AMENT_PREFIX_PATH=/ros2_ws/install/mapviz:/ros2_ws/install/mapviz_interfaces:${AMENT_PREFIX_PATH} CMAKE_PREFIX_PATH=/ros2_ws/install/mapviz:/ros2_ws/install/mapviz_interfaces:/opt/ros/humble LD_LIBRARY_PATH=/ros2_ws/install/mapviz/lib:/ros2_ws/install/mapviz_interfaces/lib:${LD_LIBRARY_PATH} PYTHONPATH=/ros2_ws/install/mapviz_interfaces/local/lib/python3.10/dist-packages:${PYTHONPATH} /usr/bin/cmake /ros2_ws/src/mapviz/multires_image -DAMENT_CMAKE_SYMLINK_INSTALL=1 -DCMAKE_INSTALL_PREFIX=/ros2_ws/install/multires_image
[2.794s] Invoking command in '/ros2_ws/build/multires_image': AMENT_PREFIX_PATH=/ros2_ws/install/mapviz:/ros2_ws/install/mapviz_interfaces:${AMENT_PREFIX_PATH} CMAKE_PREFIX_PATH=/ros2_ws/install/mapviz:/ros2_ws/install/mapviz_interfaces:/opt/ros/humble LD_LIBRARY_PATH=/ros2_ws/install/mapviz/lib:/ros2_ws/install/mapviz_interfaces/lib:${LD_LIBRARY_PATH} PYTHONPATH=/ros2_ws/install/mapviz_interfaces/local/lib/python3.10/dist-packages:${PYTHONPATH} /usr/bin/cmake --build /ros2_ws/build/multires_image -- -j4 -l4
[2.847s] [  4%] Generating include/multires_image/moc_tile_cache.cpp
[2.891s] [  8%] Building CXX object CMakeFiles/multires_image.dir/src/tile_cache.cpp.o
[2.891s] [ 12%] Building CXX object CMakeFiles/multires_image.dir/src/tile_set_layer.cpp.o
[2.898s] [ 16%] Building CXX object CMakeFiles/multires_image.dir/src/tile.cpp.o
[2.902s] [ 20%] Building CXX object CMakeFiles/multires_image.dir/src/tile_set.cpp.o
[35.501s] [ 25%] Building CXX object CMakeFiles/multires_image.dir/include/multires_image/moc_tile_cache.cpp.o
[43.365s] [ 29%] Linking CXX static library libmultires_image.a
[43.424s] [ 29%] Built target multires_image
[43.436s] [ 33%] Generating ui_multires_config.h
[43.453s] [ 37%] Generating ui_QGLMap.h
[43.470s] [ 41%] Generating include/multires_image/moc_QGLMap.cpp
[43.497s] [ 45%] Building CXX object CMakeFiles/multires_widget.dir/src/tile_view.cpp.o
[50.914s] [ 50%] Building CXX object CMakeFiles/multires_widget.dir/include/multires_image/moc_QGLMap.cpp.o
[59.551s] [  4%] Building CXX object CMakeFiles/multires_widget.dir/src/QGLMap.cpp.o
[70.485s] [ 37%] Linking CXX static library libmultires_widget.a
[70.586s] [ 58%] Built target multires_widget
[70.620s] [ 62%] Generating include/multires_image/moc_multires_view_node.cpp
[70.694s] [ 66%] Building CXX object CMakeFiles/multires_view_node.dir/src/nodes/multires_view_node.cpp.o
[84.138s] [ 70%] Building CXX object CMakeFiles/multires_view_node.dir/include/multires_image/moc_multires_view_node.cpp.o
[93.158s] [ 75%] Linking CXX executable multires_view_node
[94.298s] [ 75%] Built target multires_view_node
[94.318s] [ 79%] Generating include/multires_image/moc_multires_image_plugin.cpp
[94.349s] [ 83%] Building CXX object CMakeFiles/multires_image_plugin.dir/src/multires_image_plugin.cpp.o
[104.368s] [ 87%] Building CXX object CMakeFiles/multires_image_plugin.dir/include/multires_image/moc_multires_image_plugin.cpp.o
[113.621s] [ 91%] Building CXX object CMakeFiles/multires_image_plugin.dir/src/multires_view.cpp.o
[122.248s] [ 95%] Linking CXX shared library libmultires_image_plugin.so
[123.069s] [100%] Built target multires_image_plugin
[123.097s] Invoked command in '/ros2_ws/build/multires_image' returned '0': AMENT_PREFIX_PATH=/ros2_ws/install/mapviz:/ros2_ws/install/mapviz_interfaces:${AMENT_PREFIX_PATH} CMAKE_PREFIX_PATH=/ros2_ws/install/mapviz:/ros2_ws/install/mapviz_interfaces:/opt/ros/humble LD_LIBRARY_PATH=/ros2_ws/install/mapviz/lib:/ros2_ws/install/mapviz_interfaces/lib:${LD_LIBRARY_PATH} PYTHONPATH=/ros2_ws/install/mapviz_interfaces/local/lib/python3.10/dist-packages:${PYTHONPATH} /usr/bin/cmake --build /ros2_ws/build/multires_image -- -j4 -l4
[123.103s] Invoking command in '/ros2_ws/build/multires_image': AMENT_PREFIX_PATH=/ros2_ws/install/mapviz:/ros2_ws/install/mapviz_interfaces:${AMENT_PREFIX_PATH} CMAKE_PREFIX_PATH=/ros2_ws/install/mapviz:/ros2_ws/install/mapviz_interfaces:/opt/ros/humble LD_LIBRARY_PATH=/ros2_ws/install/mapviz/lib:/ros2_ws/install/mapviz_interfaces/lib:${LD_LIBRARY_PATH} PYTHONPATH=/ros2_ws/install/mapviz_interfaces/local/lib/python3.10/dist-packages:${PYTHONPATH} /usr/bin/cmake --install /ros2_ws/build/multires_image
[123.113s] -- Install configuration: ""
[123.116s] -- Execute custom install script
[123.118s] -- Symlinking: /ros2_ws/install/multires_image/lib/multires_image/multires_view_node
[123.138s] -- Symlinking: /ros2_ws/install/multires_image/lib/multires_image/mapviz_tile_loader
[123.149s] -- Symlinking: /ros2_ws/install/multires_image/share/multires_image//mapviz_plugins.xml
[123.166s] -- Symlinking: /ros2_ws/install/multires_image/share/multires_image/environment/library_path.sh
[123.182s] -- Symlinking: /ros2_ws/install/multires_image/share/multires_image/environment/library_path.dsv
[123.194s] -- Symlinking: /ros2_ws/install/multires_image/share/ament_index/resource_index/package_run_dependencies/multires_image
[123.206s] -- Symlinking: /ros2_ws/install/multires_image/share/ament_index/resource_index/parent_prefix_path/multires_image
[123.219s] -- Symlinking: /ros2_ws/install/multires_image/share/multires_image/environment/ament_prefix_path.sh
[123.231s] -- Symlinking: /ros2_ws/install/multires_image/share/multires_image/environment/ament_prefix_path.dsv
[123.246s] -- Symlinking: /ros2_ws/install/multires_image/share/multires_image/environment/path.sh
[123.262s] -- Symlinking: /ros2_ws/install/multires_image/share/multires_image/environment/path.dsv
[123.270s] -- Symlinking: /ros2_ws/install/multires_image/share/multires_image/local_setup.bash
[123.283s] -- Symlinking: /ros2_ws/install/multires_image/share/multires_image/local_setup.sh
[123.297s] -- Symlinking: /ros2_ws/install/multires_image/share/multires_image/local_setup.zsh
[123.311s] -- Symlinking: /ros2_ws/install/multires_image/share/multires_image/local_setup.dsv
[123.325s] -- Symlinking: /ros2_ws/install/multires_image/share/multires_image/package.dsv
[123.339s] -- Symlinking: /ros2_ws/install/multires_image/share/ament_index/resource_index/packages/multires_image
[123.358s] -- Symlinking: /ros2_ws/install/multires_image/share/ament_index/resource_index/mapviz__pluginlib__plugin/multires_image
[123.371s] -- Symlinking: /ros2_ws/install/multires_image/share/multires_image/cmake/ament_cmake_export_targets-extras.cmake
[123.386s] -- Symlinking: /ros2_ws/install/multires_image/share/multires_image/cmake/ament_cmake_export_dependencies-extras.cmake
[123.397s] -- Symlinking: /ros2_ws/install/multires_image/share/multires_image/cmake/ament_cmake_export_include_directories-extras.cmake
[123.414s] -- Symlinking: /ros2_ws/install/multires_image/share/multires_image/cmake/ament_cmake_export_libraries-extras.cmake
[123.423s] -- Symlinking: /ros2_ws/install/multires_image/share/multires_image/cmake/multires_imageConfig.cmake
[123.438s] -- Symlinking: /ros2_ws/install/multires_image/share/multires_image/cmake/multires_imageConfig-version.cmake
[123.449s] -- Symlinking: /ros2_ws/install/multires_image/share/multires_image/package.xml
[123.462s] -- Installing: /ros2_ws/install/multires_image/include/multires_image
[123.466s] -- Installing: /ros2_ws/install/multires_image/include/multires_image/multires_image
[123.466s] -- Installing: /ros2_ws/install/multires_image/include/multires_image/multires_image/multires_image_plugin.h
[123.466s] -- Installing: /ros2_ws/install/multires_image/include/multires_image/multires_image/tile_set_layer.h
[123.467s] -- Installing: /ros2_ws/install/multires_image/include/multires_image/multires_image/multires_view.h
[123.469s] -- Installing: /ros2_ws/install/multires_image/include/multires_image/multires_image/tile_cache.h
[123.471s] -- Installing: /ros2_ws/install/multires_image/include/multires_image/multires_image/QGLMap.h
[123.473s] -- Installing: /ros2_ws/install/multires_image/include/multires_image/multires_image/multires_view_node.h
[123.474s] -- Installing: /ros2_ws/install/multires_image/include/multires_image/multires_image/tile_set.h
[123.475s] -- Installing: /ros2_ws/install/multires_image/include/multires_image/multires_image/tile.h
[123.476s] -- Installing: /ros2_ws/install/multires_image/include/multires_image/multires_image/tile_view.h
[123.477s] -- Installing: /ros2_ws/install/multires_image/lib/libmultires_image.a
[123.481s] -- Installing: /ros2_ws/install/multires_image/lib/libmultires_widget.a
[123.484s] -- Installing: /ros2_ws/install/multires_image/lib/libmultires_image_plugin.so
[123.487s] -- Set runtime path of "/ros2_ws/install/multires_image/lib/libmultires_image_plugin.so" to ""
[123.489s] -- Installing: /ros2_ws/install/multires_image/share/multires_image/launch
[123.493s] -- Installing: /ros2_ws/install/multires_image/share/multires_image/cmake/export_multires_imageExport.cmake
[123.495s] -- Installing: /ros2_ws/install/multires_image/share/multires_image/cmake/export_multires_imageExport-noconfig.cmake
[123.502s] Invoked command in '/ros2_ws/build/multires_image' returned '0': AMENT_PREFIX_PATH=/ros2_ws/install/mapviz:/ros2_ws/install/mapviz_interfaces:${AMENT_PREFIX_PATH} CMAKE_PREFIX_PATH=/ros2_ws/install/mapviz:/ros2_ws/install/mapviz_interfaces:/opt/ros/humble LD_LIBRARY_PATH=/ros2_ws/install/mapviz/lib:/ros2_ws/install/mapviz_interfaces/lib:${LD_LIBRARY_PATH} PYTHONPATH=/ros2_ws/install/mapviz_interfaces/local/lib/python3.10/dist-packages:${PYTHONPATH} /usr/bin/cmake --install /ros2_ws/build/multires_image
